Component: Arm Compiler for Embedded 6.24 Tool: armlink [5f371500]

==============================================================================

Section Cross References

    gpio.o(.text.init_GPIO) refers to mdr32fxqi_rst_clk.o(.text.RST_CLK_PCLKcmd) for RST_CLK_PCLKcmd
    gpio.o(.text.init_GPIO) refers to mdr32fxqi_port.o(.text.PORT_StructInit) for PORT_StructInit
    gpio.o(.text.init_GPIO) refers to mdr32fxqi_port.o(.text.PORT_Init) for PORT_Init
    gpio.o(.ARM.exidx.text.init_GPIO) refers to gpio.o(.text.init_GPIO) for [Anonymous Symbol]
    gpio.o(.text.startup_animation) refers to mdr32fxqi_port.o(.text.PORT_ResetBits) for PORT_ResetBits
    gpio.o(.text.startup_animation) refers to system.o(.text.delay_ms) for delay_ms
    gpio.o(.text.startup_animation) refers to mdr32fxqi_port.o(.text.PORT_SetBits) for PORT_SetBits
    gpio.o(.ARM.exidx.text.startup_animation) refers to gpio.o(.text.startup_animation) for [Anonymous Symbol]
    gpio.o(.text.set_led_state) refers to mdr32fxqi_port.o(.text.PORT_SetBits) for PORT_SetBits
    gpio.o(.text.set_led_state) refers to mdr32fxqi_port.o(.text.PORT_ResetBits) for PORT_ResetBits
    gpio.o(.ARM.exidx.text.set_led_state) refers to gpio.o(.text.set_led_state) for [Anonymous Symbol]
    gpio.o(.text.connect_animation) refers to mdr32fxqi_port.o(.text.PORT_SetBits) for PORT_SetBits
    gpio.o(.text.connect_animation) refers to system.o(.text.delay_ms) for delay_ms
    gpio.o(.text.connect_animation) refers to mdr32fxqi_port.o(.text.PORT_ResetBits) for PORT_ResetBits
    gpio.o(.ARM.exidx.text.connect_animation) refers to gpio.o(.text.connect_animation) for [Anonymous Symbol]
    main.o(.text) refers (Special) to _printf_percent.o(.ARM.Collect$$_printf_percent$$00000000) for _printf_percent
    main.o(.text) refers (Special) to _printf_f.o(.ARM.Collect$$_printf_percent$$00000003) for _printf_f
    main.o(.text) refers (Special) to printf1.o(x$fpl$printf1) for _printf_fp_dec
    main.o(.text.main) refers (Special) to _printf_percent.o(.ARM.Collect$$_printf_percent$$00000000) for _printf_percent
    main.o(.text.main) refers (Special) to _printf_f.o(.ARM.Collect$$_printf_percent$$00000003) for _printf_f
    main.o(.text.main) refers (Special) to printf1.o(x$fpl$printf1) for _printf_fp_dec
    main.o(.text.main) refers to system.o(.text.init_CPU) for init_CPU
    main.o(.text.main) refers to system.o(.text.init_USB) for init_USB
    main.o(.text.main) refers to gpio.o(.text.init_GPIO) for init_GPIO
    main.o(.text.main) refers to uart.o(.text.init_UART) for init_UART
    main.o(.text.main) refers to max31865.o(.text.MAX31865_Init) for MAX31865_Init
    main.o(.text.main) refers to system_mdr32f9q2i.o(.data.SystemCoreClock) for SystemCoreClock
    main.o(.text.main) refers to gpio.o(.text.startup_animation) for startup_animation
    main.o(.text.main) refers to system.o(.text.send_all) for send_all
    main.o(.text.main) refers to system.o(.bss.ms_ticks) for ms_ticks
    main.o(.text.main) refers to main.o(.bss.system_ready) for system_ready
    main.o(.text.main) refers to main.o(.rodata.str1.4) for .L.str.11
    main.o(.text.main) refers to system.o(.bss.usb_data_received) for usb_data_received
    main.o(.text.main) refers to main.o(.bss.auto_temp_enabled) for auto_temp_enabled
    main.o(.text.main) refers to main.o(.bss.last_auto_read) for last_auto_read
    main.o(.text.main) refers to f2d.o(x$fpl$f2d) for __aeabi_f2d
    main.o(.text.main) refers to main.o(.rodata.str1.1) for .L.str.12
    main.o(.text.main) refers to noretval__2sprintf.o(.text) for __2sprintf
    main.o(.text.main) refers to system.o(.text.delay_ms) for delay_ms
    main.o(.text.main) refers to uart.o(.text.process_immediate_command) for process_immediate_command
    main.o(.text.main) refers to max31865.o(.text.MAX31865_ReadTemperature) for MAX31865_ReadTemperature
    main.o(.text.main) refers to fcmp.o(x$fpl$fcmp) for __aeabi_fcmpge
    main.o(.text.main) refers to uart.o(.text.show_menu) for show_menu
    main.o(.text.main) refers to system.o(.text.send_decimal) for send_decimal
    main.o(.text.main) refers to gpio.o(.text.connect_animation) for connect_animation
    main.o(.text.main) refers to system.o(.text.send_string) for send_string
    main.o(.ARM.exidx.text.main) refers (Special) to _printf_percent.o(.ARM.Collect$$_printf_percent$$00000000) for _printf_percent
    main.o(.ARM.exidx.text.main) refers (Special) to _printf_f.o(.ARM.Collect$$_printf_percent$$00000003) for _printf_f
    main.o(.ARM.exidx.text.main) refers (Special) to printf1.o(x$fpl$printf1) for _printf_fp_dec
    main.o(.ARM.exidx.text.main) refers to main.o(.text.main) for [Anonymous Symbol]
    main.o(.bss.system_ready) refers (Special) to _printf_percent.o(.ARM.Collect$$_printf_percent$$00000000) for _printf_percent
    main.o(.bss.system_ready) refers (Special) to _printf_f.o(.ARM.Collect$$_printf_percent$$00000003) for _printf_f
[...]
    .ARM.Collect$$libshutdown$$00000004      0x08000192   Section        0  libshutdown2.o(.ARM.Collect$$libshutdown$$00000004)
    .ARM.Collect$$libshutdown$$00000007      0x08000192   Section        0  libshutdown2.o(.ARM.Collect$$libshutdown$$00000007)
    .ARM.Collect$$libshutdown$$0000000A      0x08000192   Section        0  libshutdown2.o(.ARM.Collect$$libshutdown$$0000000A)
    .ARM.Collect$$libshutdown$$0000000C      0x08000192   Section        0  libshutdown2.o(.ARM.Collect$$libshutdown$$0000000C)
    .ARM.Collect$$libshutdown$$0000000F      0x08000192   Section        0  libshutdown2.o(.ARM.Collect$$libshutdown$$0000000F)
    .ARM.Collect$$libshutdown$$00000010      0x08000192   Section        2  libshutdown2.o(.ARM.Collect$$libshutdown$$00000010)
    .ARM.Collect$$rtentry$$00000000          0x08000194   Section        0  __rtentry.o(.ARM.Collect$$rtentry$$00000000)
    .ARM.Collect$$rtentry$$00000002          0x08000194   Section        0  __rtentry2.o(.ARM.Collect$$rtentry$$00000002)
    .ARM.Collect$$rtentry$$00000004          0x08000194   Section        6  __rtentry4.o(.ARM.Collect$$rtentry$$00000004)
    .ARM.Collect$$rtentry$$00000009          0x0800019a   Section        0  __rtentry2.o(.ARM.Collect$$rtentry$$00000009)
    .ARM.Collect$$rtentry$$0000000A          0x0800019a   Section        4  __rtentry2.o(.ARM.Collect$$rtentry$$0000000A)
    .ARM.Collect$$rtentry$$0000000C          0x0800019e   Section        0  __rtentry2.o(.ARM.Collect$$rtentry$$0000000C)
    .ARM.Collect$$rtentry$$0000000D          0x0800019e   Section        8  __rtentry2.o(.ARM.Collect$$rtentry$$0000000D)
    .ARM.Collect$$rtexit$$00000000           0x080001a6   Section        2  rtexit.o(.ARM.Collect$$rtexit$$00000000)
    .ARM.Collect$$rtexit$$00000002           0x080001a8   Section        0  rtexit2.o(.ARM.Collect$$rtexit$$00000002)
    .ARM.Collect$$rtexit$$00000003           0x080001a8   Section        4  rtexit2.o(.ARM.Collect$$rtexit$$00000003)
    .ARM.Collect$$rtexit$$00000004           0x080001ac   Section        6  rtexit2.o(.ARM.Collect$$rtexit$$00000004)
    .text                                    0x080001b4   Section      104  startup_mdr32f9q2i.o(.text)
    .text                                    0x0800021c   Section        0  toupper.o(.text)
    .text                                    0x0800023c   Section        0  noretval__2sprintf.o(.text)
    .text                                    0x08000264   Section        0  _printf_str.o(.text)
    .text                                    0x080002b6   Section        0  __printf_wp.o(.text)
    .text                                    0x080003c4   Section        0  heapauxi.o(.text)
    .text                                    0x080003cc   Section       16  rt_ctype_table.o(.text)
    _fp_digits                               0x080003dd   Thumb Code   432  _printf_fp_dec.o(.text)
    .text                                    0x080003dc   Section        0  _printf_fp_dec.o(.text)
    _printf_input_char                       0x080007f9   Thumb Code    10  _printf_char_common.o(.text)
    .text                                    0x080007f8   Section        0  _printf_char_common.o(.text)
    .text                                    0x08000828   Section        0  _sputc.o(.text)
    .text                                    0x08000832   Section        0  _printf_char.o(.text)
    .text                                    0x08000860   Section        8  rt_locale_intlibspace.o(.text)
    .text                                    0x08000868   Section      138  lludiv10.o(.text)
    .text                                    0x080008f4   Section        0  _printf_fp_infnan.o(.text)
    .text                                    0x08000974   Section        0  bigflt0.o(.text)
    .text                                    0x08000a58   Section        8  libspace.o(.text)
    .text                                    0x08000a60   Section       74  sys_stackheap_outer.o(.text)
    .text                                    0x08000aaa   Section        0  exit.o(.text)
    .text                                    0x08000abc   Section      128  strcmpv7m.o(.text)
    .text                                    0x08000b3c   Section        0  sys_exit.o(.text)
    .text                                    0x08000b48   Section        2  use_no_semi.o(.text)
    .text                                    0x08000b4a   Section        0  indicate_semi.o(.text)
    [Anonymous Symbol]                       0x08000b4c   Section        0  max31865.o(.text.MAX31865_Init)
    [Anonymous Symbol]                       0x08000f28   Section        0  max31865.o(.text.MAX31865_ReadRTD)
    [Anonymous Symbol]                       0x08001144   Section        0  max31865.o(.text.MAX31865_ReadTemperature)
    [Anonymous Symbol]                       0x080012e8   Section        0  mdr32fxqi_port.o(.text.PORT_Init)
    [Anonymous Symbol]                       0x08001414   Section        0  mdr32fxqi_port.o(.text.PORT_ResetBits)
    [Anonymous Symbol]                       0x08001420   Section        0  mdr32fxqi_port.o(.text.PORT_SetBits)
    [Anonymous Symbol]                       0x08001428   Section        0  mdr32fxqi_port.o(.text.PORT_StructInit)
    [Anonymous Symbol]                       0x0800143c   Section        0  mdr32fxqi_rst_clk.o(.text.RST_CLK_CPUclkPrescaler)
    [Anonymous Symbol]                       0x08001450   Section        0  mdr32fxqi_rst_clk.o(.text.RST_CLK_CPUclkSelection)
    [Anonymous Symbol]                       0x08001464   Section        0  mdr32fxqi_rst_clk.o(.text.RST_CLK_CPUclkSelectionC1)
    [Anonymous Symbol]                       0x08001478   Section        0  mdr32fxqi_rst_clk.o(.text.RST_CLK_DeInit)
    [Anonymous Symbol]                       0x08001640   Section        0  mdr32fxqi_rst_clk.o(.text.RST_CLK_GetClocksFreq)
    [Anonymous Symbol]                       0x08001754   Section        0  mdr32fxqi_rst_clk.o(.text.RST_CLK_HSEconfig)
    [Anonymous Symbol]                       0x08001778   Section        0  mdr32fxqi_rst_clk.o(.text.RST_CLK_HSEstatus)
    [Anonymous Symbol]                       0x080017a4   Section        0  mdr32fxqi_rst_clk.o(.text.RST_CLK_PCLKcmd)
    [Anonymous Symbol]                       0x080017bc   Section        0  mdr32fxqi_ssp.o(.text.SSP_BRGInit)
    [Anonymous Symbol]                       0x08001804   Section        0  mdr32fxqi_ssp.o(.text.SSP_Cmd)
    [Anonymous Symbol]                       0x0800181c   Section        0  mdr32fxqi_ssp.o(.text.SSP_DeInit)
    [Anonymous Symbol]                       0x08001830   Section        0  mdr32fxqi_ssp.o(.text.SSP_GetFlagStatus)
    [Anonymous Symbol]                       0x0800183c   Section        0  mdr32fxqi_ssp.o(.text.SSP_Init)
    [Anonymous Symbol]                       0x08001868   Section        0  mdr32fxqi_ssp.o(.text.SSP_ReceiveData)
    [Anonymous Symbol]                       0x08001870   Section        0  mdr32fxqi_ssp.o(.text.SSP_SendData)
    [Anonymous Symbol]                       0x08001874   Section        0  mdr32fxqi_ssp.o(.text.SSP_StructInit)
    [Anonymous Symbol]                       0x08001888   Section        0  system.o(.text.SysTick_Handler)
    [Anonymous Symbol]                       0x08001898   Section        0  system_mdr32f9q2i.o(.text.SystemCoreClockUpdate)
    [Anonymous Symbol]                       0x08001904   Section        0  system_mdr32f9q2i.o(.text.SystemInit)
    [Anonymous Symbol]                       0x080019a0   Section        0  mdr32fxqi_uart.o(.text.UART_BRGInit)
    [Anonymous Symbol]                       0x080019e8   Section        0  mdr32fxqi_uart.o(.text.UART_Cmd)
    [Anonymous Symbol]                       0x08001a00   Section        0  mdr32fxqi_uart.o(.text.UART_Init)
    [Anonymous Symbol]                       0x08001a84   Section        0  mdr32fxqi_uart.o(.text.UART_StructInit)
    [Anonymous Symbol]                       0x08001a98   Section        0  mdr32fxqi_usb.o(.text.USB_BRGInit)
    [Anonymous Symbol]                       0x08001ac4   Section        0  mdr32fxqi_usb_cdc.o(.text.USB_CDC_ClassRequest)
    USB_CDC_DoDataOut                        0x08001bad   Thumb Code    64  mdr32fxqi_usb_cdc.o(.text.USB_CDC_DoDataOut)
    [Anonymous Symbol]                       0x08001bac   Section        0  mdr32fxqi_usb_cdc.o(.text.USB_CDC_DoDataOut)
    [Anonymous Symbol]                       0x08001bec   Section        0  mdr32fxqi_usb_cdc.o(.text.USB_CDC_GetDescriptor)
    [Anonymous Symbol]                       0x08001c40   Section        0  system.o(.text.USB_CDC_GetLineCoding)
    [Anonymous Symbol]                       0x08001c50   Section        0  mdr32fxqi_usb_cdc.o(.text.USB_CDC_Init)
    USB_CDC_OnDataReceive                    0x08001c71   Thumb Code    60  mdr32fxqi_usb_cdc.o(.text.USB_CDC_OnDataReceive)
    [Anonymous Symbol]                       0x08001c70   Section        0  mdr32fxqi_usb_cdc.o(.text.USB_CDC_OnDataReceive)
    USB_CDC_OnDataSent                       0x08001cad   Thumb Code    16  mdr32fxqi_usb_cdc.o(.text.USB_CDC_OnDataSent)
    [Anonymous Symbol]                       0x08001cac   Section        0  mdr32fxqi_usb_cdc.o(.text.USB_CDC_OnDataSent)
    [Anonymous Symbol]                       0x08001cbc   Section        0  system.o(.text.USB_CDC_RecieveData)
    [Anonymous Symbol]                       0x08001cd0   Section        0  mdr32fxqi_usb_cdc.o(.text.USB_CDC_Reset)
    [Anonymous Symbol]                       0x08001d20   Section        0  mdr32fxqi_usb_cdc.o(.text.USB_CDC_SendData)
    [Anonymous Symbol]                       0x08001d54   Section        0  system.o(.text.USB_CDC_SetLineCoding)
    [Anonymous Symbol]                       0x08001d58   Section        0  mdr32fxqi_usb_device.o(.text.USB_DeviceClearFeature)
    [Anonymous Symbol]                       0x08001db0   Section        0  mdr32fxqi_usb_device.o(.text.USB_DeviceDoStatusOutAck)
    [Anonymous Symbol]                       0x08001df0   Section        0  mdr32fxqi_usb_device.o(.text.USB_DeviceInit)
    [Anonymous Symbol]                       0x08001e84   Section        0  mdr32fxqi_usb_device.o(.text.USB_DevicePowerOn)
    [Anonymous Symbol]                       0x08001e9c   Section        0  mdr32fxqi_usb_device.o(.text.USB_DeviceReset)
    [Anonymous Symbol]                       0x08001eac   Section        0  mdr32fxqi_usb_device.o(.text.USB_DeviceSetFeature)
    [Anonymous Symbol]                       0x08001ef8   Section        0  mdr32fxqi_usb_device.o(.text.USB_DeviceSetupPacket)
    USB_Device_setAddressWork                0x080021a9   Thumb Code    34  mdr32fxqi_usb_device.o(.text.USB_Device_setAddressWork)
    [Anonymous Symbol]                       0x080021a8   Section        0  mdr32fxqi_usb_device.o(.text.USB_Device_setAddressWork)
    [Anonymous Symbol]                       0x080021cc   Section        0  mdr32fxqi_usb_device.o(.text.USB_EP_Init)
    [Anonymous Symbol]                       0x08002204   Section        0  mdr32fxqi_usb_device.o(.text.USB_EP_dispatchEvent)
    [Anonymous Symbol]                       0x0800258c   Section        0  mdr32fxqi_usb_device.o(.text.USB_EP_doDataIn)
    [Anonymous Symbol]                       0x080025cc   Section        0  mdr32fxqi_usb_device.o(.text.USB_EP_doDataOut)
    USB_EP_sendInDataPortion                 0x08002611   Thumb Code   124  mdr32fxqi_usb_device.o(.text.USB_EP_sendInDataPortion)
    [Anonymous Symbol]                       0x08002610   Section        0  mdr32fxqi_usb_device.o(.text.USB_EP_sendInDataPortion)
    [Anonymous Symbol]                       0x0800268c   Section        0  mdr32fxqi_usb.o(.text.USB_GetSEPxCTRL)
    [Anonymous Symbol]                       0x0800269c   Section        0  mdr32fxqi_usb.o(.text.USB_GetSEPxRXFD)
    [Anonymous Symbol]                       0x080026ac   Section        0  mdr32fxqi_usb.o(.text.USB_GetSEPxRXFDC)
    [Anonymous Symbol]                       0x080026bc   Section        0  mdr32fxqi_usb.o(.text.USB_GetSEPxSTS)
    [Anonymous Symbol]                       0x080026cc   Section        0  mdr32fxqi_usb.o(.text.USB_GetSEPxTS)
    [Anonymous Symbol]                       0x080026dc   Section        0  mdr32fxqi_usb.o(.text.USB_GetSIS)
    [Anonymous Symbol]                       0x080026e8   Section        0  mdr32fxqi_usb_device.o(.text.USB_IRQHandler)
    [Anonymous Symbol]                       0x0800275c   Section        0  mdr32fxqi_usb.o(.text.USB_Reset)
    [Anonymous Symbol]                       0x08002778   Section        0  mdr32fxqi_usb.o(.text.USB_SEPxToggleEPDATASEQ)
    [Anonymous Symbol]                       0x0800278c   Section        0  mdr32fxqi_usb.o(.text.USB_SetHSCR)
    [Anonymous Symbol]                       0x080027a4   Section        0  mdr32fxqi_usb.o(.text.USB_SetSA)
    [Anonymous Symbol]                       0x080027b0   Section        0  mdr32fxqi_usb.o(.text.USB_SetSC)
    [Anonymous Symbol]                       0x080027c8   Section        0  mdr32fxqi_usb.o(.text.USB_SetSEPxCTRL)
    [Anonymous Symbol]                       0x080027e4   Section        0  mdr32fxqi_usb.o(.text.USB_SetSEPxRXFC)
    [Anonymous Symbol]                       0x080027f4   Section        0  mdr32fxqi_usb.o(.text.USB_SetSEPxTXFD)
    [Anonymous Symbol]                       0x08002804   Section        0  mdr32fxqi_usb.o(.text.USB_SetSEPxTXFDC)
    [Anonymous Symbol]                       0x08002814   Section        0  mdr32fxqi_usb.o(.text.USB_SetSIM)
    [Anonymous Symbol]                       0x0800282c   Section        0  mdr32fxqi_usb.o(.text.USB_SetSIS)
    [Anonymous Symbol]                       0x08002838   Section        0  gpio.o(.text.connect_animation)
    [Anonymous Symbol]                       0x08002868   Section        0  system.o(.text.delay_ms)
    [Anonymous Symbol]                       0x08002880   Section        0  system.o(.text.init_CPU)
    [Anonymous Symbol]                       0x080028f4   Section        0  gpio.o(.text.init_GPIO)
    [Anonymous Symbol]                       0x08002934   Section        0  uart.o(.text.init_UART)
    [Anonymous Symbol]                       0x080029a8   Section        0  system.o(.text.init_USB)
    [Anonymous Symbol]                       0x08002a58   Section        0  main.o(.text.main)
    [Anonymous Symbol]                       0x08002e48   Section        0  uart.o(.text.process_immediate_command)
    [Anonymous Symbol]                       0x0800317c   Section        0  system.o(.text.send_all)
    [Anonymous Symbol]                       0x080031f4   Section        0  system.o(.text.send_decimal)
    [Anonymous Symbol]                       0x0800325c   Section        0  system.o(.text.send_hex)
    [Anonymous Symbol]                       0x08003290   Section        0  system.o(.text.send_string)
    [Anonymous Symbol]                       0x080032b4   Section        0  gpio.o(.text.set_led_state)
    [Anonymous Symbol]                       0x080032ec   Section        0  uart.o(.text.show_menu)
    [Anonymous Symbol]                       0x080033e4   Section        0  gpio.o(.text.startup_animation)
    CL$$btod_d2e                             0x08003448   Section       62  btod.o(CL$$btod_d2e)
    CL$$btod_d2e_denorm_low                  0x08003486   Section       70  btod.o(CL$$btod_d2e_denorm_low)
    CL$$btod_d2e_norm_op1                    0x080034cc   Section       96  btod.o(CL$$btod_d2e_norm_op1)
    CL$$btod_div_common                      0x0800352c   Section      824  btod.o(CL$$btod_div_common)
    CL$$btod_e2e                             0x08003864   Section      220  btod.o(CL$$btod_e2e)
    CL$$btod_ediv                            0x08003940   Section       42  btod.o(CL$$btod_ediv)
    CL$$btod_emul                            0x0800396a   Section       42  btod.o(CL$$btod_emul)
    CL$$btod_mult_common                     0x08003994   Section      580  btod.o(CL$$btod_mult_common)
    i.__ARM_fpclassify                       0x08003bd8   Section        0  fpclassify.o(i.__ARM_fpclassify)
    i._is_digit                              0x08003c00   Section        0  __printf_wp.o(i._is_digit)
    locale$$code                             0x08003c10   Section       44  lc_ctype_c.o(locale$$code)
    locale$$code                             0x08003c3c   Section       44  lc_numeric_c.o(locale$$code)
    x$fpl$dretinf                            0x08003c68   Section       12  dretinf.o(x$fpl$dretinf)
    x$fpl$f2d                                0x08003c74   Section       86  f2d.o(x$fpl$f2d)
    x$fpl$fadd                               0x08003ccc   Section      196  faddsub_clz.o(x$fpl$fadd)
    _fadd1                                   0x08003cdb   Thumb Code     0  faddsub_clz.o(x$fpl$fadd)
    x$fpl$fcmp                               0x08003d90   Section       84  fcmp.o(x$fpl$fcmp)
    x$fpl$fcmpinf                            0x08003de4   Section       24  fcmpi.o(x$fpl$fcmpinf)
    _fdiv1                                   0x08003dfd   Thumb Code     0  fdiv.o(x$fpl$fdiv)
    x$fpl$fdiv                               0x08003dfc   Section      388  fdiv.o(x$fpl$fdiv)
    x$fpl$feqf                               0x08003f80   Section      104  feqf.o(x$fpl$feqf)
    x$fpl$ffltu                              0x08003fe8   Section       38  fflt_clz.o(x$fpl$ffltu)
    x$fpl$fgeqf                              0x08004010   Section      104  fgeqf.o(x$fpl$fgeqf)
    x$fpl$fleqf                              0x08004078   Section      104  fleqf.o(x$fpl$fleqf)
    x$fpl$fmul                               0x080040e0   Section      258  fmul.o(x$fpl$fmul)
    x$fpl$fnaninf                            0x080041e2   Section      140  fnaninf.o(x$fpl$fnaninf)
    x$fpl$fretinf                            0x0800426e   Section       10  fretinf.o(x$fpl$fretinf)
    x$fpl$fsub                               0x08004278   Section      234  faddsub_clz.o(x$fpl$fsub)
    _fsub1                                   0x08004287   Thumb Code     0  faddsub_clz.o(x$fpl$fsub)
    x$fpl$printf1                            0x08004362   Section        4  printf1.o(x$fpl$printf1)
    x$fpl$usenofp                            0x08004366   Section        0  usenofp.o(x$fpl$usenofp)
    tenpwrs_x                                0x08004368   Data          60  bigflt0.o(.constdata)
    .constdata                               0x08004368   Section      148  bigflt0.o(.constdata)
    tenpwrs_i                                0x080043a4   Data          64  bigflt0.o(.constdata)
    .L.str.9                                 0x080043fc   Data          32  main.o(.rodata.str1.1)
    [Anonymous Symbol]                       0x080043fc   Section        0  main.o(.rodata.str1.1)
    .L.str.5                                 0x0800441c   Data          33  main.o(.rodata.str1.1)
    .L.str.10                                0x0800443d   Data          47  main.o(.rodata.str1.1)
    .L.str.6                                 0x0800446c   Data          21  main.o(.rodata.str1.1)
    .L.str.8                                 0x08004481   Data          16  main.o(.rodata.str1.1)
    .L.str.12                                0x08004491   Data          18  main.o(.rodata.str1.1)
    .L.str.22                                0x080044a3   Data          54  max31865.o(.rodata.str1.1)
    [Anonymous Symbol]                       0x080044a3   Section        0  max31865.o(.rodata.str1.1)
    .L.str                                   0x080044d9   Data          28  max31865.o(.rodata.str1.1)
    .L.str.13                                0x080044f5   Data          23  max31865.o(.rodata.str1.1)
    .L.str.11                                0x0800450c   Data          42  max31865.o(.rodata.str1.1)
    .L.str.12                                0x08004536   Data          37  max31865.o(.rodata.str1.1)
    .L.str.5                                 0x0800455b   Data           3  max31865.o(.rodata.str1.1)
    .L.str.6                                 0x0800455e   Data           4  max31865.o(.rodata.str1.1)
    .L.str.10                                0x08004562   Data          21  max31865.o(.rodata.str1.1)
    .L__const.send_hex.hex                   0x08004577   Data          17  system.o(.rodata.str1.1)
    [Anonymous Symbol]                       0x08004577   Section        0  system.o(.rodata.str1.1)
    .L.str.6                                 0x08004588   Data          34  uart.o(.rodata.str1.1)
    [Anonymous Symbol]                       0x08004588   Section        0  uart.o(.rodata.str1.1)
    .L.str.18                                0x080045aa   Data          44  uart.o(.rodata.str1.1)
    .L.str.1                                 0x080045d6   Data          44  uart.o(.rodata.str1.1)
    .L.str.15                                0x08004602   Data          19  uart.o(.rodata.str1.1)
    .L.str.28                                0x08004615   Data          38  uart.o(.rodata.str1.1)
    .L.str.2                                 0x0800463b   Data          12  uart.o(.rodata.str1.1)
    .L.str.19                                0x08004647   Data          34  uart.o(.rodata.str1.1)
    .L.str.21                                0x08004669   Data          18  uart.o(.rodata.str1.1)
    .L.str.5                                 0x0800467b   Data          33  uart.o(.rodata.str1.1)
    .L.str.14                                0x08004696   Data           6  uart.o(.rodata.str1.1)
    .L.str.10                                0x0800469c   Data          82  uart.o(.rodata.str1.1)
    .L.str.4                                 0x080046ee   Data          29  uart.o(.rodata.str1.1)
    .L.str                                   0x08004708   Data           3  uart.o(.rodata.str1.1)
    .L.str.7                                 0x08004708   Data           3  uart.o(.rodata.str1.1)
    .L.str.13                                0x0800470b   Data          24  uart.o(.rodata.str1.1)
    .L.str.12                                0x08004723   Data           4  uart.o(.rodata.str1.1)
    .L.str.11                                0x08004727   Data           3  uart.o(.rodata.str1.1)
    .L.str.16                                0x0800472c   Data          27  main.o(.rodata.str1.4)
    .L.str.7                                 0x0800472c   Data          27  main.o(.rodata.str1.4)
    [Anonymous Symbol]                       0x0800472c   Section        0  main.o(.rodata.str1.4)
    .L.str.11                                0x08004748   Data          17  main.o(.rodata.str1.4)
    locale$$data                             0x0800477c   Section      272  lc_ctype_c.o(locale$$data)
    __lcctype_c_name                         0x08004780   Data           2  lc_ctype_c.o(locale$$data)
    __lcctype_c_start                        0x08004788   Data           0  lc_ctype_c.o(locale$$data)
    __lcctype_c_end                          0x0800488c   Data           0  lc_ctype_c.o(locale$$data)
    locale$$data                             0x0800488c   Section       28  lc_numeric_c.o(locale$$data)
    __lcnum_c_name                           0x08004890   Data           2  lc_numeric_c.o(locale$$data)
    __lcnum_c_start                          0x08004898   Data           0  lc_numeric_c.o(locale$$data)
    __lcnum_c_point                          0x080048a4   Data           0  lc_numeric_c.o(locale$$data)
    __lcnum_c_thousands                      0x080048a6   Data           0  lc_numeric_c.o(locale$$data)
    __lcnum_c_grouping                       0x080048a7   Data           0  lc_numeric_c.o(locale$$data)
    __lcnum_c_end                            0x080048a8   Data           0  lc_numeric_c.o(locale$$data)
    Usb_CDC_Configuration_Descriptor         0x20000004   Data          67  mdr32fxqi_usb_cdc.o(.data.Usb_CDC_Configuration_Descriptor)
    [Anonymous Symbol]                       0x20000004   Section        0  mdr32fxqi_usb_cdc.o(.data.Usb_CDC_Configuration_Descriptor)
    Usb_CDC_Device_Descriptor                0x20000047   Data          18  mdr32fxqi_usb_cdc.o(.data.Usb_CDC_Device_Descriptor)
    [Anonymous Symbol]                       0x20000047   Section        0  mdr32fxqi_usb_cdc.o(.data.Usb_CDC_Device_Descriptor)
    .bss                                     0x20000060   Section       96  libspace.o(.bss)
    CDC_ClassPacketData                      0x200000c0   Data           8  mdr32fxqi_usb_cdc.o(.bss.CDC_ClassPacketData)
    [Anonymous Symbol]                       0x200000c0   Section        0  mdr32fxqi_usb_cdc.o(.bss.CDC_ClassPacketData)
    SetupPacketData                          0x200000c8   Data           2  mdr32fxqi_usb_device.o(.bss.SetupPacketData)
    [Anonymous Symbol]                       0x200000c8   Section        0  mdr32fxqi_usb_device.o(.bss.SetupPacketData)
    USB_CDCContext                           0x200000cc   Data          12  mdr32fxqi_usb_cdc.o(.bss.USB_CDCContext)
    [Anonymous Symbol]                       0x200000cc   Section        0  mdr32fxqi_usb_cdc.o(.bss.USB_CDCContext)
    USB_DeviceDispatchEvent.bHandling        0x200000ec   Data           4  mdr32fxqi_usb_device.o(.bss.USB_DeviceDispatchEvent.bHandling)
    [Anonymous Symbol]                       0x200000ec   Section        0  mdr32fxqi_usb_device.o(.bss.USB_DeviceDispatchEvent.bHandling)
    init_USB.usb_rx_buffer                   0x200001a1   Data          64  system.o(.bss.init_USB.usb_rx_buffer)
    [Anonymous Symbol]                       0x200001a1   Section        0  system.o(.bss.init_USB.usb_rx_buffer)
    Heap_Mem                                 0x200001f8   Data         512  startup_mdr32f9q2i.o(HEAP)
    HEAP                                     0x200001f8   Section      512  startup_mdr32f9q2i.o(HEAP)
    Stack_Mem                                0x200003f8   Data        1024  startup_mdr32f9q2i.o(STACK)
    STACK                                    0x200003f8   Section     1024  startup_mdr32f9q2i.o(STACK)
    __initial_sp                             0x200007f8   Data           0  startup_mdr32f9q2i.o(STACK)

    Global Symbols

    Symbol Name                              Value     Ov Type        Size  Object(Section)

    BuildAttributes$$THM_ISAv4$P$D$K$B$S$PE$A:L22UL41UL21$X:L11$S22US41US21$IEEE1$IW$~IW$USESV6$~STKCKD$USESV7$~SHL$OTIME$ROPI$IEEEJ$EBA8$UX$STANDARDLIB$REQ8$PRES8$EABIv2 0x00000000   Number         0  anon$$obj.o ABSOLUTE
    __fp_init_empty                          0x00000000   Number         0  fpinit_empty.o ABSOLUTE
    _printf_flags                            0x00000000   Number         0  printf_stubs.o ABSOLUTE
    _printf_return_value                     0x00000000   Number         0  printf_stubs.o ABSOLUTE
    _printf_sizespec                         0x00000000   Number         0  printf_stubs.o ABSOLUTE
    _printf_widthprec                        0x00000000   Number         0  printf_stubs.o ABSOLUTE
    __ARM_exceptions_init                     - Undefined Weak Reference
    __alloca_initialize                       - Undefined Weak Reference
    __arm_preinit_                            - Undefined Weak Reference
    __arm_relocate_pie_                       - Undefined Weak Reference
    __cpp_initialize__aeabi_                  - Undefined Weak Reference
    __cxa_finalize                            - Undefined Weak Reference
    __sigvec_lookup                           - Undefined Weak Reference
    _atexit_init                              - Undefined Weak Reference
    _call_atexit_fns                          - Undefined Weak Reference
    _clock_init                               - Undefined Weak Reference
    _fp_trap_init                             - Undefined Weak Reference
    _fp_trap_shutdown                         - Undefined Weak Reference
    _get_lc_collate                           - Undefined Weak Reference
    _get_lc_monetary                          - Undefined Weak Reference
    _get_lc_time                              - Undefined Weak Reference
    _getenv_init                              - Undefined Weak Reference
    _handle_redirection                       - Undefined Weak Reference
    _init_alloc                               - Undefined Weak Reference
    _init_user_alloc                          - Undefined Weak Reference
    _initio                                   - Undefined Weak Reference
    _printf_mbtowc                            - Undefined Weak Reference
    _printf_post_padding                      - Undefined Weak Reference
    _printf_pre_padding                       - Undefined Weak Reference
    _rand_init                                - Undefined Weak Reference
    _signal_finish                            - Undefined Weak Reference
    _signal_init                              - Undefined Weak Reference
    _terminate_alloc                          - Undefined Weak Reference
    _terminate_user_alloc                     - Undefined Weak Reference
    _terminateio                              - Undefined Weak Reference
    __Vectors_Size                           0x000000c0   Number         0  startup_mdr32f9q2i.o ABSOLUTE
    __Vectors                                0x08000000   Data           4  startup_mdr32f9q2i.o(RESET)
    __Vectors_End                            0x080000c0   Data           0  startup_mdr32f9q2i.o(RESET)
    __main                                   0x080000c1   Thumb Code     8  __main.o(!!!main)
    __scatterload                            0x080000c9   Thumb Code     0  __scatter.o(!!!scatter)
    __scatterload_rt2                        0x080000c9   Thumb Code    84  __scatter.o(!!!scatter)
    __scatterload_rt2_thumb_only             0x080000c9   Thumb Code     0  __scatter.o(!!!scatter)
    __scatterload_loop                       0x080000d3   Thumb Code     0  __scatter.o(!!!scatter)
    __scatterload_copy                       0x08000125   Thumb Code    26  __scatter_copy.o(!!handler_copy)
    __scatterload_null                       0x08000141   Thumb Code     2  __scatter.o(!!handler_null)
    __scatterload_zeroinit                   0x08000145   Thumb Code    28  __scatter_zi.o(!!handler_zi)
    _printf_f                                0x08000161   Thumb Code     0  _printf_f.o(.ARM.Collect$$_printf_percent$$00000003)
    _printf_percent                          0x08000161   Thumb Code     0  _printf_percent.o(.ARM.Collect$$_printf_percent$$00000000)
    _printf_s                                0x08000167   Thumb Code     0  _printf_s.o(.ARM.Collect$$_printf_percent$$00000014)
    _printf_percent_end                      0x0800016d   Thumb Code     0  _printf_percent_end.o(.ARM.Collect$$_printf_percent$$00000017)
    __rt_lib_init                            0x08000171   Thumb Code     0  libinit.o(.ARM.Collect$$libinit$$00000000)
    __rt_lib_init_fp_1                       0x08000173   Thumb Code     0  libinit2.o(.ARM.Collect$$libinit$$00000002)
    __rt_lib_init_heap_1                     0x08000173   Thumb Code     0  libinit2.o(.ARM.Collect$$libinit$$0000000C)
    __rt_lib_init_lc_common                  0x08000173   Thumb Code     0  libinit2.o(.ARM.Collect$$libinit$$00000011)
    __rt_lib_init_preinit_1                  0x08000173   Thumb Code     0  libinit2.o(.ARM.Collect$$libinit$$00000006)
    __rt_lib_init_rand_1                     0x08000173   Thumb Code     0  libinit2.o(.ARM.Collect$$libinit$$00000010)
    __rt_lib_init_relocate_pie_1             0x08000173   Thumb Code     0  libinit2.o(.ARM.Collect$$libinit$$00000004)
    __rt_lib_init_user_alloc_1               0x08000173   Thumb Code     0  libinit2.o(.ARM.Collect$$libinit$$0000000E)
    __rt_lib_init_lc_collate_1               0x08000179   Thumb Code     0  libinit2.o(.ARM.Collect$$libinit$$00000013)
    __rt_lib_init_lc_ctype_2                 0x08000179   Thumb Code     0  libinit2.o(.ARM.Collect$$libinit$$00000014)
    __rt_lib_init_lc_ctype_1                 0x08000185   Thumb Code     0  libinit2.o(.ARM.Collect$$libinit$$00000015)
    __rt_lib_init_lc_monetary_1              0x08000185   Thumb Code     0  libinit2.o(.ARM.Collect$$libinit$$00000017)
    __rt_lib_init_lc_numeric_2               0x08000185   Thumb Code     0  libinit2.o(.ARM.Collect$$libinit$$00000018)
    __rt_lib_init_alloca_1                   0x0800018f   Thumb Code     0  libinit2.o(.ARM.Collect$$libinit$$00000030)
    __rt_lib_init_argv_1                     0x0800018f   Thumb Code     0  libinit2.o(.ARM.Collect$$libinit$$0000002E)
    __rt_lib_init_atexit_1                   0x0800018f   Thumb Code     0  libinit2.o(.ARM.Collect$$libinit$$0000001D)
    __rt_lib_init_clock_1                    0x0800018f   Thumb Code     0  libinit2.o(.ARM.Collect$$libinit$$00000023)
    __rt_lib_init_cpp_1                      0x0800018f   Thumb Code     0  libinit2.o(.ARM.Collect$$libinit$$00000034)
    __rt_lib_init_exceptions_1               0x0800018f   Thumb Code     0  libinit2.o(.ARM.Collect$$libinit$$00000032)
    __rt_lib_init_fp_trap_1                  0x0800018f   Thumb Code     0  libinit2.o(.ARM.Collect$$libinit$$00000021)
    __rt_lib_init_getenv_1                   0x0800018f   Thumb Code     0  libinit2.o(.ARM.Collect$$libinit$$00000025)
    __rt_lib_init_lc_numeric_1               0x0800018f   Thumb Code     0  libinit2.o(.ARM.Collect$$libinit$$00000019)
    __rt_lib_init_lc_time_1                  0x0800018f   Thumb Code     0  libinit2.o(.ARM.Collect$$libinit$$0000001B)
    __rt_lib_init_return                     0x0800018f   Thumb Code     0  libinit2.o(.ARM.Collect$$libinit$$00000035)
    __rt_lib_init_signal_1                   0x0800018f   Thumb Code     0  libinit2.o(.ARM.Collect$$libinit$$0000001F)
    __rt_lib_init_stdio_1                    0x0800018f   Thumb Code     0  libinit2.o(.ARM.Collect$$libinit$$00000027)
    __rt_lib_shutdown                        0x08000191   Thumb Code     0  libshutdown.o(.ARM.Collect$$libshutdown$$00000000)
    __rt_lib_shutdown_cpp_1                  0x08000193   Thumb Code     0  libshutdown2.o(.ARM.Collect$$libshutdown$$00000002)
    __rt_lib_shutdown_fp_trap_1              0x08000193   Thumb Code     0  libshutdown2.o(.ARM.Collect$$libshutdown$$00000007)
    __rt_lib_shutdown_heap_1                 0x08000193   Thumb Code     0  libshutdown2.o(.ARM.Collect$$libshutdown$$0000000F)
    __rt_lib_shutdown_return                 0x08000193   Thumb Code     0  libshutdown2.o(.ARM.Collect$$libshutdown$$00000010)
    __rt_lib_shutdown_signal_1               0x08000193   Thumb Code     0  libshutdown2.o(.ARM.Collect$$libshutdown$$0000000A)
    __rt_lib_shutdown_stdio_1                0x08000193   Thumb Code     0  libshutdown2.o(.ARM.Collect$$libshutdown$$00000004)
    __rt_lib_shutdown_user_alloc_1           0x08000193   Thumb Code     0  libshutdown2.o(.ARM.Collect$$libshutdown$$0000000C)
    __rt_entry                               0x08000195   Thumb Code     0  __rtentry.o(.ARM.Collect$$rtentry$$00000000)
    __rt_entry_presh_1                       0x08000195   Thumb Code     0  __rtentry2.o(.ARM.Collect$$rtentry$$00000002)
    __rt_entry_sh                            0x08000195   Thumb Code     0  __rtentry4.o(.ARM.Collect$$rtentry$$00000004)
    __rt_entry_li                            0x0800019b   Thumb Code     0  __rtentry2.o(.ARM.Collect$$rtentry$$0000000A)
    __rt_entry_postsh_1                      0x0800019b   Thumb Code     0  __rtentry2.o(.ARM.Collect$$rtentry$$00000009)
    __rt_entry_main                          0x0800019f   Thumb Code     0  __rtentry2.o(.ARM.Collect$$rtentry$$0000000D)
    __rt_entry_postli_1                      0x0800019f   Thumb Code     0  __rtentry2.o(.ARM.Collect$$rtentry$$0000000C)
    __rt_exit                                0x080001a7   Thumb Code     0  rtexit.o(.ARM.Collect$$rtexit$$00000000)
    __rt_exit_ls                             0x080001a9   Thumb Code     0  rtexit2.o(.ARM.Collect$$rtexit$$00000003)
    __rt_exit_prels_1                        0x080001a9   Thumb Code     0  rtexit2.o(.ARM.Collect$$rtexit$$00000002)
    __rt_exit_exit                           0x080001ad   Thumb Code     0  rtexit2.o(.ARM.Collect$$rtexit$$00000004)
    Reset_Handler                            0x080001b5   Thumb Code     8  startup_mdr32f9q2i.o(.text)
    NMI_Handler                              0x080001bd   Thumb Code     2  startup_mdr32f9q2i.o(.text)
    HardFault_Handler                        0x080001bf   Thumb Code     2  startup_mdr32f9q2i.o(.text)
    MemManage_Handler                        0x080001c1   Thumb Code     2  startup_mdr32f9q2i.o(.text)
    BusFault_Handler                         0x080001c3   Thumb Code     2  startup_mdr32f9q2i.o(.text)
    UsageFault_Handler                       0x080001c5   Thumb Code     2  startup_mdr32f9q2i.o(.text)
    SVC_Handler                              0x080001c7   Thumb Code     2  startup_mdr32f9q2i.o(.text)
    DebugMon_Handler                         0x080001c9   Thumb Code     2  startup_mdr32f9q2i.o(.text)
    PendSV_Handler                           0x080001cb   Thumb Code     2  startup_mdr32f9q2i.o(.text)
    CAN1_IRQHandler                          0x080001cf   Thumb Code     2  startup_mdr32f9q2i.o(.text)
    CAN2_IRQHandler                          0x080001d1   Thumb Code     2  startup_mdr32f9q2i.o(.text)
    DMA_IRQHandler                           0x080001d5   Thumb Code     2  startup_mdr32f9q2i.o(.text)
    UART1_IRQHandler                         0x080001d7   Thumb Code     2  startup_mdr32f9q2i.o(.text)
    UART2_IRQHandler                         0x080001d9   Thumb Code     2  startup_mdr32f9q2i.o(.text)
    SSP1_IRQHandler                          0x080001db   Thumb Code     2  startup_mdr32f9q2i.o(.text)
    I2C_IRQHandler                           0x080001dd   Thumb Code     2  startup_mdr32f9q2i.o(.text)
    POWER_IRQHandler                         0x080001df   Thumb Code     2  startup_mdr32f9q2i.o(.text)
    WWDG_IRQHandler                          0x080001e1   Thumb Code     2  startup_mdr32f9q2i.o(.text)
    Timer1_IRQHandler                        0x080001e3   Thumb Code     2  startup_mdr32f9q2i.o(.text)
    Timer2_IRQHandler                        0x080001e5   Thumb Code     2  startup_mdr32f9q2i.o(.text)
    Timer3_IRQHandler                        0x080001e7   Thumb Code     2  startup_mdr32f9q2i.o(.text)
    ADC_IRQHandler                           0x080001e9   Thumb Code     2  startup_mdr32f9q2i.o(.text)
    COMPARATOR_IRQHandler                    0x080001eb   Thumb Code     2  startup_mdr32f9q2i.o(.text)
    SSP2_IRQHandler                          0x080001ed   Thumb Code     2  startup_mdr32f9q2i.o(.text)
    BACKUP_IRQHandler                        0x080001ef   Thumb Code     2  startup_mdr32f9q2i.o(.text)
    EXT_INT1_IRQHandler                      0x080001f1   Thumb Code     2  startup_mdr32f9q2i.o(.text)
    EXT_INT2_IRQHandler                      0x080001f3   Thumb Code     2  startup_mdr32f9q2i.o(.text)
    EXT_INT3_IRQHandler                      0x080001f5   Thumb Code     2  startup_mdr32f9q2i.o(.text)
    EXT_INT4_IRQHandler                      0x080001f7   Thumb Code     2  startup_mdr32f9q2i.o(.text)
    __user_initial_stackheap                 0x080001f9   Thumb Code     0  startup_mdr32f9q2i.o(.text)
    toupper                                  0x0800021d   Thumb Code    30  toupper.o(.text)
    __2sprintf                               0x0800023d   Thumb Code    34  noretval__2sprintf.o(.text)
    _printf_str                              0x08000265   Thumb Code    82  _printf_str.o(.text)
    __printf                                 0x080002b7   Thumb Code   270  __printf_wp.o(.text)
    __use_two_region_memory                  0x080003c5   Thumb Code     2  heapauxi.o(.text)
    __rt_heap_escrow$2region                 0x080003c7   Thumb Code     2  heapauxi.o(.text)
    __rt_heap_expand$2region                 0x080003c9   Thumb Code     2  heapauxi.o(.text)
    __rt_ctype_table                         0x080003cd   Thumb Code    16  rt_ctype_table.o(.text)
    _printf_fp_dec_real                      0x0800058d   Thumb Code   620  _printf_fp_dec.o(.text)
    _printf_char_common                      0x08000803   Thumb Code    32  _printf_char_common.o(.text)
    _sputc                                   0x08000829   Thumb Code    10  _sputc.o(.text)
    _printf_cs_common                        0x08000833   Thumb Code    20  _printf_char.o(.text)
    _printf_char                             0x08000847   Thumb Code    16  _printf_char.o(.text)
    _printf_string                           0x08000857   Thumb Code     8  _printf_char.o(.text)
    __rt_locale                              0x08000861   Thumb Code     8  rt_locale_intlibspace.o(.text)
    _ll_udiv10                               0x08000869   Thumb Code   138  lludiv10.o(.text)
    _printf_fp_infnan                        0x080008f5   Thumb Code   112  _printf_fp_infnan.o(.text)
    _btod_etento                             0x08000975   Thumb Code   224  bigflt0.o(.text)
    __user_libspace                          0x08000a59   Thumb Code     8  libspace.o(.text)
    __user_perproc_libspace                  0x08000a59   Thumb Code     0  libspace.o(.text)
    __user_perthread_libspace                0x08000a59   Thumb Code     0  libspace.o(.text)
    __user_setup_stackheap                   0x08000a61   Thumb Code    74  sys_stackheap_outer.o(.text)
    exit                                     0x08000aab   Thumb Code    18  exit.o(.text)
    strcmp                                   0x08000abd   Thumb Code   128  strcmpv7m.o(.text)
    _sys_exit                                0x08000b3d   Thumb Code     8  sys_exit.o(.text)
    __I$use$semihosting                      0x08000b49   Thumb Code     0  use_no_semi.o(.text)
    __use_no_semihosting_swi                 0x08000b49   Thumb Code     2  use_no_semi.o(.text)
    __semihosting_library_function           0x08000b4b   Thumb Code     0  indicate_semi.o(.text)
    MAX31865_Init                            0x08000b4d   Thumb Code   852  max31865.o(.text.MAX31865_Init)
    MAX31865_ReadRTD                         0x08000f29   Thumb Code   508  max31865.o(.text.MAX31865_ReadRTD)
    MAX31865_ReadTemperature                 0x08001145   Thumb Code   280  max31865.o(.text.MAX31865_ReadTemperature)
    PORT_Init                                0x080012e9   Thumb Code   298  mdr32fxqi_port.o(.text.PORT_Init)
    PORT_ResetBits                           0x08001415   Thumb Code    10  mdr32fxqi_port.o(.text.PORT_ResetBits)
    PORT_SetBits                             0x08001421   Thumb Code     8  mdr32fxqi_port.o(.text.PORT_SetBits)
    PORT_StructInit                          0x08001429   Thumb Code    20  mdr32fxqi_port.o(.text.PORT_StructInit)
    RST_CLK_CPUclkPrescaler                  0x0800143d   Thumb Code    20  mdr32fxqi_rst_clk.o(.text.RST_CLK_CPUclkPrescaler)
    RST_CLK_CPUclkSelection                  0x08001451   Thumb Code    18  mdr32fxqi_rst_clk.o(.text.RST_CLK_CPUclkSelection)
    RST_CLK_CPUclkSelectionC1                0x08001465   Thumb Code    18  mdr32fxqi_rst_clk.o(.text.RST_CLK_CPUclkSelectionC1)
    RST_CLK_DeInit                           0x08001479   Thumb Code   454  mdr32fxqi_rst_clk.o(.text.RST_CLK_DeInit)
    RST_CLK_GetClocksFreq                    0x08001641   Thumb Code   274  mdr32fxqi_rst_clk.o(.text.RST_CLK_GetClocksFreq)
    RST_CLK_HSEconfig                        0x08001755   Thumb Code    34  mdr32fxqi_rst_clk.o(.text.RST_CLK_HSEconfig)
    RST_CLK_HSEstatus                        0x08001779   Thumb Code    44  mdr32fxqi_rst_clk.o(.text.RST_CLK_HSEstatus)
    RST_CLK_PCLKcmd                          0x080017a5   Thumb Code    24  mdr32fxqi_rst_clk.o(.text.RST_CLK_PCLKcmd)
    SSP_BRGInit                              0x080017bd   Thumb Code    70  mdr32fxqi_ssp.o(.text.SSP_BRGInit)
    SSP_Cmd                                  0x08001805   Thumb Code    22  mdr32fxqi_ssp.o(.text.SSP_Cmd)
    SSP_DeInit                               0x0800181d   Thumb Code    18  mdr32fxqi_ssp.o(.text.SSP_DeInit)
    SSP_GetFlagStatus                        0x08001831   Thumb Code    10  mdr32fxqi_ssp.o(.text.SSP_GetFlagStatus)
    SSP_Init                                 0x0800183d   Thumb Code    42  mdr32fxqi_ssp.o(.text.SSP_Init)
    SSP_ReceiveData                          0x08001869   Thumb Code     6  mdr32fxqi_ssp.o(.text.SSP_ReceiveData)
    SSP_SendData                             0x08001871   Thumb Code     4  mdr32fxqi_ssp.o(.text.SSP_SendData)
    SSP_StructInit                           0x08001875   Thumb Code    18  mdr32fxqi_ssp.o(.text.SSP_StructInit)
    SysTick_Handler                          0x08001889   Thumb Code    16  system.o(.text.SysTick_Handler)
    SystemCoreClockUpdate                    0x08001899   Thumb Code   108  system_mdr32f9q2i.o(.text.SystemCoreClockUpdate)
    SystemInit                               0x08001905   Thumb Code   156  system_mdr32f9q2i.o(.text.SystemInit)
    UART_BRGInit                             0x080019a1   Thumb Code    72  mdr32fxqi_uart.o(.text.UART_BRGInit)
    UART_Cmd                                 0x080019e9   Thumb Code    22  mdr32fxqi_uart.o(.text.UART_Cmd)
    UART_Init                                0x08001a01   Thumb Code   130  mdr32fxqi_uart.o(.text.UART_Init)
    UART_StructInit                          0x08001a85   Thumb Code    20  mdr32fxqi_uart.o(.text.UART_StructInit)
    USB_BRGInit                              0x08001a99   Thumb Code    42  mdr32fxqi_usb.o(.text.USB_BRGInit)
    USB_CDC_ClassRequest                     0x08001ac5   Thumb Code   232  mdr32fxqi_usb_cdc.o(.text.USB_CDC_ClassRequest)
    USB_CDC_GetDescriptor                    0x08001bed   Thumb Code    82  mdr32fxqi_usb_cdc.o(.text.USB_CDC_GetDescriptor)
    USB_CDC_GetLineCoding                    0x08001c41   Thumb Code    16  system.o(.text.USB_CDC_GetLineCoding)
    USB_CDC_Init                             0x08001c51   Thumb Code    30  mdr32fxqi_usb_cdc.o(.text.USB_CDC_Init)
    USB_CDC_RecieveData                      0x08001cbd   Thumb Code    18  system.o(.text.USB_CDC_RecieveData)
    USB_CDC_Reset                            0x08001cd1   Thumb Code    80  mdr32fxqi_usb_cdc.o(.text.USB_CDC_Reset)
    USB_CDC_SendData                         0x08001d21   Thumb Code    52  mdr32fxqi_usb_cdc.o(.text.USB_CDC_SendData)
    USB_CDC_SetLineCoding                    0x08001d55   Thumb Code     4  system.o(.text.USB_CDC_SetLineCoding)
    USB_DeviceClearFeature                   0x08001d59   Thumb Code    86  mdr32fxqi_usb_device.o(.text.USB_DeviceClearFeature)
    USB_DeviceDoStatusOutAck                 0x08001db1   Thumb Code    62  mdr32fxqi_usb_device.o(.text.USB_DeviceDoStatusOutAck)
    USB_DeviceInit                           0x08001df1   Thumb Code   148  mdr32fxqi_usb_device.o(.text.USB_DeviceInit)
    USB_DevicePowerOn                        0x08001e85   Thumb Code    24  mdr32fxqi_usb_device.o(.text.USB_DevicePowerOn)
    USB_DeviceReset                          0x08001e9d   Thumb Code    16  mdr32fxqi_usb_device.o(.text.USB_DeviceReset)
    USB_DeviceSetFeature                     0x08001ead   Thumb Code    74  mdr32fxqi_usb_device.o(.text.USB_DeviceSetFeature)
    USB_DeviceSetupPacket                    0x08001ef9   Thumb Code   686  mdr32fxqi_usb_device.o(.text.USB_DeviceSetupPacket)
    USB_EP_Init                              0x080021cd   Thumb Code    56  mdr32fxqi_usb_device.o(.text.USB_EP_Init)
    USB_EP_dispatchEvent                     0x08002205   Thumb Code   904  mdr32fxqi_usb_device.o(.text.USB_EP_dispatchEvent)
    USB_EP_doDataIn                          0x0800258d   Thumb Code    62  mdr32fxqi_usb_device.o(.text.USB_EP_doDataIn)
    USB_EP_doDataOut                         0x080025cd   Thumb Code    66  mdr32fxqi_usb_device.o(.text.USB_EP_doDataOut)
    USB_GetSEPxCTRL                          0x0800268d   Thumb Code    14  mdr32fxqi_usb.o(.text.USB_GetSEPxCTRL)
    USB_GetSEPxRXFD                          0x0800269d   Thumb Code    14  mdr32fxqi_usb.o(.text.USB_GetSEPxRXFD)
    USB_GetSEPxRXFDC                         0x080026ad   Thumb Code    14  mdr32fxqi_usb.o(.text.USB_GetSEPxRXFDC)
    USB_GetSEPxSTS                           0x080026bd   Thumb Code    14  mdr32fxqi_usb.o(.text.USB_GetSEPxSTS)
    USB_GetSEPxTS                            0x080026cd   Thumb Code    14  mdr32fxqi_usb.o(.text.USB_GetSEPxTS)
    USB_GetSIS                               0x080026dd   Thumb Code    12  mdr32fxqi_usb.o(.text.USB_GetSIS)
    USB_IRQHandler                           0x080026e9   Thumb Code   114  mdr32fxqi_usb_device.o(.text.USB_IRQHandler)
    USB_Reset                                0x0800275d   Thumb Code    26  mdr32fxqi_usb.o(.text.USB_Reset)
    USB_SEPxToggleEPDATASEQ                  0x08002779   Thumb Code    20  mdr32fxqi_usb.o(.text.USB_SEPxToggleEPDATASEQ)
    USB_SetHSCR                              0x0800278d   Thumb Code    22  mdr32fxqi_usb.o(.text.USB_SetHSCR)
    USB_SetSA                                0x080027a5   Thumb Code    12  mdr32fxqi_usb.o(.text.USB_SetSA)
    USB_SetSC                                0x080027b1   Thumb Code    22  mdr32fxqi_usb.o(.text.USB_SetSC)
    USB_SetSEPxCTRL                          0x080027c9   Thumb Code    28  mdr32fxqi_usb.o(.text.USB_SetSEPxCTRL)
    USB_SetSEPxRXFC                          0x080027e5   Thumb Code    14  mdr32fxqi_usb.o(.text.USB_SetSEPxRXFC)
    USB_SetSEPxTXFD                          0x080027f5   Thumb Code    14  mdr32fxqi_usb.o(.text.USB_SetSEPxTXFD)
    USB_SetSEPxTXFDC                         0x08002805   Thumb Code    14  mdr32fxqi_usb.o(.text.USB_SetSEPxTXFDC)
    USB_SetSIM                               0x08002815   Thumb Code    22  mdr32fxqi_usb.o(.text.USB_SetSIM)
    USB_SetSIS                               0x0800282d   Thumb Code    12  mdr32fxqi_usb.o(.text.USB_SetSIS)
    connect_animation                        0x08002839   Thumb Code    46  gpio.o(.text.connect_animation)
    delay_ms                                 0x08002869   Thumb Code    22  system.o(.text.delay_ms)
    init_CPU                                 0x08002881   Thumb Code   114  system.o(.text.init_CPU)
    init_GPIO                                0x080028f5   Thumb Code    62  gpio.o(.text.init_GPIO)
    init_UART                                0x08002935   Thumb Code   116  uart.o(.text.init_UART)
    init_USB                                 0x080029a9   Thumb Code   176  system.o(.text.init_USB)
    main                                     0x08002a59   Thumb Code   868  main.o(.text.main)
    process_immediate_command                0x08002e49   Thumb Code   664  uart.o(.text.process_immediate_command)
    send_all                                 0x0800317d   Thumb Code   118  system.o(.text.send_all)
    send_decimal                             0x080031f5   Thumb Code   102  system.o(.text.send_decimal)
    send_hex                                 0x0800325d   Thumb Code    50  system.o(.text.send_hex)
    send_string                              0x08003291   Thumb Code    34  system.o(.text.send_string)
    set_led_state                            0x080032b5   Thumb Code    40  gpio.o(.text.set_led_state)
    show_menu                                0x080032ed   Thumb Code   112  uart.o(.text.show_menu)
    startup_animation                        0x080033e5   Thumb Code   100  gpio.o(.text.startup_animation)
    _btod_d2e                                0x08003449   Thumb Code    62  btod.o(CL$$btod_d2e)
    _d2e_denorm_low                          0x08003487   Thumb Code    70  btod.o(CL$$btod_d2e_denorm_low)
    _d2e_norm_op1                            0x080034cd   Thumb Code    96  btod.o(CL$$btod_d2e_norm_op1)
    __btod_div_common                        0x0800352d   Thumb Code   696  btod.o(CL$$btod_div_common)
    _e2e                                     0x08003865   Thumb Code   220  btod.o(CL$$btod_e2e)
    _btod_ediv                               0x08003941   Thumb Code    42  btod.o(CL$$btod_ediv)
    _btod_emul                               0x0800396b   Thumb Code    42  btod.o(CL$$btod_emul)
    __btod_mult_common                       0x08003995   Thumb Code   580  btod.o(CL$$btod_mult_common)
    __ARM_fpclassify                         0x08003bd9   Thumb Code    40  fpclassify.o(i.__ARM_fpclassify)
    _is_digit                                0x08003c01   Thumb Code    14  __printf_wp.o(i._is_digit)
    _get_lc_ctype                            0x08003c11   Thumb Code    44  lc_ctype_c.o(locale$$code)
    _get_lc_numeric                          0x08003c3d   Thumb Code    44  lc_numeric_c.o(locale$$code)
    __fpl_dretinf                            0x08003c69   Thumb Code    12  dretinf.o(x$fpl$dretinf)
    __aeabi_f2d                              0x08003c75   Thumb Code     0  f2d.o(x$fpl$f2d)
    _f2d                                     0x08003c75   Thumb Code    86  f2d.o(x$fpl$f2d)
    __aeabi_fadd                             0x08003ccd   Thumb Code     0  faddsub_clz.o(x$fpl$fadd)
    _fadd                                    0x08003ccd   Thumb Code   196  faddsub_clz.o(x$fpl$fadd)
    __aeabi_fcmpeq                           0x08003d91   Thumb Code     0  fcmp.o(x$fpl$fcmp)
    _feq                                     0x08003d91   Thumb Code    14  fcmp.o(x$fpl$fcmp)
    _fneq                                    0x08003d9f   Thumb Code    14  fcmp.o(x$fpl$fcmp)
    __aeabi_fcmpgt                           0x08003dad   Thumb Code     0  fcmp.o(x$fpl$fcmp)
    _fgr                                     0x08003dad   Thumb Code    14  fcmp.o(x$fpl$fcmp)
    __aeabi_fcmpge                           0x08003dbb   Thumb Code     0  fcmp.o(x$fpl$fcmp)
    _fgeq                                    0x08003dbb   Thumb Code    14  fcmp.o(x$fpl$fcmp)
    __aeabi_fcmple                           0x08003dc9   Thumb Code     0  fcmp.o(x$fpl$fcmp)
    _fleq                                    0x08003dc9   Thumb Code    14  fcmp.o(x$fpl$fcmp)
    __aeabi_fcmplt                           0x08003dd7   Thumb Code     0  fcmp.o(x$fpl$fcmp)
    _fls                                     0x08003dd7   Thumb Code    14  fcmp.o(x$fpl$fcmp)
    __fpl_fcmp_Inf                           0x08003de5   Thumb Code    24  fcmpi.o(x$fpl$fcmpinf)
    __aeabi_fdiv                             0x08003dfd   Thumb Code     0  fdiv.o(x$fpl$fdiv)
    _fdiv                                    0x08003dfd   Thumb Code   384  fdiv.o(x$fpl$fdiv)
    __aeabi_cfcmpeq                          0x08003f81   Thumb Code     0  feqf.o(x$fpl$feqf)
    _fcmpeq                                  0x08003f81   Thumb Code   104  feqf.o(x$fpl$feqf)
    __aeabi_ui2f                             0x08003fe9   Thumb Code     0  fflt_clz.o(x$fpl$ffltu)
    _ffltu                                   0x08003fe9   Thumb Code    38  fflt_clz.o(x$fpl$ffltu)
    _fcmpge                                  0x08004011   Thumb Code   104  fgeqf.o(x$fpl$fgeqf)
    __aeabi_cfcmple                          0x08004079   Thumb Code     0  fleqf.o(x$fpl$fleqf)
    _fcmple                                  0x08004079   Thumb Code   104  fleqf.o(x$fpl$fleqf)
    __fpl_fcmple_InfNaN                      0x080040cb   Thumb Code     0  fleqf.o(x$fpl$fleqf)
    __aeabi_fmul                             0x080040e1   Thumb Code     0  fmul.o(x$fpl$fmul)
    _fmul                                    0x080040e1   Thumb Code   258  fmul.o(x$fpl$fmul)
    __fpl_fnaninf                            0x080041e3   Thumb Code   140  fnaninf.o(x$fpl$fnaninf)
    __fpl_fretinf                            0x0800426f   Thumb Code    10  fretinf.o(x$fpl$fretinf)
    __aeabi_fsub                             0x08004279   Thumb Code     0  faddsub_clz.o(x$fpl$fsub)
    _fsub                                    0x08004279   Thumb Code   234  faddsub_clz.o(x$fpl$fsub)
    _printf_fp_dec                           0x08004363   Thumb Code     4  printf1.o(x$fpl$printf1)
    __I$use$fp                               0x08004366   Number         0  usenofp.o(x$fpl$usenofp)
    Region$$Table$$Base                      0x0800475c   Number         0  anon$$obj.o(Region$$Table)
    Region$$Table$$Limit                     0x0800477c   Number         0  anon$$obj.o(Region$$Table)
    __ctype                                  0x08004789   Data           0  lc_ctype_c.o(locale$$data)
    SystemCoreClock                          0x20000000   Data           4  system_mdr32f9q2i.o(.data.SystemCoreClock)
    __libspace_start                         0x20000060   Data          96  libspace.o(.bss)
    __temporary_stack_top$libspace           0x200000c0   Data           0  libspace.o(.bss)
    USB_CurrentSetupPacket                   0x200000d8   Data           8  mdr32fxqi_usb_device.o(.bss.USB_CurrentSetupPacket)
    USB_DeviceContext                        0x200000e0   Data          12  mdr32fxqi_usb_device.o(.bss.USB_DeviceContext)
    USB_EPContext                            0x200000f0   Data         176  mdr32fxqi_usb_device.o(.bss.USB_EPContext)
    auto_temp_enabled                        0x200001a0   Data           1  main.o(.bss.auto_temp_enabled)
    last_auto_read                           0x200001e4   Data           4  main.o(.bss.last_auto_read)
    led1_enabled                             0x200001e8   Data           1  gpio.o(.bss.led1_enabled)
    led2_enabled                             0x200001e9   Data           1  gpio.o(.bss.led2_enabled)
    led3_enabled                             0x200001ea   Data           1  gpio.o(.bss.led3_enabled)
    led4_enabled                             0x200001eb   Data           1  gpio.o(.bss.led4_enabled)
    ms_ticks                                 0x200001ec   Data           4  system.o(.bss.ms_ticks)
    system_ready                             0x200001f0   Data           1  main.o(.bss.system_ready)
    usb_data_received                        0x200001f1   Data           1  system.o(.bss.usb_data_received)



==============================================================================

Memory Map of the image

  Image Entry point : 0x080000c1

  Load Region LR_IROM1 (Base: 0x08000000, Size: 0x00004908, Max: 0x00020000, ABSOLUTE)

    Execution Region ER_IROM1 (Exec base: 0x08000000, Load base: 0x08000000, Size: 0x000048a8, Max: 0x00020000, ABSOLUTE)

    Exec Addr    Load Addr    Size         Type   Attr      Idx    E Section Name        Object

    0x08000000   0x08000000   0x000000c0   Data   RO          110    RESET               startup_mdr32f9q2i.o
    0x080000c0   0x080000c0   0x00000008   Code   RO          606  * !!!main             c_w.l(__main.o)
    0x080000c8   0x080000c8   0x0000005c   Code   RO          877    !!!scatter          c_w.l(__scatter.o)
    0x08000124   0x08000124   0x0000001a   Code   RO          881    !!handler_copy      c_w.l(__scatter_copy.o)
    0x0800013e   0x0800013e   0x00000002   PAD
    0x08000140   0x08000140   0x00000002   Code   RO          878    !!handler_null      c_w.l(__scatter.o)
    0x08000142   0x08000142   0x00000002   PAD
    0x08000144   0x08000144   0x0000001c   Code   RO          883    !!handler_zi        c_w.l(__scatter_zi.o)
    0x08000160   0x08000160   0x00000000   Code   RO          603    .ARM.Collect$$_printf_percent$$00000000  c_w.l(_printf_percent.o)
    0x08000160   0x08000160   0x00000006   Code   RO          602    .ARM.Collect$$_printf_percent$$00000003  c_w.l(_printf_f.o)
    0x08000166   0x08000166   0x00000006   Code   RO          601    .ARM.Collect$$_printf_percent$$00000014  c_w.l(_printf_s.o)
    0x0800016c   0x0800016c   0x00000004   Code   RO          645    .ARM.Collect$$_printf_percent$$00000017  c_w.l(_printf_percent_end.o)
    0x08000170   0x08000170   0x00000002   Code   RO          740    .ARM.Collect$$libinit$$00000000  c_w.l(libinit.o)
    0x08000172   0x08000172   0x00000000   Code   RO          742    .ARM.Collect$$libinit$$00000002  c_w.l(libinit2.o)
    0x08000172   0x08000172   0x00000000   Code   RO          744    .ARM.Collect$$libinit$$00000004  c_w.l(libinit2.o)
    0x08000172   0x08000172   0x00000000   Code   RO          746    .ARM.Collect$$libinit$$00000006  c_w.l(libinit2.o)
    0x08000172   0x08000172   0x00000000   Code   RO          749    .ARM.Collect$$libinit$$0000000C  c_w.l(libinit2.o)
    0x08000172   0x08000172   0x00000000   Code   RO          751    .ARM.Collect$$libinit$$0000000E  c_w.l(libinit2.o)
    0x08000172   0x08000172   0x00000000   Code   RO          753    .ARM.Collect$$libinit$$00000010  c_w.l(libinit2.o)
    0x08000172   0x08000172   0x00000006   Code   RO          754    .ARM.Collect$$libinit$$00000011  c_w.l(libinit2.o)
    0x08000178   0x08000178   0x00000000   Code   RO          756    .ARM.Collect$$libinit$$00000013  c_w.l(libinit2.o)
    0x08000178   0x08000178   0x0000000c   Code   RO          757    .ARM.Collect$$libinit$$00000014  c_w.l(libinit2.o)
    0x08000184   0x08000184   0x00000000   Code   RO          758    .ARM.Collect$$libinit$$00000015  c_w.l(libinit2.o)
    0x08000184   0x08000184   0x00000000   Code   RO          760    .ARM.Collect$$libinit$$00000017  c_w.l(libinit2.o)
    0x08000184   0x08000184   0x0000000a   Code   RO          761    .ARM.Collect$$libinit$$00000018  c_w.l(libinit2.o)
    0x0800018e   0x0800018e   0x00000000   Code   RO          762    .ARM.Collect$$libinit$$00000019  c_w.l(libinit2.o)
    0x0800018e   0x0800018e   0x00000000   Code   RO          764    .ARM.Collect$$libinit$$0000001B  c_w.l(libinit2.o)
    0x0800018e   0x0800018e   0x00000000   Code   RO          766    .ARM.Collect$$libinit$$0000001D  c_w.l(libinit2.o)
    0x0800018e   0x0800018e   0x00000000   Code   RO          768    .ARM.Collect$$libinit$$0000001F  c_w.l(libinit2.o)
    0x0800018e   0x0800018e   0x00000000   Code   RO          770    .ARM.Collect$$libinit$$00000021  c_w.l(libinit2.o)
    0x0800018e   0x0800018e   0x00000000   Code   RO          772    .ARM.Collect$$libinit$$00000023  c_w.l(libinit2.o)
    0x0800018e   0x0800018e   0x00000000   Code   RO          774    .ARM.Collect$$libinit$$00000025  c_w.l(libinit2.o)
    0x0800018e   0x0800018e   0x00000000   Code   RO          776    .ARM.Collect$$libinit$$00000027  c_w.l(libinit2.o)
    0x0800018e   0x0800018e   0x00000000   Code   RO          780    .ARM.Collect$$libinit$$0000002E  c_w.l(libinit2.o)
    0x0800018e   0x0800018e   0x00000000   Code   RO          782    .ARM.Collect$$libinit$$00000030  c_w.l(libinit2.o)
    0x0800018e   0x0800018e   0x00000000   Code   RO          784    .ARM.Collect$$libinit$$00000032  c_w.l(libinit2.o)
    0x0800018e   0x0800018e   0x00000000   Code   RO          786    .ARM.Collect$$libinit$$00000034  c_w.l(libinit2.o)
    0x0800018e   0x0800018e   0x00000002   Code   RO          787    .ARM.Collect$$libinit$$00000035  c_w.l(libinit2.o)
    0x08000190   0x08000190   0x00000002   Code   RO          823    .ARM.Collect$$libshutdown$$00000000  c_w.l(libshutdown.o)
    0x08000192   0x08000192   0x00000000   Code   RO          834    .ARM.Collect$$libshutdown$$00000002  c_w.l(libshutdown2.o)
    0x08000192   0x08000192   0x00000000   Code   RO          836    .ARM.Collect$$libshutdown$$00000004  c_w.l(libshutdown2.o)
    0x08000192   0x08000192   0x00000000   Code   RO          839    .ARM.Collect$$libshutdown$$00000007  c_w.l(libshutdown2.o)
    0x08000192   0x08000192   0x00000000   Code   RO          842    .ARM.Collect$$libshutdown$$0000000A  c_w.l(libshutdown2.o)
    0x08000192   0x08000192   0x00000000   Code   RO          844    .ARM.Collect$$libshutdown$$0000000C  c_w.l(libshutdown2.o)
    0x08000192   0x08000192   0x00000000   Code   RO          847    .ARM.Collect$$libshutdown$$0000000F  c_w.l(libshutdown2.o)
    0x08000192   0x08000192   0x00000002   Code   RO          848    .ARM.Collect$$libshutdown$$00000010  c_w.l(libshutdown2.o)
    0x08000194   0x08000194   0x00000000   Code   RO          632    .ARM.Collect$$rtentry$$00000000  c_w.l(__rtentry.o)
    0x08000194   0x08000194   0x00000000   Code   RO          660    .ARM.Collect$$rtentry$$00000002  c_w.l(__rtentry2.o)
    0x08000194   0x08000194   0x00000006   Code   RO          672    .ARM.Collect$$rtentry$$00000004  c_w.l(__rtentry4.o)
    0x0800019a   0x0800019a   0x00000000   Code   RO          662    .ARM.Collect$$rtentry$$00000009  c_w.l(__rtentry2.o)
    0x0800019a   0x0800019a   0x00000004   Code   RO          663    .ARM.Collect$$rtentry$$0000000A  c_w.l(__rtentry2.o)
    0x0800019e   0x0800019e   0x00000000   Code   RO          665    .ARM.Collect$$rtentry$$0000000C  c_w.l(__rtentry2.o)
    0x0800019e   0x0800019e   0x00000008   Code   RO          666    .ARM.Collect$$rtentry$$0000000D  c_w.l(__rtentry2.o)
    0x080001a6   0x080001a6   0x00000002   Code   RO          788    .ARM.Collect$$rtexit$$00000000  c_w.l(rtexit.o)
    0x080001a8   0x080001a8   0x00000000   Code   RO          797    .ARM.Collect$$rtexit$$00000002  c_w.l(rtexit2.o)
    0x080001a8   0x080001a8   0x00000004   Code   RO          798    .ARM.Collect$$rtexit$$00000003  c_w.l(rtexit2.o)
    0x080001ac   0x080001ac   0x00000006   Code   RO          799    .ARM.Collect$$rtexit$$00000004  c_w.l(rtexit2.o)
    0x080001b2   0x080001b2   0x00000002   PAD
    0x080001b4   0x080001b4   0x00000068   Code   RO          111    .text               startup_mdr32f9q2i.o
    0x0800021c   0x0800021c   0x0000001e   Code   RO          571    .text               c_w.l(toupper.o)
    0x0800023a   0x0800023a   0x00000002   PAD
    0x0800023c   0x0800023c   0x00000028   Code   RO          575    .text               c_w.l(noretval__2sprintf.o)
    0x08000264   0x08000264   0x00000052   Code   RO          579    .text               c_w.l(_printf_str.o)
    0x080002b6   0x080002b6   0x0000010e   Code   RO          589    .text               c_w.l(__printf_wp.o)
    0x080003c4   0x080003c4   0x00000006   Code   RO          604    .text               c_w.l(heapauxi.o)
    0x080003ca   0x080003ca   0x00000002   PAD
    0x080003cc   0x080003cc   0x00000010   Code   RO          633    .text               c_w.l(rt_ctype_table.o)
    0x080003dc   0x080003dc   0x0000041c   Code   RO          635    .text               c_w.l(_printf_fp_dec.o)
    0x080007f8   0x080007f8   0x00000030   Code   RO          639    .text               c_w.l(_printf_char_common.o)
    0x08000828   0x08000828   0x0000000a   Code   RO          641    .text               c_w.l(_sputc.o)
    0x08000832   0x08000832   0x0000002c   Code   RO          643    .text               c_w.l(_printf_char.o)
    0x0800085e   0x0800085e   0x00000002   PAD
    0x08000860   0x08000860   0x00000008   Code   RO          677    .text               c_w.l(rt_locale_intlibspace.o)
    0x08000868   0x08000868   0x0000008a   Code   RO          679    .text               c_w.l(lludiv10.o)
    0x080008f2   0x080008f2   0x00000002   PAD
    0x080008f4   0x080008f4   0x00000080   Code   RO          681    .text               c_w.l(_printf_fp_infnan.o)
    0x08000974   0x08000974   0x000000e4   Code   RO          685    .text               c_w.l(bigflt0.o)
    0x08000a58   0x08000a58   0x00000008   Code   RO          724    .text               c_w.l(libspace.o)
    0x08000a60   0x08000a60   0x0000004a   Code   RO          727    .text               c_w.l(sys_stackheap_outer.o)
    0x08000aaa   0x08000aaa   0x00000012   Code   RO          731    .text               c_w.l(exit.o)
    0x08000abc   0x08000abc   0x00000080   Code   RO          733    .text               c_w.l(strcmpv7m.o)
    0x08000b3c   0x08000b3c   0x0000000c   Code   RO          809    .text               c_w.l(sys_exit.o)
    0x08000b48   0x08000b48   0x00000002   Code   RO          824    .text               c_w.l(use_no_semi.o)
    0x08000b4a   0x08000b4a   0x00000000   Code   RO          826    .text               c_w.l(indicate_semi.o)
    0x08000b4a   0x08000b4a   0x00000002   PAD
    0x08000b4c   0x08000b4c   0x000003dc   Code   RO           38    .text.MAX31865_Init  max31865.o
    0x08000f28   0x08000f28   0x0000021c   Code   RO           40    .text.MAX31865_ReadRTD  max31865.o
    0x08001144   0x08001144   0x000001a4   Code   RO           42    .text.MAX31865_ReadTemperature  max31865.o
    0x080012e8   0x080012e8   0x0000012a   Code   RO          133    .text.PORT_Init     mdr32fxqi_port.o
    0x08001412   0x08001412   0x00000002   PAD
    0x08001414   0x08001414   0x0000000a   Code   RO          143    .text.PORT_ResetBits  mdr32fxqi_port.o
    0x0800141e   0x0800141e   0x00000002   PAD
    0x08001420   0x08001420   0x00000008   Code   RO          141    .text.PORT_SetBits  mdr32fxqi_port.o
    0x08001428   0x08001428   0x00000014   Code   RO          135    .text.PORT_StructInit  mdr32fxqi_port.o
    0x0800143c   0x0800143c   0x00000014   Code   RO          191    .text.RST_CLK_CPUclkPrescaler  mdr32fxqi_rst_clk.o
    0x08001450   0x08001450   0x00000012   Code   RO          193    .text.RST_CLK_CPUclkSelection  mdr32fxqi_rst_clk.o
    0x08001462   0x08001462   0x00000002   PAD
    0x08001464   0x08001464   0x00000012   Code   RO          221    .text.RST_CLK_CPUclkSelectionC1  mdr32fxqi_rst_clk.o
    0x08001476   0x08001476   0x00000002   PAD
    0x08001478   0x08001478   0x000001c6   Code   RO          157    .text.RST_CLK_DeInit  mdr32fxqi_rst_clk.o
    0x0800163e   0x0800163e   0x00000002   PAD
    0x08001640   0x08001640   0x00000112   Code   RO          225    .text.RST_CLK_GetClocksFreq  mdr32fxqi_rst_clk.o
    0x08001752   0x08001752   0x00000002   PAD
    0x08001754   0x08001754   0x00000022   Code   RO          165    .text.RST_CLK_HSEconfig  mdr32fxqi_rst_clk.o
    0x08001776   0x08001776   0x00000002   PAD
    0x08001778   0x08001778   0x0000002c   Code   RO          167    .text.RST_CLK_HSEstatus  mdr32fxqi_rst_clk.o
    0x080017a4   0x080017a4   0x00000018   Code   RO          223    .text.RST_CLK_PCLKcmd  mdr32fxqi_rst_clk.o
    0x080017bc   0x080017bc   0x00000046   Code   RO          259    .text.SSP_BRGInit   mdr32fxqi_ssp.o
    0x08001802   0x08001802   0x00000002   PAD
    0x08001804   0x08001804   0x00000016   Code   RO          241    .text.SSP_Cmd       mdr32fxqi_ssp.o
    0x0800181a   0x0800181a   0x00000002   PAD
    0x0800181c   0x0800181c   0x00000012   Code   RO          235    .text.SSP_DeInit    mdr32fxqi_ssp.o
    0x0800182e   0x0800182e   0x00000002   PAD
    0x08001830   0x08001830   0x0000000a   Code   RO          257    .text.SSP_GetFlagStatus  mdr32fxqi_ssp.o
    0x0800183a   0x0800183a   0x00000002   PAD
    0x0800183c   0x0800183c   0x0000002a   Code   RO          237    .text.SSP_Init      mdr32fxqi_ssp.o
    0x08001866   0x08001866   0x00000002   PAD
    0x08001868   0x08001868   0x00000006   Code   RO          255    .text.SSP_ReceiveData  mdr32fxqi_ssp.o
    0x0800186e   0x0800186e   0x00000002   PAD
    0x08001870   0x08001870   0x00000004   Code   RO          253    .text.SSP_SendData  mdr32fxqi_ssp.o
    0x08001874   0x08001874   0x00000012   Code   RO          239    .text.SSP_StructInit  mdr32fxqi_ssp.o
    0x08001886   0x08001886   0x00000002   PAD
    0x08001888   0x08001888   0x00000010   Code   RO           53    .text.SysTick_Handler  system.o
    0x08001898   0x08001898   0x0000006c   Code   RO          118    .text.SystemCoreClockUpdate  system_mdr32f9q2i.o
    0x08001904   0x08001904   0x0000009c   Code   RO          120    .text.SystemInit    system_mdr32f9q2i.o
    0x080019a0   0x080019a0   0x00000048   Code   RO          301    .text.UART_BRGInit  mdr32fxqi_uart.o
    0x080019e8   0x080019e8   0x00000016   Code   RO          275    .text.UART_Cmd      mdr32fxqi_uart.o
    0x080019fe   0x080019fe   0x00000002   PAD
    0x08001a00   0x08001a00   0x00000082   Code   RO          271    .text.UART_Init     mdr32fxqi_uart.o
    0x08001a82   0x08001a82   0x00000002   PAD
    0x08001a84   0x08001a84   0x00000014   Code   RO          273    .text.UART_StructInit  mdr32fxqi_uart.o
    0x08001a98   0x08001a98   0x0000002a   Code   RO          311    .text.USB_BRGInit   mdr32fxqi_usb.o
    0x08001ac2   0x08001ac2   0x00000002   PAD
    0x08001ac4   0x08001ac4   0x000000e8   Code   RO          457    .text.USB_CDC_ClassRequest  mdr32fxqi_usb_cdc.o
    0x08001bac   0x08001bac   0x00000040   Code   RO          459    .text.USB_CDC_DoDataOut  mdr32fxqi_usb_cdc.o
    0x08001bec   0x08001bec   0x00000052   Code   RO          455    .text.USB_CDC_GetDescriptor  mdr32fxqi_usb_cdc.o
    0x08001c3e   0x08001c3e   0x00000002   PAD
    0x08001c40   0x08001c40   0x00000010   Code   RO           63    .text.USB_CDC_GetLineCoding  system.o
    0x08001c50   0x08001c50   0x0000001e   Code   RO          439    .text.USB_CDC_Init  mdr32fxqi_usb_cdc.o
    0x08001c6e   0x08001c6e   0x00000002   PAD
    0x08001c70   0x08001c70   0x0000003c   Code   RO          445    .text.USB_CDC_OnDataReceive  mdr32fxqi_usb_cdc.o
    0x08001cac   0x08001cac   0x00000010   Code   RO          451    .text.USB_CDC_OnDataSent  mdr32fxqi_usb_cdc.o
    0x08001cbc   0x08001cbc   0x00000012   Code   RO           61    .text.USB_CDC_RecieveData  system.o
    0x08001cce   0x08001cce   0x00000002   PAD
    0x08001cd0   0x08001cd0   0x00000050   Code   RO          453    .text.USB_CDC_Reset  mdr32fxqi_usb_cdc.o
    0x08001d20   0x08001d20   0x00000034   Code   RO          449    .text.USB_CDC_SendData  mdr32fxqi_usb_cdc.o
    0x08001d54   0x08001d54   0x00000004   Code   RO           65    .text.USB_CDC_SetLineCoding  system.o
    0x08001d58   0x08001d58   0x00000056   Code   RO          521    .text.USB_DeviceClearFeature  mdr32fxqi_usb_device.o
    0x08001dae   0x08001dae   0x00000002   PAD
    0x08001db0   0x08001db0   0x0000003e   Code   RO          519    .text.USB_DeviceDoStatusOutAck  mdr32fxqi_usb_device.o
    0x08001dee   0x08001dee   0x00000002   PAD
    0x08001df0   0x08001df0   0x00000094   Code   RO          505    .text.USB_DeviceInit  mdr32fxqi_usb_device.o
    0x08001e84   0x08001e84   0x00000018   Code   RO          509    .text.USB_DevicePowerOn  mdr32fxqi_usb_device.o
    0x08001e9c   0x08001e9c   0x00000010   Code   RO          513    .text.USB_DeviceReset  mdr32fxqi_usb_device.o
    0x08001eac   0x08001eac   0x0000004a   Code   RO          523    .text.USB_DeviceSetFeature  mdr32fxqi_usb_device.o
    0x08001ef6   0x08001ef6   0x00000002   PAD
    0x08001ef8   0x08001ef8   0x000002ae   Code   RO          507    .text.USB_DeviceSetupPacket  mdr32fxqi_usb_device.o
    0x080021a6   0x080021a6   0x00000002   PAD
    0x080021a8   0x080021a8   0x00000022   Code   RO          525    .text.USB_Device_setAddressWork  mdr32fxqi_usb_device.o
    0x080021ca   0x080021ca   0x00000002   PAD
    0x080021cc   0x080021cc   0x00000038   Code   RO          487    .text.USB_EP_Init   mdr32fxqi_usb_device.o
    0x08002204   0x08002204   0x00000388   Code   RO          503    .text.USB_EP_dispatchEvent  mdr32fxqi_usb_device.o
    0x0800258c   0x0800258c   0x0000003e   Code   RO          495    .text.USB_EP_doDataIn  mdr32fxqi_usb_device.o
    0x080025ca   0x080025ca   0x00000002   PAD
    0x080025cc   0x080025cc   0x00000042   Code   RO          499    .text.USB_EP_doDataOut  mdr32fxqi_usb_device.o
    0x0800260e   0x0800260e   0x00000002   PAD
    0x08002610   0x08002610   0x0000007c   Code   RO          497    .text.USB_EP_sendInDataPortion  mdr32fxqi_usb_device.o
    0x0800268c   0x0800268c   0x0000000e   Code   RO          383    .text.USB_GetSEPxCTRL  mdr32fxqi_usb.o
    0x0800269a   0x0800269a   0x00000002   PAD
    0x0800269c   0x0800269c   0x0000000e   Code   RO          413    .text.USB_GetSEPxRXFD  mdr32fxqi_usb.o
    0x080026aa   0x080026aa   0x00000002   PAD
    0x080026ac   0x080026ac   0x0000000e   Code   RO          415    .text.USB_GetSEPxRXFDC  mdr32fxqi_usb.o
    0x080026ba   0x080026ba   0x00000002   PAD
    0x080026bc   0x080026bc   0x0000000e   Code   RO          387    .text.USB_GetSEPxSTS  mdr32fxqi_usb.o
    0x080026ca   0x080026ca   0x00000002   PAD
    0x080026cc   0x080026cc   0x0000000e   Code   RO          389    .text.USB_GetSEPxTS  mdr32fxqi_usb.o
    0x080026da   0x080026da   0x00000002   PAD
    0x080026dc   0x080026dc   0x0000000c   Code   RO          399    .text.USB_GetSIS    mdr32fxqi_usb.o
    0x080026e8   0x080026e8   0x00000072   Code   RO          531    .text.USB_IRQHandler  mdr32fxqi_usb_device.o
    0x0800275a   0x0800275a   0x00000002   PAD
    0x0800275c   0x0800275c   0x0000001a   Code   RO          313    .text.USB_Reset     mdr32fxqi_usb.o
    0x08002776   0x08002776   0x00000002   PAD
    0x08002778   0x08002778   0x00000014   Code   RO          429    .text.USB_SEPxToggleEPDATASEQ  mdr32fxqi_usb.o
    0x0800278c   0x0800278c   0x00000016   Code   RO          315    .text.USB_SetHSCR   mdr32fxqi_usb.o
    0x080027a2   0x080027a2   0x00000002   PAD
    0x080027a4   0x080027a4   0x0000000c   Code   RO          409    .text.USB_SetSA     mdr32fxqi_usb.o
    0x080027b0   0x080027b0   0x00000016   Code   RO          395    .text.USB_SetSC     mdr32fxqi_usb.o
    0x080027c6   0x080027c6   0x00000002   PAD
    0x080027c8   0x080027c8   0x0000001c   Code   RO          385    .text.USB_SetSEPxCTRL  mdr32fxqi_usb.o
    0x080027e4   0x080027e4   0x0000000e   Code   RO          419    .text.USB_SetSEPxRXFC  mdr32fxqi_usb.o
    0x080027f2   0x080027f2   0x00000002   PAD
    0x080027f4   0x080027f4   0x0000000e   Code   RO          423    .text.USB_SetSEPxTXFD  mdr32fxqi_usb.o
    0x08002802   0x08002802   0x00000002   PAD
    0x08002804   0x08002804   0x0000000e   Code   RO          427    .text.USB_SetSEPxTXFDC  mdr32fxqi_usb.o
    0x08002812   0x08002812   0x00000002   PAD
    0x08002814   0x08002814   0x00000016   Code   RO          405    .text.USB_SetSIM    mdr32fxqi_usb.o
    0x0800282a   0x0800282a   0x00000002   PAD
    0x0800282c   0x0800282c   0x0000000c   Code   RO          401    .text.USB_SetSIS    mdr32fxqi_usb.o
    0x08002838   0x08002838   0x0000002e   Code   RO            8    .text.connect_animation  gpio.o
    0x08002866   0x08002866   0x00000002   PAD
    0x08002868   0x08002868   0x00000016   Code   RO           59    .text.delay_ms      system.o
    0x0800287e   0x0800287e   0x00000002   PAD
    0x08002880   0x08002880   0x00000072   Code   RO           55    .text.init_CPU      system.o
    0x080028f2   0x080028f2   0x00000002   PAD
    0x080028f4   0x080028f4   0x0000003e   Code   RO            2    .text.init_GPIO     gpio.o
    0x08002932   0x08002932   0x00000002   PAD
    0x08002934   0x08002934   0x00000074   Code   RO           91    .text.init_UART     uart.o
    0x080029a8   0x080029a8   0x000000b0   Code   RO           57    .text.init_USB      system.o
    0x08002a58   0x08002a58   0x000003f0   Code   RO           22    .text.main          main.o
    0x08002e48   0x08002e48   0x00000334   Code   RO           97    .text.process_immediate_command  uart.o
    0x0800317c   0x0800317c   0x00000076   Code   RO           77    .text.send_all      system.o
    0x080031f2   0x080031f2   0x00000002   PAD
    0x080031f4   0x080031f4   0x00000066   Code   RO           71    .text.send_decimal  system.o
    0x0800325a   0x0800325a   0x00000002   PAD
    0x0800325c   0x0800325c   0x00000032   Code   RO           73    .text.send_hex      system.o
    0x0800328e   0x0800328e   0x00000002   PAD
    0x08003290   0x08003290   0x00000022   Code   RO           69    .text.send_string   system.o
    0x080032b2   0x080032b2   0x00000002   PAD
    0x080032b4   0x080032b4   0x00000038   Code   RO            6    .text.set_led_state  gpio.o
    0x080032ec   0x080032ec   0x000000f8   Code   RO           93    .text.show_menu     uart.o
    0x080033e4   0x080033e4   0x00000064   Code   RO            4    .text.startup_animation  gpio.o
    0x08003448   0x08003448   0x0000003e   Code   RO          688    CL$$btod_d2e        c_w.l(btod.o)
    0x08003486   0x08003486   0x00000046   Code   RO          690    CL$$btod_d2e_denorm_low  c_w.l(btod.o)
    0x080034cc   0x080034cc   0x00000060   Code   RO          689    CL$$btod_d2e_norm_op1  c_w.l(btod.o)
    0x0800352c   0x0800352c   0x00000338   Code   RO          698    CL$$btod_div_common  c_w.l(btod.o)
    0x08003864   0x08003864   0x000000dc   Code   RO          695    CL$$btod_e2e        c_w.l(btod.o)
    0x08003940   0x08003940   0x0000002a   Code   RO          692    CL$$btod_ediv       c_w.l(btod.o)
    0x0800396a   0x0800396a   0x0000002a   Code   RO          691    CL$$btod_emul       c_w.l(btod.o)
    0x08003994   0x08003994   0x00000244   Code   RO          697    CL$$btod_mult_common  c_w.l(btod.o)
    0x08003bd8   0x08003bd8   0x00000028   Code   RO          722    i.__ARM_fpclassify  m_ws.l(fpclassify.o)
    0x08003c00   0x08003c00   0x0000000e   Code   RO          591    i._is_digit         c_w.l(__printf_wp.o)
    0x08003c0e   0x08003c0e   0x00000002   PAD
    0x08003c10   0x08003c10   0x0000002c   Code   RO          713    locale$$code        c_w.l(lc_ctype_c.o)
    0x08003c3c   0x08003c3c   0x0000002c   Code   RO          716    locale$$code        c_w.l(lc_numeric_c.o)
    0x08003c68   0x08003c68   0x0000000c   Code   RO          646    x$fpl$dretinf       fz_ws.l(dretinf.o)
    0x08003c74   0x08003c74   0x00000056   Code   RO          608    x$fpl$f2d           fz_ws.l(f2d.o)
    0x08003cca   0x08003cca   0x00000002   PAD
    0x08003ccc   0x08003ccc   0x000000c4   Code   RO          610    x$fpl$fadd          fz_ws.l(faddsub_clz.o)
    0x08003d90   0x08003d90   0x00000054   Code   RO          616    x$fpl$fcmp          fz_ws.l(fcmp.o)
    0x08003de4   0x08003de4   0x00000018   Code   RO          718    x$fpl$fcmpinf       fz_ws.l(fcmpi.o)
    0x08003dfc   0x08003dfc   0x00000184   Code   RO          619    x$fpl$fdiv          fz_ws.l(fdiv.o)
    0x08003f80   0x08003f80   0x00000068   Code   RO          648    x$fpl$feqf          fz_ws.l(feqf.o)
    0x08003fe8   0x08003fe8   0x00000026   Code   RO          622    x$fpl$ffltu         fz_ws.l(fflt_clz.o)
    0x0800400e   0x0800400e   0x00000002   PAD
    0x08004010   0x08004010   0x00000068   Code   RO          650    x$fpl$fgeqf         fz_ws.l(fgeqf.o)
    0x08004078   0x08004078   0x00000068   Code   RO          652    x$fpl$fleqf         fz_ws.l(fleqf.o)
    0x080040e0   0x080040e0   0x00000102   Code   RO          628    x$fpl$fmul          fz_ws.l(fmul.o)
    0x080041e2   0x080041e2   0x0000008c   Code   RO          654    x$fpl$fnaninf       fz_ws.l(fnaninf.o)
    0x0800426e   0x0800426e   0x0000000a   Code   RO          656    x$fpl$fretinf       fz_ws.l(fretinf.o)
    0x08004278   0x08004278   0x000000ea   Code   RO          612    x$fpl$fsub          fz_ws.l(faddsub_clz.o)
    0x08004362   0x08004362   0x00000004   Code   RO          630    x$fpl$printf1       fz_ws.l(printf1.o)
    0x08004366   0x08004366   0x00000000   Code   RO          658    x$fpl$usenofp       fz_ws.l(usenofp.o)
    0x08004366   0x08004366   0x00000002   PAD
    0x08004368   0x08004368   0x00000094   Data   RO          686    .constdata          c_w.l(bigflt0.o)
    0x080043fc   0x080043fc   0x000000a7   Data   RO           27    .rodata.str1.1      main.o
    0x080044a3   0x080044a3   0x000000d4   Data   RO           44    .rodata.str1.1      max31865.o
    0x08004577   0x08004577   0x00000011   Data   RO           82    .rodata.str1.1      system.o
    0x08004588   0x08004588   0x000001a2   Data   RO           99    .rodata.str1.1      uart.o
    0x0800472a   0x0800472a   0x00000002   PAD
    0x0800472c   0x0800472c   0x0000002d   Data   RO           28    .rodata.str1.4      main.o
    0x08004759   0x08004759   0x00000003   PAD
    0x0800475c   0x0800475c   0x00000020   Data   RO          876    Region$$Table       anon$$obj.o
    0x0800477c   0x0800477c   0x00000110   Data   RO          712    locale$$data        c_w.l(lc_ctype_c.o)
    0x0800488c   0x0800488c   0x0000001c   Data   RO          715    locale$$data        c_w.l(lc_numeric_c.o)


    Execution Region RW_IRAM1 (Exec base: 0x20000000, Load base: 0x080048a8, Size: 0x000007f8, Max: 0x00008000, ABSOLUTE)

    Exec Addr    Load Addr    Size         Type   Attr      Idx    E Section Name        Object

    0x20000000   0x080048a8   0x00000004   Data   RW          122    .data.SystemCoreClock  system_mdr32f9q2i.o
    0x20000004   0x080048ac   0x00000043   Data   RW          477    .data.Usb_CDC_Configuration_Descriptor  mdr32fxqi_usb_cdc.o
    0x20000047   0x080048ef   0x00000012   Data   RW          476    .data.Usb_CDC_Device_Descriptor  mdr32fxqi_usb_cdc.o
    0x20000059   0x08004901   0x00000007   PAD
    0x20000060        -       0x00000060   Zero   RW          725    .bss                c_w.l(libspace.o)
    0x200000c0        -       0x00000008   Zero   RW          478    .bss.CDC_ClassPacketData  mdr32fxqi_usb_cdc.o
    0x200000c8        -       0x00000002   Zero   RW          560    .bss.SetupPacketData  mdr32fxqi_usb_device.o
    0x200000ca   0x08004901   0x00000002   PAD
    0x200000cc        -       0x0000000c   Zero   RW          475    .bss.USB_CDCContext  mdr32fxqi_usb_cdc.o
    0x200000d8        -       0x00000008   Zero   RW          558    .bss.USB_CurrentSetupPacket  mdr32fxqi_usb_device.o
    0x200000e0        -       0x0000000c   Zero   RW          559    .bss.USB_DeviceContext  mdr32fxqi_usb_device.o
    0x200000ec        -       0x00000004   Zero   RW          561    .bss.USB_DeviceDispatchEvent.bHandling  mdr32fxqi_usb_device.o
    0x200000f0        -       0x000000b0   Zero   RW          557    .bss.USB_EPContext  mdr32fxqi_usb_device.o
    0x200001a0        -       0x00000001   Zero   RW           25    .bss.auto_temp_enabled  main.o
    0x200001a1        -       0x00000040   Zero   RW           81    .bss.init_USB.usb_rx_buffer  system.o
    0x200001e1   0x08004901   0x00000003   PAD
    0x200001e4        -       0x00000004   Zero   RW           26    .bss.last_auto_read  main.o
    0x200001e8        -       0x00000001   Zero   RW           10    .bss.led1_enabled   gpio.o
    0x200001e9        -       0x00000001   Zero   RW           11    .bss.led2_enabled   gpio.o
    0x200001ea        -       0x00000001   Zero   RW           12    .bss.led3_enabled   gpio.o
    0x200001eb        -       0x00000001   Zero   RW           13    .bss.led4_enabled   gpio.o
    0x200001ec        -       0x00000004   Zero   RW           79    .bss.ms_ticks       system.o
    0x200001f0        -       0x00000001   Zero   RW           24    .bss.system_ready   main.o
    0x200001f1        -       0x00000001   Zero   RW           80    .bss.usb_data_received  system.o
    0x200001f2   0x08004901   0x00000006   PAD
    0x200001f8        -       0x00000200   Zero   RW          109    HEAP                startup_mdr32f9q2i.o
    0x200003f8        -       0x00000400   Zero   RW          108    STACK               startup_mdr32f9q2i.o


==============================================================================

Image component sizes


      Code (inc. data)   RO Data    RW Data    ZI Data      Debug   Object Name

       264         16          0          0          4       3575   gpio.o
      1008        140        212          0          6       5438   main.o
      1948        308        212          0          0       7938   max31865.o
       336          0          0          0          0       5491   mdr32fxqi_port.o
       886         76          0          0          0      15337   mdr32fxqi_rst_clk.o
       190          0          0          0          0       5796   mdr32fxqi_ssp.o
       244          0          0          0          0       8034   mdr32fxqi_uart.o
       330          0          0          0          0      11362   mdr32fxqi_usb.o
       616         32          0         85         20       7658   mdr32fxqi_usb_cdc.o
      2456         42          0          0        202      21799   mdr32fxqi_usb_device.o
       104         26        192          0       1536       1700   startup_mdr32f9q2i.o
       670          0         17          0         69       9859   system.o
       264          8          0          4          0       2631   system_mdr32f9q2i.o
      1184        364        418          0          0       5650   uart.o

    ----------------------------------------------------------------------
     10596       1012       1088         92       1852     112268   Object Totals
         0          0         32          0          0          0   (incl. Generated)
        96          0          5          3         15          0   (incl. Padding)

    ----------------------------------------------------------------------

      Code (inc. data)   RO Data    RW Data    ZI Data      Debug   Library Member Name

         8          0          0          0          0         68   __main.o
       284          0          0          0          0        156   __printf_wp.o
         0          0          0          0          0          0   __rtentry.o
        12          0          0          0          0          0   __rtentry2.o
         6          0          0          0          0          0   __rtentry4.o
        94          8          0          0          0          0   __scatter.o
        26          0          0          0          0          0   __scatter_copy.o
        28          0          0          0          0          0   __scatter_zi.o
        44          0          0          0          0        108   _printf_char.o
        48          6          0          0          0         96   _printf_char_common.o
         6          0          0          0          0          0   _printf_f.o
      1052          0          0          0          0        148   _printf_fp_dec.o
       128         16          0          0          0         84   _printf_fp_infnan.o
         0          0          0          0          0          0   _printf_percent.o
         4          0          0          0          0          0   _printf_percent_end.o
         6          0          0          0          0          0   _printf_s.o
        82          0          0          0          0         80   _printf_str.o
        10          0          0          0          0         68   _sputc.o
       228          4        148          0          0         96   bigflt0.o
      1936        128          0          0          0        668   btod.o
        18          0          0          0          0         80   exit.o
         6          0          0          0          0        152   heapauxi.o
         0          0          0          0          0          0   indicate_semi.o
        44         10        272          0          0         76   lc_ctype_c.o
        44         10         28          0          0         76   lc_numeric_c.o
         2          0          0          0          0          0   libinit.o
        30          0          0          0          0          0   libinit2.o
         2          0          0          0          0          0   libshutdown.o
         2          0          0          0          0          0   libshutdown2.o
         8          4          0          0         96         68   libspace.o
       138          0          0          0          0         80   lludiv10.o
        40          6          0          0          0         84   noretval__2sprintf.o
        16          4          0          0          0         76   rt_ctype_table.o
         8          4          0          0          0         68   rt_locale_intlibspace.o
         2          0          0          0          0          0   rtexit.o
        10          0          0          0          0          0   rtexit2.o
       128          0          0          0          0         68   strcmpv7m.o
        12          4          0          0          0         68   sys_exit.o
        74          0          0          0          0         80   sys_stackheap_outer.o
        30          0          0          0          0         76   toupper.o
         2          0          0          0          0         68   use_no_semi.o
        12          0          0          0          0         68   dretinf.o
        86          4          0          0          0         84   f2d.o
       430          8          0          0          0        168   faddsub_clz.o
        84          0          0          0          0        196   fcmp.o
        24          0          0          0          0         68   fcmpi.o
       388         76          0          0          0         96   fdiv.o
       104          4          0          0          0         84   feqf.o
        38          0          0          0          0         68   fflt_clz.o
       104          4          0          0          0         84   fgeqf.o
       104          4          0          0          0         84   fleqf.o
       258          4          0          0          0         84   fmul.o
       140          4          0          0          0         84   fnaninf.o
        10          0          0          0          0         68   fretinf.o
         4          0          0          0          0         68   printf1.o
         0          0          0          0          0          0   usenofp.o
        40          0          0          0          0         68   fpclassify.o

    ----------------------------------------------------------------------
      6468        312        448          0         96       4064   Library Totals
        24          0          0          0          0          0   (incl. Padding)

    ----------------------------------------------------------------------

      Code (inc. data)   RO Data    RW Data    ZI Data      Debug   Library Name

      4618        204        448          0         96       2692   c_w.l
      1786        108          0          0          0       1304   fz_ws.l
        40          0          0          0          0         68   m_ws.l

    ----------------------------------------------------------------------
      6468        312        448          0         96       4064   Library Totals

    ----------------------------------------------------------------------

==============================================================================


      Code (inc. data)   RO Data    RW Data    ZI Data      Debug   

     17064       1324       1536         92       1948     113920   Grand Totals
     17064       1324       1536         92       1948     113920   ELF Image Totals
     17064       1324       1536         92          0          0   ROM Totals

==============================================================================

    Total RO  Size (Code + RO Data)                18600 (  18.16kB)
    Total RW  Size (RW Data + ZI Data)              2040 (   1.99kB)
    Total ROM Size (Code + RO Data + RW Data)      18692 (  18.25kB)

==============================================================================

