Component: Arm Compiler for Embedded 6.24 Tool: armlink [5f371500]

==============================================================================

Section Cross References

    gpio.o(.text.init_GPIO) refers to mdr32fxqi_rst_clk.o(.text.RST_CLK_PCLKcmd) for RST_CLK_PCLKcmd
    gpio.o(.text.init_GPIO) refers to mdr32fxqi_port.o(.text.PORT_StructInit) for PORT_StructInit
    gpio.o(.text.init_GPIO) refers to mdr32fxqi_port.o(.text.PORT_Init) for PORT_Init
    gpio.o(.ARM.exidx.text.init_GPIO) refers to gpio.o(.text.init_GPIO) for [Anonymous Symbol]
    gpio.o(.text.startup_animation) refers to mdr32fxqi_port.o(.text.PORT_ResetBits) for PORT_ResetBits
    gpio.o(.text.startup_animation) refers to system.o(.text.delay_ms) for delay_ms
    gpio.o(.text.startup_animation) refers to mdr32fxqi_port.o(.text.PORT_SetBits) for PORT_SetBits
    gpio.o(.ARM.exidx.text.startup_animation) refers to gpio.o(.text.startup_animation) for [Anonymous Symbol]
    gpio.o(.text.set_led_state) refers to mdr32fxqi_port.o(.text.PORT_SetBits) for PORT_SetBits
    gpio.o(.text.set_led_state) refers to mdr32fxqi_port.o(.text.PORT_ResetBits) for PORT_ResetBits
    gpio.o(.ARM.exidx.text.set_led_state) refers to gpio.o(.text.set_led_state) for [Anonymous Symbol]
    gpio.o(.text.connect_animation) refers to mdr32fxqi_port.o(.text.PORT_SetBits) for PORT_SetBits
    gpio.o(.text.connect_animation) refers to system.o(.text.delay_ms) for delay_ms
    gpio.o(.text.connect_animation) refers to mdr32fxqi_port.o(.text.PORT_ResetBits) for PORT_ResetBits
    gpio.o(.ARM.exidx.text.connect_animation) refers to gpio.o(.text.connect_animation) for [Anonymous Symbol]
    main.o(.text) refers (Special) to _printf_percent.o(.ARM.Collect$$_printf_percent$$00000000) for _printf_percent
    main.o(.text) refers (Special) to _printf_f.o(.ARM.Collect$$_printf_percent$$00000003) for _printf_f
    main.o(.text) refers (Special) to printf1.o(x$fpl$printf1) for _printf_fp_dec
    main.o(.text.main) refers (Special) to _printf_percent.o(.ARM.Collect$$_printf_percent$$00000000) for _printf_percent
    main.o(.text.main) refers (Special) to _printf_f.o(.ARM.Collect$$_printf_percent$$00000003) for _printf_f
    main.o(.text.main) refers (Special) to printf1.o(x$fpl$printf1) for _printf_fp_dec
    main.o(.text.main) refers to main.o(.bss.usb_rx_buffer) for usb_rx_buffer
    main.o(.text.main) refers to mdr32fxqi_usb_cdc.o(.text.USB_CDC_Init) for USB_CDC_Init
    main.o(.text.main) refers to system.o(.text.init_CPU) for init_CPU
    main.o(.text.main) refers to system.o(.text.delay_ms) for delay_ms
    main.o(.text.main) refers to usb.o(.text.init_USB) for init_USB
    main.o(.text.main) refers to gpio.o(.text.init_GPIO) for init_GPIO
    main.o(.text.main) refers to uart.o(.text.init_UART) for init_UART
    main.o(.text.main) refers to max31865.o(.text.MAX31865_Init) for MAX31865_Init
    main.o(.text.main) refers to system_mdr32f9q2i.o(.data.SystemCoreClock) for SystemCoreClock
    main.o(.text.main) refers to gpio.o(.text.startup_animation) for startup_animation
    main.o(.text.main) refers to system.o(.text.send_all) for send_all
    main.o(.text.main) refers to usb.o(.text.usb_flush) for usb_flush
    main.o(.text.main) refers to system.o(.bss.ms_ticks) for ms_ticks
    main.o(.text.main) refers to main.o(.bss.system_ready) for system_ready
    main.o(.text.main) refers to main.o(.rodata.str1.4) for .L.str.10
    main.o(.text.main) refers to usb.o(.bss.usb_data_received) for usb_data_received
    main.o(.text.main) refers to main.o(.bss.auto_temp_enabled) for auto_temp_enabled
    main.o(.text.main) refers to main.o(.bss.last_auto_read) for last_auto_read
    main.o(.text.main) refers to f2d.o(x$fpl$f2d) for __aeabi_f2d
    main.o(.text.main) refers to main.o(.rodata.str1.1) for .L.str.11
    main.o(.text.main) refers to noretval__2sprintf.o(.text) for __2sprintf
    main.o(.text.main) refers to uart.o(.text.process_immediate_command) for process_immediate_command
    main.o(.text.main) refers to max31865.o(.text.MAX31865_ReadTemperature) for MAX31865_ReadTemperature
    main.o(.text.main) refers to fcmp.o(x$fpl$fcmp) for __aeabi_fcmpge
    main.o(.text.main) refers to uart.o(.text.show_menu) for show_menu
    main.o(.text.main) refers to system.o(.text.send_decimal) for send_decimal
    main.o(.text.main) refers to gpio.o(.text.connect_animation) for connect_animation
    main.o(.text.main) refers to system.o(.text.send_string) for send_string
    main.o(.ARM.exidx.text.main) refers (Special) to _printf_percent.o(.ARM.Collect$$_printf_percent$$00000000) for _printf_percent
    main.o(.ARM.exidx.text.main) refers (Special) to _printf_f.o(.ARM.Collect$$_printf_percent$$00000003) for _printf_f
    main.o(.ARM.exidx.text.main) refers (Special) to printf1.o(x$fpl$printf1) for _printf_fp_dec
    main.o(.ARM.exidx.text.main) refers to main.o(.text.main) for [Anonymous Symbol]
[...]
    .ARM.Collect$$libshutdown$$00000010      0x08000192   Section        2  libshutdown2.o(.ARM.Collect$$libshutdown$$00000010)
    .ARM.Collect$$rtentry$$00000000          0x08000194   Section        0  __rtentry.o(.ARM.Collect$$rtentry$$00000000)
    .ARM.Collect$$rtentry$$00000002          0x08000194   Section        0  __rtentry2.o(.ARM.Collect$$rtentry$$00000002)
    .ARM.Collect$$rtentry$$00000004          0x08000194   Section        6  __rtentry4.o(.ARM.Collect$$rtentry$$00000004)
    .ARM.Collect$$rtentry$$00000009          0x0800019a   Section        0  __rtentry2.o(.ARM.Collect$$rtentry$$00000009)
    .ARM.Collect$$rtentry$$0000000A          0x0800019a   Section        4  __rtentry2.o(.ARM.Collect$$rtentry$$0000000A)
    .ARM.Collect$$rtentry$$0000000C          0x0800019e   Section        0  __rtentry2.o(.ARM.Collect$$rtentry$$0000000C)
    .ARM.Collect$$rtentry$$0000000D          0x0800019e   Section        8  __rtentry2.o(.ARM.Collect$$rtentry$$0000000D)
    .ARM.Collect$$rtexit$$00000000           0x080001a6   Section        2  rtexit.o(.ARM.Collect$$rtexit$$00000000)
    .ARM.Collect$$rtexit$$00000002           0x080001a8   Section        0  rtexit2.o(.ARM.Collect$$rtexit$$00000002)
    .ARM.Collect$$rtexit$$00000003           0x080001a8   Section        4  rtexit2.o(.ARM.Collect$$rtexit$$00000003)
    .ARM.Collect$$rtexit$$00000004           0x080001ac   Section        6  rtexit2.o(.ARM.Collect$$rtexit$$00000004)
    .text                                    0x080001b4   Section      104  startup_mdr32f9q2i.o(.text)
    .text                                    0x0800021c   Section        0  toupper.o(.text)
    .text                                    0x0800023c   Section        0  noretval__2sprintf.o(.text)
    .text                                    0x08000264   Section        0  _printf_str.o(.text)
    .text                                    0x080002b6   Section        0  __printf_wp.o(.text)
    .text                                    0x080003c4   Section        0  heapauxi.o(.text)
    .text                                    0x080003cc   Section       16  rt_ctype_table.o(.text)
    _fp_digits                               0x080003dd   Thumb Code   432  _printf_fp_dec.o(.text)
    .text                                    0x080003dc   Section        0  _printf_fp_dec.o(.text)
    _printf_input_char                       0x080007f9   Thumb Code    10  _printf_char_common.o(.text)
    .text                                    0x080007f8   Section        0  _printf_char_common.o(.text)
    .text                                    0x08000828   Section        0  _sputc.o(.text)
    .text                                    0x08000832   Section        0  _printf_char.o(.text)
    .text                                    0x08000860   Section        8  rt_locale_intlibspace.o(.text)
    .text                                    0x08000868   Section      138  lludiv10.o(.text)
    .text                                    0x080008f4   Section        0  _printf_fp_infnan.o(.text)
    .text                                    0x08000974   Section        0  bigflt0.o(.text)
    .text                                    0x08000a58   Section        8  libspace.o(.text)
    .text                                    0x08000a60   Section       74  sys_stackheap_outer.o(.text)
    .text                                    0x08000aaa   Section        0  exit.o(.text)
    .text                                    0x08000abc   Section      128  strcmpv7m.o(.text)
    .text                                    0x08000b3c   Section        0  sys_exit.o(.text)
    .text                                    0x08000b48   Section        2  use_no_semi.o(.text)
    .text                                    0x08000b4a   Section        0  indicate_semi.o(.text)
    [Anonymous Symbol]                       0x08000b4c   Section        0  max31865.o(.text.MAX31865_Init)
    [Anonymous Symbol]                       0x08000dd0   Section        0  max31865.o(.text.MAX31865_ReadRTD)
    [Anonymous Symbol]                       0x08000fa4   Section        0  max31865.o(.text.MAX31865_ReadTemperature)
    [Anonymous Symbol]                       0x08001154   Section        0  mdr32fxqi_port.o(.text.PORT_Init)
    [Anonymous Symbol]                       0x08001280   Section        0  mdr32fxqi_port.o(.text.PORT_ResetBits)
    [Anonymous Symbol]                       0x0800128c   Section        0  mdr32fxqi_port.o(.text.PORT_SetBits)
    [Anonymous Symbol]                       0x08001294   Section        0  mdr32fxqi_port.o(.text.PORT_StructInit)
    [Anonymous Symbol]                       0x080012a8   Section        0  mdr32fxqi_rst_clk.o(.text.RST_CLK_CPUclkPrescaler)
    [Anonymous Symbol]                       0x080012bc   Section        0  mdr32fxqi_rst_clk.o(.text.RST_CLK_CPUclkSelection)
    [Anonymous Symbol]                       0x080012d0   Section        0  mdr32fxqi_rst_clk.o(.text.RST_CLK_CPUclkSelectionC1)
    [Anonymous Symbol]                       0x080012e4   Section        0  mdr32fxqi_rst_clk.o(.text.RST_CLK_DeInit)
    [Anonymous Symbol]                       0x080014ac   Section        0  mdr32fxqi_rst_clk.o(.text.RST_CLK_GetClocksFreq)
    [Anonymous Symbol]                       0x080015c0   Section        0  mdr32fxqi_rst_clk.o(.text.RST_CLK_HSEconfig)
    [Anonymous Symbol]                       0x080015e4   Section        0  mdr32fxqi_rst_clk.o(.text.RST_CLK_HSEstatus)
    [Anonymous Symbol]                       0x08001610   Section        0  mdr32fxqi_rst_clk.o(.text.RST_CLK_PCLKcmd)
    [Anonymous Symbol]                       0x08001628   Section        0  mdr32fxqi_ssp.o(.text.SSP_BRGInit)
    [Anonymous Symbol]                       0x08001670   Section        0  mdr32fxqi_ssp.o(.text.SSP_Cmd)
    [Anonymous Symbol]                       0x08001688   Section        0  mdr32fxqi_ssp.o(.text.SSP_DeInit)
    [Anonymous Symbol]                       0x0800169c   Section        0  mdr32fxqi_ssp.o(.text.SSP_GetFlagStatus)
    [Anonymous Symbol]                       0x080016a8   Section        0  mdr32fxqi_ssp.o(.text.SSP_Init)
    [Anonymous Symbol]                       0x080016d4   Section        0  mdr32fxqi_ssp.o(.text.SSP_ReceiveData)
    [Anonymous Symbol]                       0x080016dc   Section        0  mdr32fxqi_ssp.o(.text.SSP_SendData)
    [Anonymous Symbol]                       0x080016e0   Section        0  mdr32fxqi_ssp.o(.text.SSP_StructInit)
    [Anonymous Symbol]                       0x080016f4   Section        0  system.o(.text.SysTick_Handler)
    [Anonymous Symbol]                       0x08001704   Section        0  system_mdr32f9q2i.o(.text.SystemCoreClockUpdate)
    [Anonymous Symbol]                       0x08001770   Section        0  system_mdr32f9q2i.o(.text.SystemInit)
    [Anonymous Symbol]                       0x0800180c   Section        0  mdr32fxqi_uart.o(.text.UART_BRGInit)
    [Anonymous Symbol]                       0x08001854   Section        0  mdr32fxqi_uart.o(.text.UART_Cmd)
    [Anonymous Symbol]                       0x0800186c   Section        0  mdr32fxqi_uart.o(.text.UART_Init)
    [Anonymous Symbol]                       0x080018f0   Section        0  mdr32fxqi_uart.o(.text.UART_StructInit)
    [Anonymous Symbol]                       0x08001904   Section        0  mdr32fxqi_usb.o(.text.USB_BRGInit)
    [Anonymous Symbol]                       0x08001930   Section        0  mdr32fxqi_usb_cdc.o(.text.USB_CDC_ClassRequest)
    USB_CDC_DoDataOut                        0x080019c9   Thumb Code    56  mdr32fxqi_usb_cdc.o(.text.USB_CDC_DoDataOut)
    [Anonymous Symbol]                       0x080019c8   Section        0  mdr32fxqi_usb_cdc.o(.text.USB_CDC_DoDataOut)
    [Anonymous Symbol]                       0x08001a00   Section        0  mdr32fxqi_usb_cdc.o(.text.USB_CDC_GetDescriptor)
    [Anonymous Symbol]                       0x08001a54   Section        0  usb.o(.text.USB_CDC_GetLineCoding)
    [Anonymous Symbol]                       0x08001a64   Section        0  mdr32fxqi_usb_cdc.o(.text.USB_CDC_Init)
    USB_CDC_OnDataReceive                    0x08001a85   Thumb Code    60  mdr32fxqi_usb_cdc.o(.text.USB_CDC_OnDataReceive)
    [Anonymous Symbol]                       0x08001a84   Section        0  mdr32fxqi_usb_cdc.o(.text.USB_CDC_OnDataReceive)
    USB_CDC_OnDataSent                       0x08001ac1   Thumb Code    16  mdr32fxqi_usb_cdc.o(.text.USB_CDC_OnDataSent)
    [Anonymous Symbol]                       0x08001ac0   Section        0  mdr32fxqi_usb_cdc.o(.text.USB_CDC_OnDataSent)
    [Anonymous Symbol]                       0x08001ad0   Section        0  usb.o(.text.USB_CDC_RecieveData)
    [Anonymous Symbol]                       0x08001ae4   Section        0  mdr32fxqi_usb_cdc.o(.text.USB_CDC_Reset)
    [Anonymous Symbol]                       0x08001b34   Section        0  mdr32fxqi_usb_cdc.o(.text.USB_CDC_SendData)
    [Anonymous Symbol]                       0x08001b68   Section        0  usb.o(.text.USB_CDC_SetLineCoding)
    [Anonymous Symbol]                       0x08001b6c   Section        0  mdr32fxqi_usb_device.o(.text.USB_DeviceClearFeature)
    [Anonymous Symbol]                       0x08001bc4   Section        0  mdr32fxqi_usb_device.o(.text.USB_DeviceDoStatusOutAck)
    [Anonymous Symbol]                       0x08001c04   Section        0  mdr32fxqi_usb_device.o(.text.USB_DeviceInit)
    [Anonymous Symbol]                       0x08001c98   Section        0  mdr32fxqi_usb_device.o(.text.USB_DevicePowerOn)
    [Anonymous Symbol]                       0x08001cb0   Section        0  mdr32fxqi_usb_device.o(.text.USB_DeviceReset)
    [Anonymous Symbol]                       0x08001cc0   Section        0  mdr32fxqi_usb_device.o(.text.USB_DeviceSetFeature)
    [Anonymous Symbol]                       0x08001d0c   Section        0  mdr32fxqi_usb_device.o(.text.USB_DeviceSetupPacket)
    USB_Device_setAddressWork                0x08001fbd   Thumb Code    34  mdr32fxqi_usb_device.o(.text.USB_Device_setAddressWork)
    [Anonymous Symbol]                       0x08001fbc   Section        0  mdr32fxqi_usb_device.o(.text.USB_Device_setAddressWork)
    [Anonymous Symbol]                       0x08001fe0   Section        0  mdr32fxqi_usb_device.o(.text.USB_EP_Init)
    [Anonymous Symbol]                       0x08002018   Section        0  mdr32fxqi_usb_device.o(.text.USB_EP_dispatchEvent)
    [Anonymous Symbol]                       0x080023a0   Section        0  mdr32fxqi_usb_device.o(.text.USB_EP_doDataIn)
    [Anonymous Symbol]                       0x080023e0   Section        0  mdr32fxqi_usb_device.o(.text.USB_EP_doDataOut)
    USB_EP_sendInDataPortion                 0x08002425   Thumb Code   124  mdr32fxqi_usb_device.o(.text.USB_EP_sendInDataPortion)
    [Anonymous Symbol]                       0x08002424   Section        0  mdr32fxqi_usb_device.o(.text.USB_EP_sendInDataPortion)
    [Anonymous Symbol]                       0x080024a0   Section        0  mdr32fxqi_usb.o(.text.USB_GetSEPxCTRL)
    [Anonymous Symbol]                       0x080024b0   Section        0  mdr32fxqi_usb.o(.text.USB_GetSEPxRXFD)
    [Anonymous Symbol]                       0x080024c0   Section        0  mdr32fxqi_usb.o(.text.USB_GetSEPxRXFDC)
    [Anonymous Symbol]                       0x080024d0   Section        0  mdr32fxqi_usb.o(.text.USB_GetSEPxSTS)
    [Anonymous Symbol]                       0x080024e0   Section        0  mdr32fxqi_usb.o(.text.USB_GetSEPxTS)
    [Anonymous Symbol]                       0x080024f0   Section        0  mdr32fxqi_usb.o(.text.USB_GetSIS)
    [Anonymous Symbol]                       0x080024fc   Section        0  mdr32fxqi_usb_device.o(.text.USB_IRQHandler)
    [Anonymous Symbol]                       0x08002570   Section        0  mdr32fxqi_usb.o(.text.USB_Reset)
    [Anonymous Symbol]                       0x0800258c   Section        0  mdr32fxqi_usb.o(.text.USB_SEPxToggleEPDATASEQ)
    [Anonymous Symbol]                       0x080025a0   Section        0  mdr32fxqi_usb.o(.text.USB_SetHSCR)
    [Anonymous Symbol]                       0x080025b8   Section        0  mdr32fxqi_usb.o(.text.USB_SetSA)
    [Anonymous Symbol]                       0x080025c4   Section        0  mdr32fxqi_usb.o(.text.USB_SetSC)
    [Anonymous Symbol]                       0x080025dc   Section        0  mdr32fxqi_usb.o(.text.USB_SetSEPxCTRL)
    [Anonymous Symbol]                       0x080025f8   Section        0  mdr32fxqi_usb.o(.text.USB_SetSEPxRXFC)
    [Anonymous Symbol]                       0x08002608   Section        0  mdr32fxqi_usb.o(.text.USB_SetSEPxTXFD)
    [Anonymous Symbol]                       0x08002618   Section        0  mdr32fxqi_usb.o(.text.USB_SetSEPxTXFDC)
    [Anonymous Symbol]                       0x08002628   Section        0  mdr32fxqi_usb.o(.text.USB_SetSIM)
    [Anonymous Symbol]                       0x08002640   Section        0  mdr32fxqi_usb.o(.text.USB_SetSIS)
    [Anonymous Symbol]                       0x0800264c   Section        0  gpio.o(.text.connect_animation)
    [Anonymous Symbol]                       0x0800267c   Section        0  system.o(.text.delay_ms)
    [Anonymous Symbol]                       0x08002694   Section        0  system.o(.text.init_CPU)
    [Anonymous Symbol]                       0x08002708   Section        0  gpio.o(.text.init_GPIO)
    [Anonymous Symbol]                       0x08002748   Section        0  uart.o(.text.init_UART)
    [Anonymous Symbol]                       0x080027bc   Section        0  usb.o(.text.init_USB)
    [Anonymous Symbol]                       0x08002830   Section        0  main.o(.text.main)
    [Anonymous Symbol]                       0x08002c70   Section        0  uart.o(.text.process_immediate_command)
    [Anonymous Symbol]                       0x08002fb0   Section        0  system.o(.text.send_all)
    [Anonymous Symbol]                       0x08002fdc   Section        0  system.o(.text.send_decimal)
    [Anonymous Symbol]                       0x08003048   Section        0  system.o(.text.send_hex)
    [Anonymous Symbol]                       0x08003084   Section        0  system.o(.text.send_string)
    [Anonymous Symbol]                       0x080030b0   Section        0  usb.o(.text.send_usb_char)
    [Anonymous Symbol]                       0x08003108   Section        0  usb.o(.text.send_usb_hex)
    [Anonymous Symbol]                       0x080031bc   Section        0  gpio.o(.text.set_led_state)
    [Anonymous Symbol]                       0x080031f4   Section        0  uart.o(.text.show_menu)
    [Anonymous Symbol]                       0x080032f0   Section        0  gpio.o(.text.startup_animation)
    [Anonymous Symbol]                       0x08003354   Section        0  usb.o(.text.usb_flush)
    CL$$btod_d2e                             0x0800339e   Section       62  btod.o(CL$$btod_d2e)
    CL$$btod_d2e_denorm_low                  0x080033dc   Section       70  btod.o(CL$$btod_d2e_denorm_low)
    CL$$btod_d2e_norm_op1                    0x08003422   Section       96  btod.o(CL$$btod_d2e_norm_op1)
    CL$$btod_div_common                      0x08003484   Section      824  btod.o(CL$$btod_div_common)
    CL$$btod_e2e                             0x080037bc   Section      220  btod.o(CL$$btod_e2e)
    CL$$btod_ediv                            0x08003898   Section       42  btod.o(CL$$btod_ediv)
    CL$$btod_emul                            0x080038c2   Section       42  btod.o(CL$$btod_emul)
    CL$$btod_mult_common                     0x080038ec   Section      580  btod.o(CL$$btod_mult_common)
    i.__ARM_fpclassify                       0x08003b30   Section        0  fpclassify.o(i.__ARM_fpclassify)
    i._is_digit                              0x08003b58   Section        0  __printf_wp.o(i._is_digit)
    locale$$code                             0x08003b68   Section       44  lc_ctype_c.o(locale$$code)
    locale$$code                             0x08003b94   Section       44  lc_numeric_c.o(locale$$code)
    x$fpl$dretinf                            0x08003bc0   Section       12  dretinf.o(x$fpl$dretinf)
    x$fpl$f2d                                0x08003bcc   Section       86  f2d.o(x$fpl$f2d)
    x$fpl$fadd                               0x08003c24   Section      196  faddsub_clz.o(x$fpl$fadd)
    _fadd1                                   0x08003c33   Thumb Code     0  faddsub_clz.o(x$fpl$fadd)
    x$fpl$fcmp                               0x08003ce8   Section       84  fcmp.o(x$fpl$fcmp)
    x$fpl$fcmpinf                            0x08003d3c   Section       24  fcmpi.o(x$fpl$fcmpinf)
    _fdiv1                                   0x08003d55   Thumb Code     0  fdiv.o(x$fpl$fdiv)
    x$fpl$fdiv                               0x08003d54   Section      388  fdiv.o(x$fpl$fdiv)
    x$fpl$feqf                               0x08003ed8   Section      104  feqf.o(x$fpl$feqf)
    x$fpl$ffltu                              0x08003f40   Section       38  fflt_clz.o(x$fpl$ffltu)
    x$fpl$fgeqf                              0x08003f68   Section      104  fgeqf.o(x$fpl$fgeqf)
    x$fpl$fleqf                              0x08003fd0   Section      104  fleqf.o(x$fpl$fleqf)
    x$fpl$fmul                               0x08004038   Section      258  fmul.o(x$fpl$fmul)
    x$fpl$fnaninf                            0x0800413a   Section      140  fnaninf.o(x$fpl$fnaninf)
    x$fpl$fretinf                            0x080041c6   Section       10  fretinf.o(x$fpl$fretinf)
    x$fpl$fsub                               0x080041d0   Section      234  faddsub_clz.o(x$fpl$fsub)
    _fsub1                                   0x080041df   Thumb Code     0  faddsub_clz.o(x$fpl$fsub)
    x$fpl$printf1                            0x080042ba   Section        4  printf1.o(x$fpl$printf1)
    x$fpl$usenofp                            0x080042be   Section        0  usenofp.o(x$fpl$usenofp)
    tenpwrs_x                                0x080042c0   Data          60  bigflt0.o(.constdata)
    .constdata                               0x080042c0   Section      148  bigflt0.o(.constdata)
    tenpwrs_i                                0x080042fc   Data          64  bigflt0.o(.constdata)
    .L.str.4                                 0x08004354   Data          33  main.o(.rodata.str1.1)
    [Anonymous Symbol]                       0x08004354   Section        0  main.o(.rodata.str1.1)
    .L.str.9                                 0x08004375   Data          47  main.o(.rodata.str1.1)
    .L.str.5                                 0x080043a4   Data          21  main.o(.rodata.str1.1)
    .L.str.7                                 0x080043b9   Data          16  main.o(.rodata.str1.1)
    .L.str.11                                0x080043c9   Data          18  main.o(.rodata.str1.1)
    .L.str.6                                 0x080043db   Data          54  max31865.o(.rodata.str1.1)
    [Anonymous Symbol]                       0x080043db   Section        0  max31865.o(.rodata.str1.1)
    .L__const.send_hex.hex                   0x08004411   Data          17  system.o(.rodata.str1.1)
    .L__const.send_usb_hex.hex               0x08004411   Data          17  system.o(.rodata.str1.1)
    [Anonymous Symbol]                       0x08004411   Section        0  system.o(.rodata.str1.1)
    .L.str.6                                 0x08004422   Data          34  uart.o(.rodata.str1.1)
    [Anonymous Symbol]                       0x08004422   Section        0  uart.o(.rodata.str1.1)
    .L.str.18                                0x08004444   Data          44  uart.o(.rodata.str1.1)
    .L.str.1                                 0x08004470   Data          44  uart.o(.rodata.str1.1)
    .L.str.15                                0x0800449c   Data          19  uart.o(.rodata.str1.1)
    .L.str.28                                0x080044af   Data          38  uart.o(.rodata.str1.1)
    .L.str.2                                 0x080044d5   Data          12  uart.o(.rodata.str1.1)
    .L.str.19                                0x080044e1   Data          34  uart.o(.rodata.str1.1)
    .L.str.21                                0x08004503   Data          18  uart.o(.rodata.str1.1)
    .L.str.5                                 0x08004515   Data          33  uart.o(.rodata.str1.1)
    .L.str.14                                0x08004530   Data           6  uart.o(.rodata.str1.1)
    .L.str.10                                0x08004536   Data          82  uart.o(.rodata.str1.1)
    .L.str.4                                 0x08004588   Data          29  uart.o(.rodata.str1.1)
    .L.str                                   0x080045a2   Data           3  uart.o(.rodata.str1.1)
    .L.str.13                                0x080045a5   Data          24  uart.o(.rodata.str1.1)
    .L.str.12                                0x080045bd   Data           4  uart.o(.rodata.str1.1)
    .L.str.11                                0x080045c1   Data           3  uart.o(.rodata.str1.1)
    .L.str.16                                0x080045c4   Data          27  main.o(.rodata.str1.4)
    .L.str.6                                 0x080045c4   Data          27  main.o(.rodata.str1.4)
    [Anonymous Symbol]                       0x080045c4   Section        0  main.o(.rodata.str1.4)
    .L.str.10                                0x080045e0   Data          17  main.o(.rodata.str1.4)
    locale$$data                             0x08004614   Section      272  lc_ctype_c.o(locale$$data)
    __lcctype_c_name                         0x08004618   Data           2  lc_ctype_c.o(locale$$data)
    __lcctype_c_start                        0x08004620   Data           0  lc_ctype_c.o(locale$$data)
    __lcctype_c_end                          0x08004724   Data           0  lc_ctype_c.o(locale$$data)
    locale$$data                             0x08004724   Section       28  lc_numeric_c.o(locale$$data)
    __lcnum_c_name                           0x08004728   Data           2  lc_numeric_c.o(locale$$data)
    __lcnum_c_start                          0x08004730   Data           0  lc_numeric_c.o(locale$$data)
    __lcnum_c_point                          0x0800473c   Data           0  lc_numeric_c.o(locale$$data)
    __lcnum_c_thousands                      0x0800473e   Data           0  lc_numeric_c.o(locale$$data)
    __lcnum_c_grouping                       0x0800473f   Data           0  lc_numeric_c.o(locale$$data)
    __lcnum_c_end                            0x08004740   Data           0  lc_numeric_c.o(locale$$data)
    Usb_CDC_Configuration_Descriptor         0x20000004   Data          67  mdr32fxqi_usb_cdc.o(.data.Usb_CDC_Configuration_Descriptor)
    [Anonymous Symbol]                       0x20000004   Section        0  mdr32fxqi_usb_cdc.o(.data.Usb_CDC_Configuration_Descriptor)
    Usb_CDC_Device_Descriptor                0x20000047   Data          18  mdr32fxqi_usb_cdc.o(.data.Usb_CDC_Device_Descriptor)
    [Anonymous Symbol]                       0x20000047   Section        0  mdr32fxqi_usb_cdc.o(.data.Usb_CDC_Device_Descriptor)
    .bss                                     0x20000060   Section       96  libspace.o(.bss)
    CDC_ClassPacketData                      0x200000c0   Data           8  mdr32fxqi_usb_cdc.o(.bss.CDC_ClassPacketData)
    [Anonymous Symbol]                       0x200000c0   Section        0  mdr32fxqi_usb_cdc.o(.bss.CDC_ClassPacketData)
    SetupPacketData                          0x200000c8   Data           2  mdr32fxqi_usb_device.o(.bss.SetupPacketData)
    [Anonymous Symbol]                       0x200000c8   Section        0  mdr32fxqi_usb_device.o(.bss.SetupPacketData)
    USB_CDCContext                           0x200000cc   Data          12  mdr32fxqi_usb_cdc.o(.bss.USB_CDCContext)
    [Anonymous Symbol]                       0x200000cc   Section        0  mdr32fxqi_usb_cdc.o(.bss.USB_CDCContext)
    USB_DeviceDispatchEvent.bHandling        0x200000ec   Data           4  mdr32fxqi_usb_device.o(.bss.USB_DeviceDispatchEvent.bHandling)
    [Anonymous Symbol]                       0x200000ec   Section        0  mdr32fxqi_usb_device.o(.bss.USB_DeviceDispatchEvent.bHandling)
    usb_rx_buffer                            0x200001b2   Data          64  main.o(.bss.usb_rx_buffer)
    [Anonymous Symbol]                       0x200001b2   Section        0  main.o(.bss.usb_rx_buffer)
    usb_tx_buffer                            0x200001f2   Data          64  usb.o(.bss.usb_tx_buffer)
    [Anonymous Symbol]                       0x200001f2   Section        0  usb.o(.bss.usb_tx_buffer)
    usb_tx_count                             0x20000232   Data           1  usb.o(.bss.usb_tx_count)
    [Anonymous Symbol]                       0x20000232   Section        0  usb.o(.bss.usb_tx_count)
    Heap_Mem                                 0x20000238   Data         512  startup_mdr32f9q2i.o(HEAP)
    HEAP                                     0x20000238   Section      512  startup_mdr32f9q2i.o(HEAP)
    Stack_Mem                                0x20000438   Data        1024  startup_mdr32f9q2i.o(STACK)
    STACK                                    0x20000438   Section     1024  startup_mdr32f9q2i.o(STACK)
    __initial_sp                             0x20000838   Data           0  startup_mdr32f9q2i.o(STACK)

    Global Symbols

    Symbol Name                              Value     Ov Type        Size  Object(Section)

    BuildAttributes$$THM_ISAv4$P$D$K$B$S$PE$A:L22UL41UL21$X:L11$S22US41US21$IEEE1$IW$~IW$USESV6$~STKCKD$USESV7$~SHL$OTIME$ROPI$IEEEJ$EBA8$UX$STANDARDLIB$REQ8$PRES8$EABIv2 0x00000000   Number         0  anon$$obj.o ABSOLUTE
    __fp_init_empty                          0x00000000   Number         0  fpinit_empty.o ABSOLUTE
    _printf_flags                            0x00000000   Number         0  printf_stubs.o ABSOLUTE
    _printf_return_value                     0x00000000   Number         0  printf_stubs.o ABSOLUTE
    _printf_sizespec                         0x00000000   Number         0  printf_stubs.o ABSOLUTE
    _printf_widthprec                        0x00000000   Number         0  printf_stubs.o ABSOLUTE
    __ARM_exceptions_init                     - Undefined Weak Reference
    __alloca_initialize                       - Undefined Weak Reference
    __arm_preinit_                            - Undefined Weak Reference
    __arm_relocate_pie_                       - Undefined Weak Reference
    __cpp_initialize__aeabi_                  - Undefined Weak Reference
    __cxa_finalize                            - Undefined Weak Reference
    __sigvec_lookup                           - Undefined Weak Reference
    _atexit_init                              - Undefined Weak Reference
    _call_atexit_fns                          - Undefined Weak Reference
    _clock_init                               - Undefined Weak Reference
    _fp_trap_init                             - Undefined Weak Reference
    _fp_trap_shutdown                         - Undefined Weak Reference
    _get_lc_collate                           - Undefined Weak Reference
    _get_lc_monetary                          - Undefined Weak Reference
    _get_lc_time                              - Undefined Weak Reference
    _getenv_init                              - Undefined Weak Reference
    _handle_redirection                       - Undefined Weak Reference
    _init_alloc                               - Undefined Weak Reference
    _init_user_alloc                          - Undefined Weak Reference
    _initio                                   - Undefined Weak Reference
    _printf_mbtowc                            - Undefined Weak Reference
    _printf_post_padding                      - Undefined Weak Reference
    _printf_pre_padding                       - Undefined Weak Reference
    _rand_init                                - Undefined Weak Reference
    _signal_finish                            - Undefined Weak Reference
    _signal_init                              - Undefined Weak Reference
    _terminate_alloc                          - Undefined Weak Reference
    _terminate_user_alloc                     - Undefined Weak Reference
    _terminateio                              - Undefined Weak Reference
    __Vectors_Size                           0x000000c0   Number         0  startup_mdr32f9q2i.o ABSOLUTE
    __Vectors                                0x08000000   Data           4  startup_mdr32f9q2i.o(RESET)
    __Vectors_End                            0x080000c0   Data           0  startup_mdr32f9q2i.o(RESET)
    __main                                   0x080000c1   Thumb Code     8  __main.o(!!!main)
    __scatterload                            0x080000c9   Thumb Code     0  __scatter.o(!!!scatter)
    __scatterload_rt2                        0x080000c9   Thumb Code    84  __scatter.o(!!!scatter)
    __scatterload_rt2_thumb_only             0x080000c9   Thumb Code     0  __scatter.o(!!!scatter)
    __scatterload_loop                       0x080000d3   Thumb Code     0  __scatter.o(!!!scatter)
    __scatterload_copy                       0x08000125   Thumb Code    26  __scatter_copy.o(!!handler_copy)
    __scatterload_null                       0x08000141   Thumb Code     2  __scatter.o(!!handler_null)
    __scatterload_zeroinit                   0x08000145   Thumb Code    28  __scatter_zi.o(!!handler_zi)
    _printf_f                                0x08000161   Thumb Code     0  _printf_f.o(.ARM.Collect$$_printf_percent$$00000003)
    _printf_percent                          0x08000161   Thumb Code     0  _printf_percent.o(.ARM.Collect$$_printf_percent$$00000000)
    _printf_s                                0x08000167   Thumb Code     0  _printf_s.o(.ARM.Collect$$_printf_percent$$00000014)
    _printf_percent_end                      0x0800016d   Thumb Code     0  _printf_percent_end.o(.ARM.Collect$$_printf_percent$$00000017)
    __rt_lib_init                            0x08000171   Thumb Code     0  libinit.o(.ARM.Collect$$libinit$$00000000)
    __rt_lib_init_fp_1                       0x08000173   Thumb Code     0  libinit2.o(.ARM.Collect$$libinit$$00000002)
    __rt_lib_init_heap_1                     0x08000173   Thumb Code     0  libinit2.o(.ARM.Collect$$libinit$$0000000C)
    __rt_lib_init_lc_common                  0x08000173   Thumb Code     0  libinit2.o(.ARM.Collect$$libinit$$00000011)
    __rt_lib_init_preinit_1                  0x08000173   Thumb Code     0  libinit2.o(.ARM.Collect$$libinit$$00000006)
    __rt_lib_init_rand_1                     0x08000173   Thumb Code     0  libinit2.o(.ARM.Collect$$libinit$$00000010)
    __rt_lib_init_relocate_pie_1             0x08000173   Thumb Code     0  libinit2.o(.ARM.Collect$$libinit$$00000004)
    __rt_lib_init_user_alloc_1               0x08000173   Thumb Code     0  libinit2.o(.ARM.Collect$$libinit$$0000000E)
    __rt_lib_init_lc_collate_1               0x08000179   Thumb Code     0  libinit2.o(.ARM.Collect$$libinit$$00000013)
    __rt_lib_init_lc_ctype_2                 0x08000179   Thumb Code     0  libinit2.o(.ARM.Collect$$libinit$$00000014)
    __rt_lib_init_lc_ctype_1                 0x08000185   Thumb Code     0  libinit2.o(.ARM.Collect$$libinit$$00000015)
    __rt_lib_init_lc_monetary_1              0x08000185   Thumb Code     0  libinit2.o(.ARM.Collect$$libinit$$00000017)
    __rt_lib_init_lc_numeric_2               0x08000185   Thumb Code     0  libinit2.o(.ARM.Collect$$libinit$$00000018)
    __rt_lib_init_alloca_1                   0x0800018f   Thumb Code     0  libinit2.o(.ARM.Collect$$libinit$$00000030)
    __rt_lib_init_argv_1                     0x0800018f   Thumb Code     0  libinit2.o(.ARM.Collect$$libinit$$0000002E)
    __rt_lib_init_atexit_1                   0x0800018f   Thumb Code     0  libinit2.o(.ARM.Collect$$libinit$$0000001D)
    __rt_lib_init_clock_1                    0x0800018f   Thumb Code     0  libinit2.o(.ARM.Collect$$libinit$$00000023)
    __rt_lib_init_cpp_1                      0x0800018f   Thumb Code     0  libinit2.o(.ARM.Collect$$libinit$$00000034)
    __rt_lib_init_exceptions_1               0x0800018f   Thumb Code     0  libinit2.o(.ARM.Collect$$libinit$$00000032)
    __rt_lib_init_fp_trap_1                  0x0800018f   Thumb Code     0  libinit2.o(.ARM.Collect$$libinit$$00000021)
    __rt_lib_init_getenv_1                   0x0800018f   Thumb Code     0  libinit2.o(.ARM.Collect$$libinit$$00000025)
    __rt_lib_init_lc_numeric_1               0x0800018f   Thumb Code     0  libinit2.o(.ARM.Collect$$libinit$$00000019)
    __rt_lib_init_lc_time_1                  0x0800018f   Thumb Code     0  libinit2.o(.ARM.Collect$$libinit$$0000001B)
    __rt_lib_init_return                     0x0800018f   Thumb Code     0  libinit2.o(.ARM.Collect$$libinit$$00000035)
    __rt_lib_init_signal_1                   0x0800018f   Thumb Code     0  libinit2.o(.ARM.Collect$$libinit$$0000001F)
    __rt_lib_init_stdio_1                    0x0800018f   Thumb Code     0  libinit2.o(.ARM.Collect$$libinit$$00000027)
    __rt_lib_shutdown                        0x08000191   Thumb Code     0  libshutdown.o(.ARM.Collect$$libshutdown$$00000000)
    __rt_lib_shutdown_cpp_1                  0x08000193   Thumb Code     0  libshutdown2.o(.ARM.Collect$$libshutdown$$00000002)
    __rt_lib_shutdown_fp_trap_1              0x08000193   Thumb Code     0  libshutdown2.o(.ARM.Collect$$libshutdown$$00000007)
    __rt_lib_shutdown_heap_1                 0x08000193   Thumb Code     0  libshutdown2.o(.ARM.Collect$$libshutdown$$0000000F)
    __rt_lib_shutdown_return                 0x08000193   Thumb Code     0  libshutdown2.o(.ARM.Collect$$libshutdown$$00000010)
    __rt_lib_shutdown_signal_1               0x08000193   Thumb Code     0  libshutdown2.o(.ARM.Collect$$libshutdown$$0000000A)
    __rt_lib_shutdown_stdio_1                0x08000193   Thumb Code     0  libshutdown2.o(.ARM.Collect$$libshutdown$$00000004)
    __rt_lib_shutdown_user_alloc_1           0x08000193   Thumb Code     0  libshutdown2.o(.ARM.Collect$$libshutdown$$0000000C)
    __rt_entry                               0x08000195   Thumb Code     0  __rtentry.o(.ARM.Collect$$rtentry$$00000000)
    __rt_entry_presh_1                       0x08000195   Thumb Code     0  __rtentry2.o(.ARM.Collect$$rtentry$$00000002)
    __rt_entry_sh                            0x08000195   Thumb Code     0  __rtentry4.o(.ARM.Collect$$rtentry$$00000004)
    __rt_entry_li                            0x0800019b   Thumb Code     0  __rtentry2.o(.ARM.Collect$$rtentry$$0000000A)
    __rt_entry_postsh_1                      0x0800019b   Thumb Code     0  __rtentry2.o(.ARM.Collect$$rtentry$$00000009)
    __rt_entry_main                          0x0800019f   Thumb Code     0  __rtentry2.o(.ARM.Collect$$rtentry$$0000000D)
    __rt_entry_postli_1                      0x0800019f   Thumb Code     0  __rtentry2.o(.ARM.Collect$$rtentry$$0000000C)
    __rt_exit                                0x080001a7   Thumb Code     0  rtexit.o(.ARM.Collect$$rtexit$$00000000)
    __rt_exit_ls                             0x080001a9   Thumb Code     0  rtexit2.o(.ARM.Collect$$rtexit$$00000003)
    __rt_exit_prels_1                        0x080001a9   Thumb Code     0  rtexit2.o(.ARM.Collect$$rtexit$$00000002)
    __rt_exit_exit                           0x080001ad   Thumb Code     0  rtexit2.o(.ARM.Collect$$rtexit$$00000004)
    Reset_Handler                            0x080001b5   Thumb Code     8  startup_mdr32f9q2i.o(.text)
    NMI_Handler                              0x080001bd   Thumb Code     2  startup_mdr32f9q2i.o(.text)
    HardFault_Handler                        0x080001bf   Thumb Code     2  startup_mdr32f9q2i.o(.text)
    MemManage_Handler                        0x080001c1   Thumb Code     2  startup_mdr32f9q2i.o(.text)
    BusFault_Handler                         0x080001c3   Thumb Code     2  startup_mdr32f9q2i.o(.text)
    UsageFault_Handler                       0x080001c5   Thumb Code     2  startup_mdr32f9q2i.o(.text)
    SVC_Handler                              0x080001c7   Thumb Code     2  startup_mdr32f9q2i.o(.text)
    DebugMon_Handler                         0x080001c9   Thumb Code     2  startup_mdr32f9q2i.o(.text)
    PendSV_Handler                           0x080001cb   Thumb Code     2  startup_mdr32f9q2i.o(.text)
    CAN1_IRQHandler                          0x080001cf   Thumb Code     2  startup_mdr32f9q2i.o(.text)
    CAN2_IRQHandler                          0x080001d1   Thumb Code     2  startup_mdr32f9q2i.o(.text)
    DMA_IRQHandler                           0x080001d5   Thumb Code     2  startup_mdr32f9q2i.o(.text)
    UART1_IRQHandler                         0x080001d7   Thumb Code     2  startup_mdr32f9q2i.o(.text)
    UART2_IRQHandler                         0x080001d9   Thumb Code     2  startup_mdr32f9q2i.o(.text)
    SSP1_IRQHandler                          0x080001db   Thumb Code     2  startup_mdr32f9q2i.o(.text)
    I2C_IRQHandler                           0x080001dd   Thumb Code     2  startup_mdr32f9q2i.o(.text)
    POWER_IRQHandler                         0x080001df   Thumb Code     2  startup_mdr32f9q2i.o(.text)
    WWDG_IRQHandler                          0x080001e1   Thumb Code     2  startup_mdr32f9q2i.o(.text)
    Timer1_IRQHandler                        0x080001e3   Thumb Code     2  startup_mdr32f9q2i.o(.text)
    Timer2_IRQHandler                        0x080001e5   Thumb Code     2  startup_mdr32f9q2i.o(.text)
    Timer3_IRQHandler                        0x080001e7   Thumb Code     2  startup_mdr32f9q2i.o(.text)
    ADC_IRQHandler                           0x080001e9   Thumb Code     2  startup_mdr32f9q2i.o(.text)
    COMPARATOR_IRQHandler                    0x080001eb   Thumb Code     2  startup_mdr32f9q2i.o(.text)
    SSP2_IRQHandler                          0x080001ed   Thumb Code     2  startup_mdr32f9q2i.o(.text)
    BACKUP_IRQHandler                        0x080001ef   Thumb Code     2  startup_mdr32f9q2i.o(.text)
    EXT_INT1_IRQHandler                      0x080001f1   Thumb Code     2  startup_mdr32f9q2i.o(.text)
    EXT_INT2_IRQHandler                      0x080001f3   Thumb Code     2  startup_mdr32f9q2i.o(.text)
    EXT_INT3_IRQHandler                      0x080001f5   Thumb Code     2  startup_mdr32f9q2i.o(.text)
    EXT_INT4_IRQHandler                      0x080001f7   Thumb Code     2  startup_mdr32f9q2i.o(.text)
    __user_initial_stackheap                 0x080001f9   Thumb Code     0  startup_mdr32f9q2i.o(.text)
    toupper                                  0x0800021d   Thumb Code    30  toupper.o(.text)
    __2sprintf                               0x0800023d   Thumb Code    34  noretval__2sprintf.o(.text)
    _printf_str                              0x08000265   Thumb Code    82  _printf_str.o(.text)
    __printf                                 0x080002b7   Thumb Code   270  __printf_wp.o(.text)
    __use_two_region_memory                  0x080003c5   Thumb Code     2  heapauxi.o(.text)
    __rt_heap_escrow$2region                 0x080003c7   Thumb Code     2  heapauxi.o(.text)
    __rt_heap_expand$2region                 0x080003c9   Thumb Code     2  heapauxi.o(.text)
    __rt_ctype_table                         0x080003cd   Thumb Code    16  rt_ctype_table.o(.text)
    _printf_fp_dec_real                      0x0800058d   Thumb Code   620  _printf_fp_dec.o(.text)
    _printf_char_common                      0x08000803   Thumb Code    32  _printf_char_common.o(.text)
    _sputc                                   0x08000829   Thumb Code    10  _sputc.o(.text)
    _printf_cs_common                        0x08000833   Thumb Code    20  _printf_char.o(.text)
    _printf_char                             0x08000847   Thumb Code    16  _printf_char.o(.text)
    _printf_string                           0x08000857   Thumb Code     8  _printf_char.o(.text)
    __rt_locale                              0x08000861   Thumb Code     8  rt_locale_intlibspace.o(.text)
    _ll_udiv10                               0x08000869   Thumb Code   138  lludiv10.o(.text)
    _printf_fp_infnan                        0x080008f5   Thumb Code   112  _printf_fp_infnan.o(.text)
    _btod_etento                             0x08000975   Thumb Code   224  bigflt0.o(.text)
    __user_libspace                          0x08000a59   Thumb Code     8  libspace.o(.text)
    __user_perproc_libspace                  0x08000a59   Thumb Code     0  libspace.o(.text)
    __user_perthread_libspace                0x08000a59   Thumb Code     0  libspace.o(.text)
    __user_setup_stackheap                   0x08000a61   Thumb Code    74  sys_stackheap_outer.o(.text)
    exit                                     0x08000aab   Thumb Code    18  exit.o(.text)
    strcmp                                   0x08000abd   Thumb Code   128  strcmpv7m.o(.text)
    _sys_exit                                0x08000b3d   Thumb Code     8  sys_exit.o(.text)
    __I$use$semihosting                      0x08000b49   Thumb Code     0  use_no_semi.o(.text)
    __use_no_semihosting_swi                 0x08000b49   Thumb Code     2  use_no_semi.o(.text)
    __semihosting_library_function           0x08000b4b   Thumb Code     0  indicate_semi.o(.text)
    MAX31865_Init                            0x08000b4d   Thumb Code   644  max31865.o(.text.MAX31865_Init)
    MAX31865_ReadRTD                         0x08000dd1   Thumb Code   468  max31865.o(.text.MAX31865_ReadRTD)
    MAX31865_ReadTemperature                 0x08000fa5   Thumb Code   288  max31865.o(.text.MAX31865_ReadTemperature)
    PORT_Init                                0x08001155   Thumb Code   298  mdr32fxqi_port.o(.text.PORT_Init)
    PORT_ResetBits                           0x08001281   Thumb Code    10  mdr32fxqi_port.o(.text.PORT_ResetBits)
    PORT_SetBits                             0x0800128d   Thumb Code     8  mdr32fxqi_port.o(.text.PORT_SetBits)
    PORT_StructInit                          0x08001295   Thumb Code    20  mdr32fxqi_port.o(.text.PORT_StructInit)
    RST_CLK_CPUclkPrescaler                  0x080012a9   Thumb Code    20  mdr32fxqi_rst_clk.o(.text.RST_CLK_CPUclkPrescaler)
    RST_CLK_CPUclkSelection                  0x080012bd   Thumb Code    18  mdr32fxqi_rst_clk.o(.text.RST_CLK_CPUclkSelection)
    RST_CLK_CPUclkSelectionC1                0x080012d1   Thumb Code    18  mdr32fxqi_rst_clk.o(.text.RST_CLK_CPUclkSelectionC1)
    RST_CLK_DeInit                           0x080012e5   Thumb Code   454  mdr32fxqi_rst_clk.o(.text.RST_CLK_DeInit)
    RST_CLK_GetClocksFreq                    0x080014ad   Thumb Code   274  mdr32fxqi_rst_clk.o(.text.RST_CLK_GetClocksFreq)
    RST_CLK_HSEconfig                        0x080015c1   Thumb Code    34  mdr32fxqi_rst_clk.o(.text.RST_CLK_HSEconfig)
    RST_CLK_HSEstatus                        0x080015e5   Thumb Code    44  mdr32fxqi_rst_clk.o(.text.RST_CLK_HSEstatus)
    RST_CLK_PCLKcmd                          0x08001611   Thumb Code    24  mdr32fxqi_rst_clk.o(.text.RST_CLK_PCLKcmd)
    SSP_BRGInit                              0x08001629   Thumb Code    70  mdr32fxqi_ssp.o(.text.SSP_BRGInit)
    SSP_Cmd                                  0x08001671   Thumb Code    22  mdr32fxqi_ssp.o(.text.SSP_Cmd)
    SSP_DeInit                               0x08001689   Thumb Code    18  mdr32fxqi_ssp.o(.text.SSP_DeInit)
    SSP_GetFlagStatus                        0x0800169d   Thumb Code    10  mdr32fxqi_ssp.o(.text.SSP_GetFlagStatus)
    SSP_Init                                 0x080016a9   Thumb Code    42  mdr32fxqi_ssp.o(.text.SSP_Init)
    SSP_ReceiveData                          0x080016d5   Thumb Code     6  mdr32fxqi_ssp.o(.text.SSP_ReceiveData)
    SSP_SendData                             0x080016dd   Thumb Code     4  mdr32fxqi_ssp.o(.text.SSP_SendData)
    SSP_StructInit                           0x080016e1   Thumb Code    18  mdr32fxqi_ssp.o(.text.SSP_StructInit)
    SysTick_Handler                          0x080016f5   Thumb Code    16  system.o(.text.SysTick_Handler)
    SystemCoreClockUpdate                    0x08001705   Thumb Code   108  system_mdr32f9q2i.o(.text.SystemCoreClockUpdate)
    SystemInit                               0x08001771   Thumb Code   156  system_mdr32f9q2i.o(.text.SystemInit)
    UART_BRGInit                             0x0800180d   Thumb Code    72  mdr32fxqi_uart.o(.text.UART_BRGInit)
    UART_Cmd                                 0x08001855   Thumb Code    22  mdr32fxqi_uart.o(.text.UART_Cmd)
    UART_Init                                0x0800186d   Thumb Code   130  mdr32fxqi_uart.o(.text.UART_Init)
    UART_StructInit                          0x080018f1   Thumb Code    20  mdr32fxqi_uart.o(.text.UART_StructInit)
    USB_BRGInit                              0x08001905   Thumb Code    42  mdr32fxqi_usb.o(.text.USB_BRGInit)
    USB_CDC_ClassRequest                     0x08001931   Thumb Code   150  mdr32fxqi_usb_cdc.o(.text.USB_CDC_ClassRequest)
    USB_CDC_GetDescriptor                    0x08001a01   Thumb Code    82  mdr32fxqi_usb_cdc.o(.text.USB_CDC_GetDescriptor)
    USB_CDC_GetLineCoding                    0x08001a55   Thumb Code    16  usb.o(.text.USB_CDC_GetLineCoding)
    USB_CDC_Init                             0x08001a65   Thumb Code    30  mdr32fxqi_usb_cdc.o(.text.USB_CDC_Init)
    USB_CDC_RecieveData                      0x08001ad1   Thumb Code    18  usb.o(.text.USB_CDC_RecieveData)
    USB_CDC_Reset                            0x08001ae5   Thumb Code    80  mdr32fxqi_usb_cdc.o(.text.USB_CDC_Reset)
    USB_CDC_SendData                         0x08001b35   Thumb Code    52  mdr32fxqi_usb_cdc.o(.text.USB_CDC_SendData)
    USB_CDC_SetLineCoding                    0x08001b69   Thumb Code     4  usb.o(.text.USB_CDC_SetLineCoding)
    USB_DeviceClearFeature                   0x08001b6d   Thumb Code    86  mdr32fxqi_usb_device.o(.text.USB_DeviceClearFeature)
    USB_DeviceDoStatusOutAck                 0x08001bc5   Thumb Code    62  mdr32fxqi_usb_device.o(.text.USB_DeviceDoStatusOutAck)
    USB_DeviceInit                           0x08001c05   Thumb Code   148  mdr32fxqi_usb_device.o(.text.USB_DeviceInit)
    USB_DevicePowerOn                        0x08001c99   Thumb Code    24  mdr32fxqi_usb_device.o(.text.USB_DevicePowerOn)
    USB_DeviceReset                          0x08001cb1   Thumb Code    16  mdr32fxqi_usb_device.o(.text.USB_DeviceReset)
    USB_DeviceSetFeature                     0x08001cc1   Thumb Code    74  mdr32fxqi_usb_device.o(.text.USB_DeviceSetFeature)
    USB_DeviceSetupPacket                    0x08001d0d   Thumb Code   686  mdr32fxqi_usb_device.o(.text.USB_DeviceSetupPacket)
    USB_EP_Init                              0x08001fe1   Thumb Code    56  mdr32fxqi_usb_device.o(.text.USB_EP_Init)
    USB_EP_dispatchEvent                     0x08002019   Thumb Code   904  mdr32fxqi_usb_device.o(.text.USB_EP_dispatchEvent)
    USB_EP_doDataIn                          0x080023a1   Thumb Code    62  mdr32fxqi_usb_device.o(.text.USB_EP_doDataIn)
    USB_EP_doDataOut                         0x080023e1   Thumb Code    66  mdr32fxqi_usb_device.o(.text.USB_EP_doDataOut)
    USB_GetSEPxCTRL                          0x080024a1   Thumb Code    14  mdr32fxqi_usb.o(.text.USB_GetSEPxCTRL)
    USB_GetSEPxRXFD                          0x080024b1   Thumb Code    14  mdr32fxqi_usb.o(.text.USB_GetSEPxRXFD)
    USB_GetSEPxRXFDC                         0x080024c1   Thumb Code    14  mdr32fxqi_usb.o(.text.USB_GetSEPxRXFDC)
    USB_GetSEPxSTS                           0x080024d1   Thumb Code    14  mdr32fxqi_usb.o(.text.USB_GetSEPxSTS)
    USB_GetSEPxTS                            0x080024e1   Thumb Code    14  mdr32fxqi_usb.o(.text.USB_GetSEPxTS)
    USB_GetSIS                               0x080024f1   Thumb Code    12  mdr32fxqi_usb.o(.text.USB_GetSIS)
    USB_IRQHandler                           0x080024fd   Thumb Code   114  mdr32fxqi_usb_device.o(.text.USB_IRQHandler)
    USB_Reset                                0x08002571   Thumb Code    26  mdr32fxqi_usb.o(.text.USB_Reset)
    USB_SEPxToggleEPDATASEQ                  0x0800258d   Thumb Code    20  mdr32fxqi_usb.o(.text.USB_SEPxToggleEPDATASEQ)
    USB_SetHSCR                              0x080025a1   Thumb Code    22  mdr32fxqi_usb.o(.text.USB_SetHSCR)
    USB_SetSA                                0x080025b9   Thumb Code    12  mdr32fxqi_usb.o(.text.USB_SetSA)
    USB_SetSC                                0x080025c5   Thumb Code    22  mdr32fxqi_usb.o(.text.USB_SetSC)
    USB_SetSEPxCTRL                          0x080025dd   Thumb Code    28  mdr32fxqi_usb.o(.text.USB_SetSEPxCTRL)
    USB_SetSEPxRXFC                          0x080025f9   Thumb Code    14  mdr32fxqi_usb.o(.text.USB_SetSEPxRXFC)
    USB_SetSEPxTXFD                          0x08002609   Thumb Code    14  mdr32fxqi_usb.o(.text.USB_SetSEPxTXFD)
    USB_SetSEPxTXFDC                         0x08002619   Thumb Code    14  mdr32fxqi_usb.o(.text.USB_SetSEPxTXFDC)
    USB_SetSIM                               0x08002629   Thumb Code    22  mdr32fxqi_usb.o(.text.USB_SetSIM)
    USB_SetSIS                               0x08002641   Thumb Code    12  mdr32fxqi_usb.o(.text.USB_SetSIS)
    connect_animation                        0x0800264d   Thumb Code    46  gpio.o(.text.connect_animation)
    delay_ms                                 0x0800267d   Thumb Code    22  system.o(.text.delay_ms)
    init_CPU                                 0x08002695   Thumb Code   114  system.o(.text.init_CPU)
    init_GPIO                                0x08002709   Thumb Code    62  gpio.o(.text.init_GPIO)
    init_UART                                0x08002749   Thumb Code   116  uart.o(.text.init_UART)
    init_USB                                 0x080027bd   Thumb Code   116  usb.o(.text.init_USB)
    main                                     0x08002831   Thumb Code   944  main.o(.text.main)
    process_immediate_command                0x08002c71   Thumb Code   676  uart.o(.text.process_immediate_command)
    send_all                                 0x08002fb1   Thumb Code    44  system.o(.text.send_all)
    send_decimal                             0x08002fdd   Thumb Code   106  system.o(.text.send_decimal)
    send_hex                                 0x08003049   Thumb Code    60  system.o(.text.send_hex)
    send_string                              0x08003085   Thumb Code    44  system.o(.text.send_string)
    send_usb_char                            0x080030b1   Thumb Code    86  usb.o(.text.send_usb_char)
    send_usb_hex                             0x08003109   Thumb Code   180  usb.o(.text.send_usb_hex)
    set_led_state                            0x080031bd   Thumb Code    40  gpio.o(.text.set_led_state)
    show_menu                                0x080031f5   Thumb Code   116  uart.o(.text.show_menu)
    startup_animation                        0x080032f1   Thumb Code   100  gpio.o(.text.startup_animation)
    usb_flush                                0x08003355   Thumb Code    74  usb.o(.text.usb_flush)
    _btod_d2e                                0x0800339f   Thumb Code    62  btod.o(CL$$btod_d2e)
    _d2e_denorm_low                          0x080033dd   Thumb Code    70  btod.o(CL$$btod_d2e_denorm_low)
    _d2e_norm_op1                            0x08003423   Thumb Code    96  btod.o(CL$$btod_d2e_norm_op1)
    __btod_div_common                        0x08003485   Thumb Code   696  btod.o(CL$$btod_div_common)
    _e2e                                     0x080037bd   Thumb Code   220  btod.o(CL$$btod_e2e)
    _btod_ediv                               0x08003899   Thumb Code    42  btod.o(CL$$btod_ediv)
    _btod_emul                               0x080038c3   Thumb Code    42  btod.o(CL$$btod_emul)
    __btod_mult_common                       0x080038ed   Thumb Code   580  btod.o(CL$$btod_mult_common)
    __ARM_fpclassify                         0x08003b31   Thumb Code    40  fpclassify.o(i.__ARM_fpclassify)
    _is_digit                                0x08003b59   Thumb Code    14  __printf_wp.o(i._is_digit)
    _get_lc_ctype                            0x08003b69   Thumb Code    44  lc_ctype_c.o(locale$$code)
    _get_lc_numeric                          0x08003b95   Thumb Code    44  lc_numeric_c.o(locale$$code)
    __fpl_dretinf                            0x08003bc1   Thumb Code    12  dretinf.o(x$fpl$dretinf)
    __aeabi_f2d                              0x08003bcd   Thumb Code     0  f2d.o(x$fpl$f2d)
    _f2d                                     0x08003bcd   Thumb Code    86  f2d.o(x$fpl$f2d)
    __aeabi_fadd                             0x08003c25   Thumb Code     0  faddsub_clz.o(x$fpl$fadd)
    _fadd                                    0x08003c25   Thumb Code   196  faddsub_clz.o(x$fpl$fadd)
    __aeabi_fcmpeq                           0x08003ce9   Thumb Code     0  fcmp.o(x$fpl$fcmp)
    _feq                                     0x08003ce9   Thumb Code    14  fcmp.o(x$fpl$fcmp)
    _fneq                                    0x08003cf7   Thumb Code    14  fcmp.o(x$fpl$fcmp)
    __aeabi_fcmpgt                           0x08003d05   Thumb Code     0  fcmp.o(x$fpl$fcmp)
    _fgr                                     0x08003d05   Thumb Code    14  fcmp.o(x$fpl$fcmp)
    __aeabi_fcmpge                           0x08003d13   Thumb Code     0  fcmp.o(x$fpl$fcmp)
    _fgeq                                    0x08003d13   Thumb Code    14  fcmp.o(x$fpl$fcmp)
    __aeabi_fcmple                           0x08003d21   Thumb Code     0  fcmp.o(x$fpl$fcmp)
    _fleq                                    0x08003d21   Thumb Code    14  fcmp.o(x$fpl$fcmp)
    __aeabi_fcmplt                           0x08003d2f   Thumb Code     0  fcmp.o(x$fpl$fcmp)
    _fls                                     0x08003d2f   Thumb Code    14  fcmp.o(x$fpl$fcmp)
    __fpl_fcmp_Inf                           0x08003d3d   Thumb Code    24  fcmpi.o(x$fpl$fcmpinf)
    __aeabi_fdiv                             0x08003d55   Thumb Code     0  fdiv.o(x$fpl$fdiv)
    _fdiv                                    0x08003d55   Thumb Code   384  fdiv.o(x$fpl$fdiv)
    __aeabi_cfcmpeq                          0x08003ed9   Thumb Code     0  feqf.o(x$fpl$feqf)
    _fcmpeq                                  0x08003ed9   Thumb Code   104  feqf.o(x$fpl$feqf)
    __aeabi_ui2f                             0x08003f41   Thumb Code     0  fflt_clz.o(x$fpl$ffltu)
    _ffltu                                   0x08003f41   Thumb Code    38  fflt_clz.o(x$fpl$ffltu)
    _fcmpge                                  0x08003f69   Thumb Code   104  fgeqf.o(x$fpl$fgeqf)
    __aeabi_cfcmple                          0x08003fd1   Thumb Code     0  fleqf.o(x$fpl$fleqf)
    _fcmple                                  0x08003fd1   Thumb Code   104  fleqf.o(x$fpl$fleqf)
    __fpl_fcmple_InfNaN                      0x08004023   Thumb Code     0  fleqf.o(x$fpl$fleqf)
    __aeabi_fmul                             0x08004039   Thumb Code     0  fmul.o(x$fpl$fmul)
    _fmul                                    0x08004039   Thumb Code   258  fmul.o(x$fpl$fmul)
    __fpl_fnaninf                            0x0800413b   Thumb Code   140  fnaninf.o(x$fpl$fnaninf)
    __fpl_fretinf                            0x080041c7   Thumb Code    10  fretinf.o(x$fpl$fretinf)
    __aeabi_fsub                             0x080041d1   Thumb Code     0  faddsub_clz.o(x$fpl$fsub)
    _fsub                                    0x080041d1   Thumb Code   234  faddsub_clz.o(x$fpl$fsub)
    _printf_fp_dec                           0x080042bb   Thumb Code     4  printf1.o(x$fpl$printf1)
    __I$use$fp                               0x080042be   Number         0  usenofp.o(x$fpl$usenofp)
    Region$$Table$$Base                      0x080045f4   Number         0  anon$$obj.o(Region$$Table)
    Region$$Table$$Limit                     0x08004614   Number         0  anon$$obj.o(Region$$Table)
    __ctype                                  0x08004621   Data           0  lc_ctype_c.o(locale$$data)
    SystemCoreClock                          0x20000000   Data           4  system_mdr32f9q2i.o(.data.SystemCoreClock)
    __libspace_start                         0x20000060   Data          96  libspace.o(.bss)
    __temporary_stack_top$libspace           0x200000c0   Data           0  libspace.o(.bss)
    USB_CurrentSetupPacket                   0x200000d8   Data           8  mdr32fxqi_usb_device.o(.bss.USB_CurrentSetupPacket)
    USB_DeviceContext                        0x200000e0   Data          12  mdr32fxqi_usb_device.o(.bss.USB_DeviceContext)
    USB_EPContext                            0x200000f0   Data         176  mdr32fxqi_usb_device.o(.bss.USB_EPContext)
    auto_temp_enabled                        0x200001a0   Data           1  main.o(.bss.auto_temp_enabled)
    last_auto_read                           0x200001a4   Data           4  main.o(.bss.last_auto_read)
    led1_enabled                             0x200001a8   Data           1  gpio.o(.bss.led1_enabled)
    led2_enabled                             0x200001a9   Data           1  gpio.o(.bss.led2_enabled)
    led3_enabled                             0x200001aa   Data           1  gpio.o(.bss.led3_enabled)
    led4_enabled                             0x200001ab   Data           1  gpio.o(.bss.led4_enabled)
    ms_ticks                                 0x200001ac   Data           4  system.o(.bss.ms_ticks)
    system_ready                             0x200001b0   Data           1  main.o(.bss.system_ready)
    usb_data_received                        0x200001b1   Data           1  usb.o(.bss.usb_data_received)



==============================================================================

Memory Map of the image

  Image Entry point : 0x080000c1

  Load Region LR_IROM1 (Base: 0x08000000, Size: 0x000047a0, Max: 0x00020000, ABSOLUTE)

    Execution Region ER_IROM1 (Exec base: 0x08000000, Load base: 0x08000000, Size: 0x00004740, Max: 0x00020000, ABSOLUTE)

    Exec Addr    Load Addr    Size         Type   Attr      Idx    E Section Name        Object

    0x08000000   0x08000000   0x000000c0   Data   RO          129    RESET               startup_mdr32f9q2i.o
    0x080000c0   0x080000c0   0x00000008   Code   RO          619  * !!!main             c_w.l(__main.o)
    0x080000c8   0x080000c8   0x0000005c   Code   RO          890    !!!scatter          c_w.l(__scatter.o)
    0x08000124   0x08000124   0x0000001a   Code   RO          894    !!handler_copy      c_w.l(__scatter_copy.o)
    0x0800013e   0x0800013e   0x00000002   PAD
    0x08000140   0x08000140   0x00000002   Code   RO          891    !!handler_null      c_w.l(__scatter.o)
    0x08000142   0x08000142   0x00000002   PAD
    0x08000144   0x08000144   0x0000001c   Code   RO          896    !!handler_zi        c_w.l(__scatter_zi.o)
    0x08000160   0x08000160   0x00000000   Code   RO          616    .ARM.Collect$$_printf_percent$$00000000  c_w.l(_printf_percent.o)
    0x08000160   0x08000160   0x00000006   Code   RO          615    .ARM.Collect$$_printf_percent$$00000003  c_w.l(_printf_f.o)
    0x08000166   0x08000166   0x00000006   Code   RO          614    .ARM.Collect$$_printf_percent$$00000014  c_w.l(_printf_s.o)
    0x0800016c   0x0800016c   0x00000004   Code   RO          658    .ARM.Collect$$_printf_percent$$00000017  c_w.l(_printf_percent_end.o)
    0x08000170   0x08000170   0x00000002   Code   RO          753    .ARM.Collect$$libinit$$00000000  c_w.l(libinit.o)
    0x08000172   0x08000172   0x00000000   Code   RO          755    .ARM.Collect$$libinit$$00000002  c_w.l(libinit2.o)
    0x08000172   0x08000172   0x00000000   Code   RO          757    .ARM.Collect$$libinit$$00000004  c_w.l(libinit2.o)
    0x08000172   0x08000172   0x00000000   Code   RO          759    .ARM.Collect$$libinit$$00000006  c_w.l(libinit2.o)
    0x08000172   0x08000172   0x00000000   Code   RO          762    .ARM.Collect$$libinit$$0000000C  c_w.l(libinit2.o)
    0x08000172   0x08000172   0x00000000   Code   RO          764    .ARM.Collect$$libinit$$0000000E  c_w.l(libinit2.o)
    0x08000172   0x08000172   0x00000000   Code   RO          766    .ARM.Collect$$libinit$$00000010  c_w.l(libinit2.o)
    0x08000172   0x08000172   0x00000006   Code   RO          767    .ARM.Collect$$libinit$$00000011  c_w.l(libinit2.o)
    0x08000178   0x08000178   0x00000000   Code   RO          769    .ARM.Collect$$libinit$$00000013  c_w.l(libinit2.o)
    0x08000178   0x08000178   0x0000000c   Code   RO          770    .ARM.Collect$$libinit$$00000014  c_w.l(libinit2.o)
    0x08000184   0x08000184   0x00000000   Code   RO          771    .ARM.Collect$$libinit$$00000015  c_w.l(libinit2.o)
    0x08000184   0x08000184   0x00000000   Code   RO          773    .ARM.Collect$$libinit$$00000017  c_w.l(libinit2.o)
    0x08000184   0x08000184   0x0000000a   Code   RO          774    .ARM.Collect$$libinit$$00000018  c_w.l(libinit2.o)
    0x0800018e   0x0800018e   0x00000000   Code   RO          775    .ARM.Collect$$libinit$$00000019  c_w.l(libinit2.o)
    0x0800018e   0x0800018e   0x00000000   Code   RO          777    .ARM.Collect$$libinit$$0000001B  c_w.l(libinit2.o)
    0x0800018e   0x0800018e   0x00000000   Code   RO          779    .ARM.Collect$$libinit$$0000001D  c_w.l(libinit2.o)
    0x0800018e   0x0800018e   0x00000000   Code   RO          781    .ARM.Collect$$libinit$$0000001F  c_w.l(libinit2.o)
    0x0800018e   0x0800018e   0x00000000   Code   RO          783    .ARM.Collect$$libinit$$00000021  c_w.l(libinit2.o)
    0x0800018e   0x0800018e   0x00000000   Code   RO          785    .ARM.Collect$$libinit$$00000023  c_w.l(libinit2.o)
    0x0800018e   0x0800018e   0x00000000   Code   RO          787    .ARM.Collect$$libinit$$00000025  c_w.l(libinit2.o)
    0x0800018e   0x0800018e   0x00000000   Code   RO          789    .ARM.Collect$$libinit$$00000027  c_w.l(libinit2.o)
    0x0800018e   0x0800018e   0x00000000   Code   RO          793    .ARM.Collect$$libinit$$0000002E  c_w.l(libinit2.o)
    0x0800018e   0x0800018e   0x00000000   Code   RO          795    .ARM.Collect$$libinit$$00000030  c_w.l(libinit2.o)
    0x0800018e   0x0800018e   0x00000000   Code   RO          797    .ARM.Collect$$libinit$$00000032  c_w.l(libinit2.o)
    0x0800018e   0x0800018e   0x00000000   Code   RO          799    .ARM.Collect$$libinit$$00000034  c_w.l(libinit2.o)
    0x0800018e   0x0800018e   0x00000002   Code   RO          800    .ARM.Collect$$libinit$$00000035  c_w.l(libinit2.o)
    0x08000190   0x08000190   0x00000002   Code   RO          836    .ARM.Collect$$libshutdown$$00000000  c_w.l(libshutdown.o)
    0x08000192   0x08000192   0x00000000   Code   RO          847    .ARM.Collect$$libshutdown$$00000002  c_w.l(libshutdown2.o)
    0x08000192   0x08000192   0x00000000   Code   RO          849    .ARM.Collect$$libshutdown$$00000004  c_w.l(libshutdown2.o)
    0x08000192   0x08000192   0x00000000   Code   RO          852    .ARM.Collect$$libshutdown$$00000007  c_w.l(libshutdown2.o)
    0x08000192   0x08000192   0x00000000   Code   RO          855    .ARM.Collect$$libshutdown$$0000000A  c_w.l(libshutdown2.o)
    0x08000192   0x08000192   0x00000000   Code   RO          857    .ARM.Collect$$libshutdown$$0000000C  c_w.l(libshutdown2.o)
    0x08000192   0x08000192   0x00000000   Code   RO          860    .ARM.Collect$$libshutdown$$0000000F  c_w.l(libshutdown2.o)
    0x08000192   0x08000192   0x00000002   Code   RO          861    .ARM.Collect$$libshutdown$$00000010  c_w.l(libshutdown2.o)
    0x08000194   0x08000194   0x00000000   Code   RO          645    .ARM.Collect$$rtentry$$00000000  c_w.l(__rtentry.o)
    0x08000194   0x08000194   0x00000000   Code   RO          673    .ARM.Collect$$rtentry$$00000002  c_w.l(__rtentry2.o)
    0x08000194   0x08000194   0x00000006   Code   RO          685    .ARM.Collect$$rtentry$$00000004  c_w.l(__rtentry4.o)
    0x0800019a   0x0800019a   0x00000000   Code   RO          675    .ARM.Collect$$rtentry$$00000009  c_w.l(__rtentry2.o)
    0x0800019a   0x0800019a   0x00000004   Code   RO          676    .ARM.Collect$$rtentry$$0000000A  c_w.l(__rtentry2.o)
    0x0800019e   0x0800019e   0x00000000   Code   RO          678    .ARM.Collect$$rtentry$$0000000C  c_w.l(__rtentry2.o)
    0x0800019e   0x0800019e   0x00000008   Code   RO          679    .ARM.Collect$$rtentry$$0000000D  c_w.l(__rtentry2.o)
    0x080001a6   0x080001a6   0x00000002   Code   RO          801    .ARM.Collect$$rtexit$$00000000  c_w.l(rtexit.o)
    0x080001a8   0x080001a8   0x00000000   Code   RO          810    .ARM.Collect$$rtexit$$00000002  c_w.l(rtexit2.o)
    0x080001a8   0x080001a8   0x00000004   Code   RO          811    .ARM.Collect$$rtexit$$00000003  c_w.l(rtexit2.o)
    0x080001ac   0x080001ac   0x00000006   Code   RO          812    .ARM.Collect$$rtexit$$00000004  c_w.l(rtexit2.o)
    0x080001b2   0x080001b2   0x00000002   PAD
    0x080001b4   0x080001b4   0x00000068   Code   RO          130    .text               startup_mdr32f9q2i.o
    0x0800021c   0x0800021c   0x0000001e   Code   RO          584    .text               c_w.l(toupper.o)
    0x0800023a   0x0800023a   0x00000002   PAD
    0x0800023c   0x0800023c   0x00000028   Code   RO          588    .text               c_w.l(noretval__2sprintf.o)
    0x08000264   0x08000264   0x00000052   Code   RO          592    .text               c_w.l(_printf_str.o)
    0x080002b6   0x080002b6   0x0000010e   Code   RO          602    .text               c_w.l(__printf_wp.o)
    0x080003c4   0x080003c4   0x00000006   Code   RO          617    .text               c_w.l(heapauxi.o)
    0x080003ca   0x080003ca   0x00000002   PAD
    0x080003cc   0x080003cc   0x00000010   Code   RO          646    .text               c_w.l(rt_ctype_table.o)
    0x080003dc   0x080003dc   0x0000041c   Code   RO          648    .text               c_w.l(_printf_fp_dec.o)
    0x080007f8   0x080007f8   0x00000030   Code   RO          652    .text               c_w.l(_printf_char_common.o)
    0x08000828   0x08000828   0x0000000a   Code   RO          654    .text               c_w.l(_sputc.o)
    0x08000832   0x08000832   0x0000002c   Code   RO          656    .text               c_w.l(_printf_char.o)
    0x0800085e   0x0800085e   0x00000002   PAD
    0x08000860   0x08000860   0x00000008   Code   RO          690    .text               c_w.l(rt_locale_intlibspace.o)
    0x08000868   0x08000868   0x0000008a   Code   RO          692    .text               c_w.l(lludiv10.o)
    0x080008f2   0x080008f2   0x00000002   PAD
    0x080008f4   0x080008f4   0x00000080   Code   RO          694    .text               c_w.l(_printf_fp_infnan.o)
    0x08000974   0x08000974   0x000000e4   Code   RO          698    .text               c_w.l(bigflt0.o)
    0x08000a58   0x08000a58   0x00000008   Code   RO          737    .text               c_w.l(libspace.o)
    0x08000a60   0x08000a60   0x0000004a   Code   RO          740    .text               c_w.l(sys_stackheap_outer.o)
    0x08000aaa   0x08000aaa   0x00000012   Code   RO          744    .text               c_w.l(exit.o)
    0x08000abc   0x08000abc   0x00000080   Code   RO          746    .text               c_w.l(strcmpv7m.o)
    0x08000b3c   0x08000b3c   0x0000000c   Code   RO          822    .text               c_w.l(sys_exit.o)
    0x08000b48   0x08000b48   0x00000002   Code   RO          837    .text               c_w.l(use_no_semi.o)
    0x08000b4a   0x08000b4a   0x00000000   Code   RO          839    .text               c_w.l(indicate_semi.o)
    0x08000b4a   0x08000b4a   0x00000002   PAD
    0x08000b4c   0x08000b4c   0x00000284   Code   RO           39    .text.MAX31865_Init  max31865.o
    0x08000dd0   0x08000dd0   0x000001d4   Code   RO           41    .text.MAX31865_ReadRTD  max31865.o
    0x08000fa4   0x08000fa4   0x000001b0   Code   RO           43    .text.MAX31865_ReadTemperature  max31865.o
    0x08001154   0x08001154   0x0000012a   Code   RO          152    .text.PORT_Init     mdr32fxqi_port.o
    0x0800127e   0x0800127e   0x00000002   PAD
    0x08001280   0x08001280   0x0000000a   Code   RO          162    .text.PORT_ResetBits  mdr32fxqi_port.o
    0x0800128a   0x0800128a   0x00000002   PAD
    0x0800128c   0x0800128c   0x00000008   Code   RO          160    .text.PORT_SetBits  mdr32fxqi_port.o
    0x08001294   0x08001294   0x00000014   Code   RO          154    .text.PORT_StructInit  mdr32fxqi_port.o
    0x080012a8   0x080012a8   0x00000014   Code   RO          210    .text.RST_CLK_CPUclkPrescaler  mdr32fxqi_rst_clk.o
    0x080012bc   0x080012bc   0x00000012   Code   RO          212    .text.RST_CLK_CPUclkSelection  mdr32fxqi_rst_clk.o
    0x080012ce   0x080012ce   0x00000002   PAD
    0x080012d0   0x080012d0   0x00000012   Code   RO          240    .text.RST_CLK_CPUclkSelectionC1  mdr32fxqi_rst_clk.o
    0x080012e2   0x080012e2   0x00000002   PAD
    0x080012e4   0x080012e4   0x000001c6   Code   RO          176    .text.RST_CLK_DeInit  mdr32fxqi_rst_clk.o
    0x080014aa   0x080014aa   0x00000002   PAD
    0x080014ac   0x080014ac   0x00000112   Code   RO          244    .text.RST_CLK_GetClocksFreq  mdr32fxqi_rst_clk.o
    0x080015be   0x080015be   0x00000002   PAD
    0x080015c0   0x080015c0   0x00000022   Code   RO          184    .text.RST_CLK_HSEconfig  mdr32fxqi_rst_clk.o
    0x080015e2   0x080015e2   0x00000002   PAD
    0x080015e4   0x080015e4   0x0000002c   Code   RO          186    .text.RST_CLK_HSEstatus  mdr32fxqi_rst_clk.o
    0x08001610   0x08001610   0x00000018   Code   RO          242    .text.RST_CLK_PCLKcmd  mdr32fxqi_rst_clk.o
    0x08001628   0x08001628   0x00000046   Code   RO          278    .text.SSP_BRGInit   mdr32fxqi_ssp.o
    0x0800166e   0x0800166e   0x00000002   PAD
    0x08001670   0x08001670   0x00000016   Code   RO          260    .text.SSP_Cmd       mdr32fxqi_ssp.o
    0x08001686   0x08001686   0x00000002   PAD
    0x08001688   0x08001688   0x00000012   Code   RO          254    .text.SSP_DeInit    mdr32fxqi_ssp.o
    0x0800169a   0x0800169a   0x00000002   PAD
    0x0800169c   0x0800169c   0x0000000a   Code   RO          276    .text.SSP_GetFlagStatus  mdr32fxqi_ssp.o
    0x080016a6   0x080016a6   0x00000002   PAD
    0x080016a8   0x080016a8   0x0000002a   Code   RO          256    .text.SSP_Init      mdr32fxqi_ssp.o
    0x080016d2   0x080016d2   0x00000002   PAD
    0x080016d4   0x080016d4   0x00000006   Code   RO          274    .text.SSP_ReceiveData  mdr32fxqi_ssp.o
    0x080016da   0x080016da   0x00000002   PAD
    0x080016dc   0x080016dc   0x00000004   Code   RO          272    .text.SSP_SendData  mdr32fxqi_ssp.o
    0x080016e0   0x080016e0   0x00000012   Code   RO          258    .text.SSP_StructInit  mdr32fxqi_ssp.o
    0x080016f2   0x080016f2   0x00000002   PAD
    0x080016f4   0x080016f4   0x00000010   Code   RO           54    .text.SysTick_Handler  system.o
    0x08001704   0x08001704   0x0000006c   Code   RO          137    .text.SystemCoreClockUpdate  system_mdr32f9q2i.o
    0x08001770   0x08001770   0x0000009c   Code   RO          139    .text.SystemInit    system_mdr32f9q2i.o
    0x0800180c   0x0800180c   0x00000048   Code   RO          320    .text.UART_BRGInit  mdr32fxqi_uart.o
    0x08001854   0x08001854   0x00000016   Code   RO          294    .text.UART_Cmd      mdr32fxqi_uart.o
    0x0800186a   0x0800186a   0x00000002   PAD
    0x0800186c   0x0800186c   0x00000082   Code   RO          290    .text.UART_Init     mdr32fxqi_uart.o
    0x080018ee   0x080018ee   0x00000002   PAD
    0x080018f0   0x080018f0   0x00000014   Code   RO          292    .text.UART_StructInit  mdr32fxqi_uart.o
    0x08001904   0x08001904   0x0000002a   Code   RO          330    .text.USB_BRGInit   mdr32fxqi_usb.o
    0x0800192e   0x0800192e   0x00000002   PAD
    0x08001930   0x08001930   0x00000096   Code   RO          476    .text.USB_CDC_ClassRequest  mdr32fxqi_usb_cdc.o
    0x080019c6   0x080019c6   0x00000002   PAD
    0x080019c8   0x080019c8   0x00000038   Code   RO          478    .text.USB_CDC_DoDataOut  mdr32fxqi_usb_cdc.o
    0x08001a00   0x08001a00   0x00000052   Code   RO          474    .text.USB_CDC_GetDescriptor  mdr32fxqi_usb_cdc.o
    0x08001a52   0x08001a52   0x00000002   PAD
    0x08001a54   0x08001a54   0x00000010   Code   RO          104    .text.USB_CDC_GetLineCoding  usb.o
    0x08001a64   0x08001a64   0x0000001e   Code   RO          458    .text.USB_CDC_Init  mdr32fxqi_usb_cdc.o
    0x08001a82   0x08001a82   0x00000002   PAD
    0x08001a84   0x08001a84   0x0000003c   Code   RO          464    .text.USB_CDC_OnDataReceive  mdr32fxqi_usb_cdc.o
    0x08001ac0   0x08001ac0   0x00000010   Code   RO          470    .text.USB_CDC_OnDataSent  mdr32fxqi_usb_cdc.o
    0x08001ad0   0x08001ad0   0x00000012   Code   RO          102    .text.USB_CDC_RecieveData  usb.o
    0x08001ae2   0x08001ae2   0x00000002   PAD
    0x08001ae4   0x08001ae4   0x00000050   Code   RO          472    .text.USB_CDC_Reset  mdr32fxqi_usb_cdc.o
    0x08001b34   0x08001b34   0x00000034   Code   RO          468    .text.USB_CDC_SendData  mdr32fxqi_usb_cdc.o
    0x08001b68   0x08001b68   0x00000004   Code   RO          106    .text.USB_CDC_SetLineCoding  usb.o
    0x08001b6c   0x08001b6c   0x00000056   Code   RO          534    .text.USB_DeviceClearFeature  mdr32fxqi_usb_device.o
    0x08001bc2   0x08001bc2   0x00000002   PAD
    0x08001bc4   0x08001bc4   0x0000003e   Code   RO          532    .text.USB_DeviceDoStatusOutAck  mdr32fxqi_usb_device.o
    0x08001c02   0x08001c02   0x00000002   PAD
    0x08001c04   0x08001c04   0x00000094   Code   RO          518    .text.USB_DeviceInit  mdr32fxqi_usb_device.o
    0x08001c98   0x08001c98   0x00000018   Code   RO          522    .text.USB_DevicePowerOn  mdr32fxqi_usb_device.o
    0x08001cb0   0x08001cb0   0x00000010   Code   RO          526    .text.USB_DeviceReset  mdr32fxqi_usb_device.o
    0x08001cc0   0x08001cc0   0x0000004a   Code   RO          536    .text.USB_DeviceSetFeature  mdr32fxqi_usb_device.o
    0x08001d0a   0x08001d0a   0x00000002   PAD
    0x08001d0c   0x08001d0c   0x000002ae   Code   RO          520    .text.USB_DeviceSetupPacket  mdr32fxqi_usb_device.o
    0x08001fba   0x08001fba   0x00000002   PAD
    0x08001fbc   0x08001fbc   0x00000022   Code   RO          538    .text.USB_Device_setAddressWork  mdr32fxqi_usb_device.o
    0x08001fde   0x08001fde   0x00000002   PAD
    0x08001fe0   0x08001fe0   0x00000038   Code   RO          500    .text.USB_EP_Init   mdr32fxqi_usb_device.o
    0x08002018   0x08002018   0x00000388   Code   RO          516    .text.USB_EP_dispatchEvent  mdr32fxqi_usb_device.o
    0x080023a0   0x080023a0   0x0000003e   Code   RO          508    .text.USB_EP_doDataIn  mdr32fxqi_usb_device.o
    0x080023de   0x080023de   0x00000002   PAD
    0x080023e0   0x080023e0   0x00000042   Code   RO          512    .text.USB_EP_doDataOut  mdr32fxqi_usb_device.o
    0x08002422   0x08002422   0x00000002   PAD
    0x08002424   0x08002424   0x0000007c   Code   RO          510    .text.USB_EP_sendInDataPortion  mdr32fxqi_usb_device.o
    0x080024a0   0x080024a0   0x0000000e   Code   RO          402    .text.USB_GetSEPxCTRL  mdr32fxqi_usb.o
    0x080024ae   0x080024ae   0x00000002   PAD
    0x080024b0   0x080024b0   0x0000000e   Code   RO          432    .text.USB_GetSEPxRXFD  mdr32fxqi_usb.o
    0x080024be   0x080024be   0x00000002   PAD
    0x080024c0   0x080024c0   0x0000000e   Code   RO          434    .text.USB_GetSEPxRXFDC  mdr32fxqi_usb.o
    0x080024ce   0x080024ce   0x00000002   PAD
    0x080024d0   0x080024d0   0x0000000e   Code   RO          406    .text.USB_GetSEPxSTS  mdr32fxqi_usb.o
    0x080024de   0x080024de   0x00000002   PAD
    0x080024e0   0x080024e0   0x0000000e   Code   RO          408    .text.USB_GetSEPxTS  mdr32fxqi_usb.o
    0x080024ee   0x080024ee   0x00000002   PAD
    0x080024f0   0x080024f0   0x0000000c   Code   RO          418    .text.USB_GetSIS    mdr32fxqi_usb.o
    0x080024fc   0x080024fc   0x00000072   Code   RO          544    .text.USB_IRQHandler  mdr32fxqi_usb_device.o
    0x0800256e   0x0800256e   0x00000002   PAD
    0x08002570   0x08002570   0x0000001a   Code   RO          332    .text.USB_Reset     mdr32fxqi_usb.o
    0x0800258a   0x0800258a   0x00000002   PAD
    0x0800258c   0x0800258c   0x00000014   Code   RO          448    .text.USB_SEPxToggleEPDATASEQ  mdr32fxqi_usb.o
    0x080025a0   0x080025a0   0x00000016   Code   RO          334    .text.USB_SetHSCR   mdr32fxqi_usb.o
    0x080025b6   0x080025b6   0x00000002   PAD
    0x080025b8   0x080025b8   0x0000000c   Code   RO          428    .text.USB_SetSA     mdr32fxqi_usb.o
    0x080025c4   0x080025c4   0x00000016   Code   RO          414    .text.USB_SetSC     mdr32fxqi_usb.o
    0x080025da   0x080025da   0x00000002   PAD
    0x080025dc   0x080025dc   0x0000001c   Code   RO          404    .text.USB_SetSEPxCTRL  mdr32fxqi_usb.o
    0x080025f8   0x080025f8   0x0000000e   Code   RO          438    .text.USB_SetSEPxRXFC  mdr32fxqi_usb.o
    0x08002606   0x08002606   0x00000002   PAD
    0x08002608   0x08002608   0x0000000e   Code   RO          442    .text.USB_SetSEPxTXFD  mdr32fxqi_usb.o
    0x08002616   0x08002616   0x00000002   PAD
    0x08002618   0x08002618   0x0000000e   Code   RO          446    .text.USB_SetSEPxTXFDC  mdr32fxqi_usb.o
    0x08002626   0x08002626   0x00000002   PAD
    0x08002628   0x08002628   0x00000016   Code   RO          424    .text.USB_SetSIM    mdr32fxqi_usb.o
    0x0800263e   0x0800263e   0x00000002   PAD
    0x08002640   0x08002640   0x0000000c   Code   RO          420    .text.USB_SetSIS    mdr32fxqi_usb.o
    0x0800264c   0x0800264c   0x0000002e   Code   RO            8    .text.connect_animation  gpio.o
    0x0800267a   0x0800267a   0x00000002   PAD
    0x0800267c   0x0800267c   0x00000016   Code   RO           58    .text.delay_ms      system.o
    0x08002692   0x08002692   0x00000002   PAD
    0x08002694   0x08002694   0x00000072   Code   RO           56    .text.init_CPU      system.o
    0x08002706   0x08002706   0x00000002   PAD
    0x08002708   0x08002708   0x0000003e   Code   RO            2    .text.init_GPIO     gpio.o
    0x08002746   0x08002746   0x00000002   PAD
    0x08002748   0x08002748   0x00000074   Code   RO           80    .text.init_UART     uart.o
    0x080027bc   0x080027bc   0x00000074   Code   RO          100    .text.init_USB      usb.o
    0x08002830   0x08002830   0x00000440   Code   RO           22    .text.main          main.o
    0x08002c70   0x08002c70   0x00000340   Code   RO           86    .text.process_immediate_command  uart.o
    0x08002fb0   0x08002fb0   0x0000002c   Code   RO           68    .text.send_all      system.o
    0x08002fdc   0x08002fdc   0x0000006a   Code   RO           64    .text.send_decimal  system.o
    0x08003046   0x08003046   0x00000002   PAD
    0x08003048   0x08003048   0x0000003c   Code   RO           66    .text.send_hex      system.o
    0x08003084   0x08003084   0x0000002c   Code   RO           62    .text.send_string   system.o
    0x080030b0   0x080030b0   0x00000056   Code   RO          108    .text.send_usb_char  usb.o
    0x08003106   0x08003106   0x00000002   PAD
    0x08003108   0x08003108   0x000000b4   Code   RO          114    .text.send_usb_hex  usb.o
    0x080031bc   0x080031bc   0x00000038   Code   RO            6    .text.set_led_state  gpio.o
    0x080031f4   0x080031f4   0x000000fc   Code   RO           82    .text.show_menu     uart.o
    0x080032f0   0x080032f0   0x00000064   Code   RO            4    .text.startup_animation  gpio.o
    0x08003354   0x08003354   0x0000004a   Code   RO           98    .text.usb_flush     usb.o
    0x0800339e   0x0800339e   0x0000003e   Code   RO          701    CL$$btod_d2e        c_w.l(btod.o)
    0x080033dc   0x080033dc   0x00000046   Code   RO          703    CL$$btod_d2e_denorm_low  c_w.l(btod.o)
    0x08003422   0x08003422   0x00000060   Code   RO          702    CL$$btod_d2e_norm_op1  c_w.l(btod.o)
    0x08003482   0x08003482   0x00000002   PAD
    0x08003484   0x08003484   0x00000338   Code   RO          711    CL$$btod_div_common  c_w.l(btod.o)
    0x080037bc   0x080037bc   0x000000dc   Code   RO          708    CL$$btod_e2e        c_w.l(btod.o)
    0x08003898   0x08003898   0x0000002a   Code   RO          705    CL$$btod_ediv       c_w.l(btod.o)
    0x080038c2   0x080038c2   0x0000002a   Code   RO          704    CL$$btod_emul       c_w.l(btod.o)
    0x080038ec   0x080038ec   0x00000244   Code   RO          710    CL$$btod_mult_common  c_w.l(btod.o)
    0x08003b30   0x08003b30   0x00000028   Code   RO          735    i.__ARM_fpclassify  m_ws.l(fpclassify.o)
    0x08003b58   0x08003b58   0x0000000e   Code   RO          604    i._is_digit         c_w.l(__printf_wp.o)
    0x08003b66   0x08003b66   0x00000002   PAD
    0x08003b68   0x08003b68   0x0000002c   Code   RO          726    locale$$code        c_w.l(lc_ctype_c.o)
    0x08003b94   0x08003b94   0x0000002c   Code   RO          729    locale$$code        c_w.l(lc_numeric_c.o)
    0x08003bc0   0x08003bc0   0x0000000c   Code   RO          659    x$fpl$dretinf       fz_ws.l(dretinf.o)
    0x08003bcc   0x08003bcc   0x00000056   Code   RO          621    x$fpl$f2d           fz_ws.l(f2d.o)
    0x08003c22   0x08003c22   0x00000002   PAD
    0x08003c24   0x08003c24   0x000000c4   Code   RO          623    x$fpl$fadd          fz_ws.l(faddsub_clz.o)
    0x08003ce8   0x08003ce8   0x00000054   Code   RO          629    x$fpl$fcmp          fz_ws.l(fcmp.o)
    0x08003d3c   0x08003d3c   0x00000018   Code   RO          731    x$fpl$fcmpinf       fz_ws.l(fcmpi.o)
    0x08003d54   0x08003d54   0x00000184   Code   RO          632    x$fpl$fdiv          fz_ws.l(fdiv.o)
    0x08003ed8   0x08003ed8   0x00000068   Code   RO          661    x$fpl$feqf          fz_ws.l(feqf.o)
    0x08003f40   0x08003f40   0x00000026   Code   RO          635    x$fpl$ffltu         fz_ws.l(fflt_clz.o)
    0x08003f66   0x08003f66   0x00000002   PAD
    0x08003f68   0x08003f68   0x00000068   Code   RO          663    x$fpl$fgeqf         fz_ws.l(fgeqf.o)
    0x08003fd0   0x08003fd0   0x00000068   Code   RO          665    x$fpl$fleqf         fz_ws.l(fleqf.o)
    0x08004038   0x08004038   0x00000102   Code   RO          641    x$fpl$fmul          fz_ws.l(fmul.o)
    0x0800413a   0x0800413a   0x0000008c   Code   RO          667    x$fpl$fnaninf       fz_ws.l(fnaninf.o)
    0x080041c6   0x080041c6   0x0000000a   Code   RO          669    x$fpl$fretinf       fz_ws.l(fretinf.o)
    0x080041d0   0x080041d0   0x000000ea   Code   RO          625    x$fpl$fsub          fz_ws.l(faddsub_clz.o)
    0x080042ba   0x080042ba   0x00000004   Code   RO          643    x$fpl$printf1       fz_ws.l(printf1.o)
    0x080042be   0x080042be   0x00000000   Code   RO          671    x$fpl$usenofp       fz_ws.l(usenofp.o)
    0x080042be   0x080042be   0x00000002   PAD
    0x080042c0   0x080042c0   0x00000094   Data   RO          699    .constdata          c_w.l(bigflt0.o)
    0x08004354   0x08004354   0x00000087   Data   RO           28    .rodata.str1.1      main.o
    0x080043db   0x080043db   0x00000036   Data   RO           45    .rodata.str1.1      max31865.o
    0x08004411   0x08004411   0x00000011   Data   RO           71    .rodata.str1.1      system.o
    0x08004422   0x08004422   0x000001a2   Data   RO           88    .rodata.str1.1      uart.o
    0x080045c4   0x080045c4   0x0000002d   Data   RO           29    .rodata.str1.4      main.o
    0x080045f1   0x080045f1   0x00000003   PAD
    0x080045f4   0x080045f4   0x00000020   Data   RO          889    Region$$Table       anon$$obj.o
    0x08004614   0x08004614   0x00000110   Data   RO          725    locale$$data        c_w.l(lc_ctype_c.o)
    0x08004724   0x08004724   0x0000001c   Data   RO          728    locale$$data        c_w.l(lc_numeric_c.o)


    Execution Region RW_IRAM1 (Exec base: 0x20000000, Load base: 0x08004740, Size: 0x00000838, Max: 0x00008000, ABSOLUTE)

    Exec Addr    Load Addr    Size         Type   Attr      Idx    E Section Name        Object

    0x20000000   0x08004740   0x00000004   Data   RW          141    .data.SystemCoreClock  system_mdr32f9q2i.o
    0x20000004   0x08004744   0x00000043   Data   RW          490    .data.Usb_CDC_Configuration_Descriptor  mdr32fxqi_usb_cdc.o
    0x20000047   0x08004787   0x00000012   Data   RW          489    .data.Usb_CDC_Device_Descriptor  mdr32fxqi_usb_cdc.o
    0x20000059   0x08004799   0x00000007   PAD
    0x20000060        -       0x00000060   Zero   RW          738    .bss                c_w.l(libspace.o)
    0x200000c0        -       0x00000008   Zero   RW          491    .bss.CDC_ClassPacketData  mdr32fxqi_usb_cdc.o
    0x200000c8        -       0x00000002   Zero   RW          573    .bss.SetupPacketData  mdr32fxqi_usb_device.o
    0x200000ca   0x08004799   0x00000002   PAD
    0x200000cc        -       0x0000000c   Zero   RW          488    .bss.USB_CDCContext  mdr32fxqi_usb_cdc.o
    0x200000d8        -       0x00000008   Zero   RW          571    .bss.USB_CurrentSetupPacket  mdr32fxqi_usb_device.o
    0x200000e0        -       0x0000000c   Zero   RW          572    .bss.USB_DeviceContext  mdr32fxqi_usb_device.o
    0x200000ec        -       0x00000004   Zero   RW          574    .bss.USB_DeviceDispatchEvent.bHandling  mdr32fxqi_usb_device.o
    0x200000f0        -       0x000000b0   Zero   RW          570    .bss.USB_EPContext  mdr32fxqi_usb_device.o
    0x200001a0        -       0x00000001   Zero   RW           25    .bss.auto_temp_enabled  main.o
    0x200001a1   0x08004799   0x00000003   PAD
    0x200001a4        -       0x00000004   Zero   RW           26    .bss.last_auto_read  main.o
    0x200001a8        -       0x00000001   Zero   RW           10    .bss.led1_enabled   gpio.o
    0x200001a9        -       0x00000001   Zero   RW           11    .bss.led2_enabled   gpio.o
    0x200001aa        -       0x00000001   Zero   RW           12    .bss.led3_enabled   gpio.o
    0x200001ab        -       0x00000001   Zero   RW           13    .bss.led4_enabled   gpio.o
    0x200001ac        -       0x00000004   Zero   RW           70    .bss.ms_ticks       system.o
    0x200001b0        -       0x00000001   Zero   RW           24    .bss.system_ready   main.o
    0x200001b1        -       0x00000001   Zero   RW          116    .bss.usb_data_received  usb.o
    0x200001b2        -       0x00000040   Zero   RW           27    .bss.usb_rx_buffer  main.o
    0x200001f2        -       0x00000040   Zero   RW          118    .bss.usb_tx_buffer  usb.o
    0x20000232        -       0x00000001   Zero   RW          117    .bss.usb_tx_count   usb.o
    0x20000233   0x08004799   0x00000005   PAD
    0x20000238        -       0x00000200   Zero   RW          128    HEAP                startup_mdr32f9q2i.o
    0x20000438        -       0x00000400   Zero   RW          127    STACK               startup_mdr32f9q2i.o


==============================================================================

Image component sizes


      Code (inc. data)   RO Data    RW Data    ZI Data      Debug   Object Name

       264         16          0          0          4       3569   gpio.o
      1088        144        180          0         70       5716   main.o
      1544        144         54          0          0       7408   max31865.o
       336          0          0          0          0       5479   mdr32fxqi_port.o
       886         76          0          0          0      15325   mdr32fxqi_rst_clk.o
       190          0          0          0          0       5784   mdr32fxqi_ssp.o
       244          0          0          0          0       8022   mdr32fxqi_uart.o
       330          0          0          0          0      11350   mdr32fxqi_usb.o
       526          0          0         85         20       6984   mdr32fxqi_usb_cdc.o
      2456         42          0          0        202      21781   mdr32fxqi_usb_device.o
       104         26        192          0       1536       1700   startup_mdr32f9q2i.o
       406          0         17          0          4       6058   system.o
       264          8          0          4          0       2625   system_mdr32f9q2i.o
      1200        364        418          0          0       5558   uart.o
       494          0          0          0         66       6953   usb.o

    ----------------------------------------------------------------------
     10426        820        896         92       1916     114312   Object Totals
         0          0         32          0          0          0   (incl. Generated)
        94          0          3          3         14          0   (incl. Padding)

    ----------------------------------------------------------------------

      Code (inc. data)   RO Data    RW Data    ZI Data      Debug   Library Member Name

         8          0          0          0          0         68   __main.o
       284          0          0          0          0        156   __printf_wp.o
         0          0          0          0          0          0   __rtentry.o
        12          0          0          0          0          0   __rtentry2.o
         6          0          0          0          0          0   __rtentry4.o
        94          8          0          0          0          0   __scatter.o
        26          0          0          0          0          0   __scatter_copy.o
        28          0          0          0          0          0   __scatter_zi.o
        44          0          0          0          0        108   _printf_char.o
        48          6          0          0          0         96   _printf_char_common.o
         6          0          0          0          0          0   _printf_f.o
      1052          0          0          0          0        148   _printf_fp_dec.o
       128         16          0          0          0         84   _printf_fp_infnan.o
         0          0          0          0          0          0   _printf_percent.o
         4          0          0          0          0          0   _printf_percent_end.o
         6          0          0          0          0          0   _printf_s.o
        82          0          0          0          0         80   _printf_str.o
        10          0          0          0          0         68   _sputc.o
       228          4        148          0          0         96   bigflt0.o
      1936        128          0          0          0        668   btod.o
        18          0          0          0          0         80   exit.o
         6          0          0          0          0        152   heapauxi.o
         0          0          0          0          0          0   indicate_semi.o
        44         10        272          0          0         76   lc_ctype_c.o
        44         10         28          0          0         76   lc_numeric_c.o
         2          0          0          0          0          0   libinit.o
        30          0          0          0          0          0   libinit2.o
         2          0          0          0          0          0   libshutdown.o
         2          0          0          0          0          0   libshutdown2.o
         8          4          0          0         96         68   libspace.o
       138          0          0          0          0         80   lludiv10.o
        40          6          0          0          0         84   noretval__2sprintf.o
        16          4          0          0          0         76   rt_ctype_table.o
         8          4          0          0          0         68   rt_locale_intlibspace.o
         2          0          0          0          0          0   rtexit.o
        10          0          0          0          0          0   rtexit2.o
       128          0          0          0          0         68   strcmpv7m.o
        12          4          0          0          0         68   sys_exit.o
        74          0          0          0          0         80   sys_stackheap_outer.o
        30          0          0          0          0         76   toupper.o
         2          0          0          0          0         68   use_no_semi.o
        12          0          0          0          0         68   dretinf.o
        86          4          0          0          0         84   f2d.o
       430          8          0          0          0        168   faddsub_clz.o
        84          0          0          0          0        196   fcmp.o
        24          0          0          0          0         68   fcmpi.o
       388         76          0          0          0         96   fdiv.o
       104          4          0          0          0         84   feqf.o
        38          0          0          0          0         68   fflt_clz.o
       104          4          0          0          0         84   fgeqf.o
       104          4          0          0          0         84   fleqf.o
       258          4          0          0          0         84   fmul.o
       140          4          0          0          0         84   fnaninf.o
        10          0          0          0          0         68   fretinf.o
         4          0          0          0          0         68   printf1.o
         0          0          0          0          0          0   usenofp.o
        40          0          0          0          0         68   fpclassify.o

    ----------------------------------------------------------------------
      6470        312        448          0         96       4064   Library Totals
        26          0          0          0          0          0   (incl. Padding)

    ----------------------------------------------------------------------

      Code (inc. data)   RO Data    RW Data    ZI Data      Debug   Library Name

      4618        204        448          0         96       2692   c_w.l
      1786        108          0          0          0       1304   fz_ws.l
        40          0          0          0          0         68   m_ws.l

    ----------------------------------------------------------------------
      6470        312        448          0         96       4064   Library Totals

    ----------------------------------------------------------------------

==============================================================================


      Code (inc. data)   RO Data    RW Data    ZI Data      Debug   

     16896       1132       1344         92       2012     115944   Grand Totals
     16896       1132       1344         92       2012     115944   ELF Image Totals
     16896       1132       1344         92          0          0   ROM Totals

==============================================================================

    Total RO  Size (Code + RO Data)                18240 (  17.81kB)
    Total RW  Size (RW Data + ZI Data)              2104 (   2.05kB)
    Total ROM Size (Code + RO Data + RW Data)      18332 (  17.90kB)

==============================================================================

