<html>
<body>
<pre>
<h1>µVision Build Log</h1>
<h2>Tool Versions:</h2>
IDE-Version: µVision V5.43.1.0
Copyright (C) 2025 ARM Ltd and ARM Germany GmbH. All rights reserved.
License Information: Alex Pod, Nii, LIC=MPPLD-808GJ-018P1-CWU68-HXERS-YXUYN
 
Tool Versions:
Toolchain:       MDK-ARM Plus  Version: 5.43.0.0
Toolchain Path:  C:\Keil_v5\ARM\ARMCLANG\Bin
C Compiler:      ArmClang.exe V6.24
Assembler:       Armasm.exe V6.24
Linker/Locator:  ArmLink.exe V6.24
Library Manager: ArmAr.exe V6.24
Hex Converter:   FromElf.exe V6.24
CPU DLL:         SARMCM3.DLL V5.43.0.0
Dialog DLL:      DCM.DLL V1.17.5.0
Target DLL:      UL2CM3.DLL V1.164.16.0
Dialog DLL:      TCM.DLL V1.56.6.0
 
<h2>Project:</h2>
D:\Milandr_Keil_Projects\016_MilandrUART_USB\016_MilandrUART_USB.uvprojx
Project File Date:  05/16/2026

<h2>Output:</h2>
*** Using Compiler 'V6.24', folder: 'C:\Keil_v5\ARM\ARMCLANG\Bin'
Build target 'Target_1'
compiling uart.c...
compiling main.c...
compiling system_MDR32F9Q2I.c...
compiling system.c...
compiling gpio.c...
compiling MDR32FxQI_ssp.c...
compiling MDR32FxQI_port.c...
compiling MDR32FxQI_uart.c...
compiling max31865.c...
compiling usb.c...
compiling MDR32FxQI_rst_clk.c...
compiling MDR32FxQI_usb_CDC.c...
compiling MDR32FxQI_usb.c...
compiling MDR32FxQI_usb_device.c...
linking...
Program Size: Code=16896 RO-data=1344 RW-data=92 ZI-data=2012  
FromELF: creating hex file...
".\outputs\016_MilandrUART_USB.axf" - 0 Error(s), 0 Warning(s).

<h2>Software Packages used:</h2>

Package Vendor: ARM
                https://www.keil.com/pack/ARM.CMSIS.6.3.0.pack
                ARM::CMSIS@6.3.0
                CMSIS (Common Microcontroller Software Interface Standard)
   * Component: CORE Version: 6.2.0

Package Vendor: Milandr
                
                Milandr::MDR32FxQI@1.3.2
                Milandr MDR32FxQI Series Device Support, Drivers and Examples
   * Component: Startup Version: 2.2.0i
   * Component: PORT Version: 2.2.0i
   * Component: RST_CLK Version: 2.2.0i
   * Component: SSP Version: 2.2.0i
   * Component: UART Version: 2.2.0i
   * Component: USB Library Version: 2.1.0i
   * Component: USB Version: 2.1.0i

<h2>Collection of Component include folders:</h2>
  ./RTE/Device/MDR32F9Q2I
  ./RTE/_Target_1
  C:/KeilPack/ARM/CMSIS/6.3.0/CMSIS/Core/Include
  C:/KeilPack/Milandr/MDR32FxQI/1.3.2/Libraries/CMSIS/MDR32FxQI/CoreSupport/CM3
  C:/KeilPack/Milandr/MDR32FxQI/1.3.2/Libraries/CMSIS/MDR32FxQI/DeviceSupport/MDR32F9Q2I/inc
  C:/KeilPack/Milandr/MDR32FxQI/1.3.2/Libraries/SPL/MDR32FxQI/inc
  C:/KeilPack/Milandr/MDR32FxQI/1.3.2/Libraries/SPL/MDR32FxQI/inc/USB_Library

<h2>Collection of Component Files used:</h2>

   * Component: ARM::CMSIS:CORE@6.2.0

   * Component: Milandr::Device:Startup@2.2.0i
      Source file:   Libraries/CMSIS/MDR32FxQI/DeviceSupport/MDR32F9Q2I/startup/arm/startup_MDR32F9Q2I.S
      Source file:   Libraries/CMSIS/MDR32FxQI/DeviceSupport/MDR32F9Q2I/startup/system_MDR32F9Q2I.c
      Include file:  Libraries/CMSIS/MDR32FxQI/DeviceSupport/MDR32F9Q2I/startup/system_MDR32F9Q2I.h
      Include file:  Libraries/CMSIS/MDR32FxQI/DeviceSupport/MDR32F9Q2I/inc/MDR32F9Q2I.h
      Include file:  Libraries/CMSIS/MDR32FxQI/CoreSupport/CM3/core_cm3.h
      Source file:   Libraries/SPL/MDR32FxQI/src/IRQ_Handler_Template/MDR32F9Q2I_IT.c
      Include file:  Libraries/SPL/MDR32FxQI/inc/IRQ_Handler_Template/MDR32F9Q2I_IT.h
      Include file:  Libraries/SPL/MDR32FxQI/MDR32FxQI_config.h

   * Component: Milandr::Drivers:PORT@2.2.0i
      Include file:  Libraries/SPL/MDR32FxQI/inc/MDR32FxQI_port.h
      Source file:   Libraries/SPL/MDR32FxQI/src/MDR32FxQI_port.c

   * Component: Milandr::Drivers:RST_CLK@2.2.0i
      Source file:   Libraries/SPL/MDR32FxQI/src/MDR32FxQI_rst_clk.c
      Include file:  Libraries/SPL/MDR32FxQI/inc/MDR32FxQI_rst_clk.h

   * Component: Milandr::Drivers:SSP@2.2.0i
      Source file:   Libraries/SPL/MDR32FxQI/src/MDR32FxQI_ssp.c
      Include file:  Libraries/SPL/MDR32FxQI/inc/MDR32FxQI_ssp.h

   * Component: Milandr::Drivers:UART@2.2.0i
      Include file:  Libraries/SPL/MDR32FxQI/inc/MDR32FxQI_uart.h
      Source file:   Libraries/SPL/MDR32FxQI/src/MDR32FxQI_uart.c

   * Component: Milandr::Drivers:USB Library@2.1.0i
      Include file:  Libraries/SPL/MDR32FxQI/inc/USB_Library/MDR32FxQI_usb_CDC.h
      Source file:   Libraries/SPL/MDR32FxQI/src/USB_Library/MDR32FxQI_usb_CDC.c
      Include file:  Libraries/SPL/MDR32FxQI/inc/USB_Library/MDR32FxQI_usb_device.h
      Source file:   Libraries/SPL/MDR32FxQI/src/USB_Library/MDR32FxQI_usb_device.c

   * Component: Milandr::Drivers:USB@2.1.0i
      Source file:   Libraries/SPL/MDR32FxQI/src/MDR32FxQI_usb.c
      Include file:  Libraries/SPL/MDR32FxQI/inc/MDR32FxQI_usb.h
Build Time Elapsed:  00:00:01
</pre>
</body>
</html>
